---
http_interactions:
- request:
    method: head
    uri: http://localhost:8983/fedora/rest/anno/solr_integration_specs
    body:
      encoding: US-ASCII
      string: ''
    headers:
      User-Agent:
      - Faraday v0.9.1
      Accept:
      - "*/*"
  response:
    status:
      code: 200
      message: OK
    headers:
      Etag:
      - '"f13ea0b22eee8cccc15a7a265f7e84bd7532497a"'
      Last-Modified:
      - Fri, 19 Jun 2015 22:45:56 GMT
      Link:
      - <http://www.w3.org/ns/ldp#BasicContainer>;rel="type"
      - <http://www.w3.org/ns/ldp#Container>;rel="type"
      - <http://www.w3.org/ns/ldp#Resource>;rel="type"
      Accept-Patch:
      - application/sparql-update
      Accept-Post:
      - text/turtle,text/rdf+n3,text/n3,application/rdf+xml,application/n-triples,multipart/form-data,application/sparql-update
      Allow:
      - MOVE,COPY,DELETE,POST,HEAD,GET,PUT,PATCH,OPTIONS
      Content-Type:
      - text/tab-separated-values
      Content-Length:
      - '0'
    body:
      encoding: UTF-8
      string: ''
    http_version: 
  recorded_at: Fri, 19 Jun 2015 22:45:58 GMT
- request:
    method: post
    uri: http://localhost:8983/fedora/rest/anno/solr_integration_specs
    body:
      encoding: UTF-8
      string: |
        @prefix ldp: <http://www.w3.org/ns/ldp#> .
        @prefix oa: <http://www.w3.org/ns/oa#> .
        @prefix rdf: <http://www.w3.org/1999/02/22-rdf-syntax-ns#> .

        <> a oa:Annotation,
             ldp:BasicContainer;
           oa:motivatedBy oa:commenting .
    headers:
      User-Agent:
      - Faraday v0.9.1
      Prefer:
      - return=respresentation; omit="http://fedora.info/definitions/v4/repository#ServerManaged"
      Content-Type:
      - application/x-turtle
      Accept-Encoding:
      - gzip;q=1.0,deflate;q=0.6,identity;q=0.3
      Accept:
      - "*/*"
  response:
    status:
      code: 201
      message: Created
    headers:
      Etag:
      - '"2556d47855ec01907654a9044c4ab71cfbd28d9f"'
      Last-Modified:
      - Fri, 19 Jun 2015 22:45:58 GMT
      Content-Length:
      - '110'
      Location:
      - http://localhost:8983/fedora/rest/anno/solr_integration_specs/33/86/f1/ee/3386f1ee-c7ac-4101-bacf-8e675b878af1
      Content-Type:
      - text/plain
    body:
      encoding: UTF-8
      string: http://localhost:8983/fedora/rest/anno/solr_integration_specs/33/86/f1/ee/3386f1ee-c7ac-4101-bacf-8e675b878af1
    http_version: 
  recorded_at: Fri, 19 Jun 2015 22:45:58 GMT
- request:
    method: post
    uri: http://localhost:8983/fedora/rest/anno/solr_integration_specs/33/86/f1/ee/3386f1ee-c7ac-4101-bacf-8e675b878af1
    body:
      encoding: UTF-8
      string: |
        @prefix ldp: <http://www.w3.org/ns/ldp#> .
        @prefix oa: <http://www.w3.org/ns/oa#> .
        @prefix rdf: <http://www.w3.org/1999/02/22-rdf-syntax-ns#> .

        <> a ldp:DirectContainer;
           ldp:hasMemberRelation oa:hasBody;
           ldp:membershipResource <http://localhost:8983/fedora/rest/anno/solr_integration_specs/33/86/f1/ee/3386f1ee-c7ac-4101-bacf-8e675b878af1> .
    headers:
      User-Agent:
      - Faraday v0.9.1
      Prefer:
      - return=respresentation; omit="http://fedora.info/definitions/v4/repository#ServerManaged"
      Content-Type:
      - application/x-turtle
      Slug:
      - b
      Accept-Encoding:
      - gzip;q=1.0,deflate;q=0.6,identity;q=0.3
      Accept:
      - "*/*"
  response:
    status:
      code: 201
      message: Created
    headers:
      Etag:
      - '"09f52534189de506bd78c37c599e5259db1e8ebb"'
      Last-Modified:
      - Fri, 19 Jun 2015 22:45:58 GMT
      Content-Length:
      - '112'
      Location:
      - http://localhost:8983/fedora/rest/anno/solr_integration_specs/33/86/f1/ee/3386f1ee-c7ac-4101-bacf-8e675b878af1/b
      Content-Type:
      - text/plain
    body:
      encoding: UTF-8
      string: http://localhost:8983/fedora/rest/anno/solr_integration_specs/33/86/f1/ee/3386f1ee-c7ac-4101-bacf-8e675b878af1/b
    http_version: 
  recorded_at: Fri, 19 Jun 2015 22:45:58 GMT
- request:
    method: post
    uri: http://localhost:8983/fedora/rest/anno/solr_integration_specs/33/86/f1/ee/3386f1ee-c7ac-4101-bacf-8e675b878af1/b
    body:
      encoding: UTF-8
      string: |
        @prefix cnt: <http://www.w3.org/2011/content#> .
        @prefix dcmitype: <http://purl.org/dc/dcmitype/> .
        @prefix ldp: <http://www.w3.org/ns/ldp#> .
        @prefix rdf: <http://www.w3.org/1999/02/22-rdf-syntax-ns#> .
        @prefix xsd: <http://www.w3.org/2001/XMLSchema#> .

        <> a ldp:BasicContainer,
             cnt:ContentAsText,
             dcmitype:Text;
           cnt:chars "Solr integration test" .
    headers:
      User-Agent:
      - Faraday v0.9.1
      Prefer:
      - return=respresentation; omit="http://fedora.info/definitions/v4/repository#ServerManaged"
      Content-Type:
      - application/x-turtle
      Accept-Encoding:
      - gzip;q=1.0,deflate;q=0.6,identity;q=0.3
      Accept:
      - "*/*"
  response:
    status:
      code: 201
      message: Created
    headers:
      Etag:
      - '"47f52e3152d3e6edd36ffb86fc07fc03cad533b8"'
      Last-Modified:
      - Fri, 19 Jun 2015 22:45:58 GMT
      Content-Length:
      - '161'
      Location:
      - http://localhost:8983/fedora/rest/anno/solr_integration_specs/33/86/f1/ee/3386f1ee-c7ac-4101-bacf-8e675b878af1/b/1f/4d/2c/d8/1f4d2cd8-3319-413e-b118-271291f92b6a
      Content-Type:
      - text/plain
    body:
      encoding: UTF-8
      string: http://localhost:8983/fedora/rest/anno/solr_integration_specs/33/86/f1/ee/3386f1ee-c7ac-4101-bacf-8e675b878af1/b/1f/4d/2c/d8/1f4d2cd8-3319-413e-b118-271291f92b6a
    http_version: 
  recorded_at: Fri, 19 Jun 2015 22:45:58 GMT
- request:
    method: post
    uri: http://localhost:8983/fedora/rest/anno/solr_integration_specs/33/86/f1/ee/3386f1ee-c7ac-4101-bacf-8e675b878af1
    body:
      encoding: UTF-8
      string: |
        @prefix ldp: <http://www.w3.org/ns/ldp#> .
        @prefix oa: <http://www.w3.org/ns/oa#> .
        @prefix rdf: <http://www.w3.org/1999/02/22-rdf-syntax-ns#> .

        <> a ldp:DirectContainer;
           ldp:hasMemberRelation oa:hasTarget;
           ldp:membershipResource <http://localhost:8983/fedora/rest/anno/solr_integration_specs/33/86/f1/ee/3386f1ee-c7ac-4101-bacf-8e675b878af1> .
    headers:
      User-Agent:
      - Faraday v0.9.1
      Prefer:
      - return=respresentation; omit="http://fedora.info/definitions/v4/repository#ServerManaged"
      Content-Type:
      - application/x-turtle
      Slug:
      - t
      Accept-Encoding:
      - gzip;q=1.0,deflate;q=0.6,identity;q=0.3
      Accept:
      - "*/*"
  response:
    status:
      code: 201
      message: Created
    headers:
      Etag:
      - '"c2c91973d7471b52a1086768b9cee1c4ae5420d9"'
      Last-Modified:
      - Fri, 19 Jun 2015 22:45:58 GMT
      Content-Length:
      - '112'
      Location:
      - http://localhost:8983/fedora/rest/anno/solr_integration_specs/33/86/f1/ee/3386f1ee-c7ac-4101-bacf-8e675b878af1/t
      Content-Type:
      - text/plain
    body:
      encoding: UTF-8
      string: http://localhost:8983/fedora/rest/anno/solr_integration_specs/33/86/f1/ee/3386f1ee-c7ac-4101-bacf-8e675b878af1/t
    http_version: 
  recorded_at: Fri, 19 Jun 2015 22:45:58 GMT
- request:
    method: post
    uri: http://localhost:8983/fedora/rest/anno/solr_integration_specs/33/86/f1/ee/3386f1ee-c7ac-4101-bacf-8e675b878af1/t
    body:
      encoding: UTF-8
      string: |
        @prefix ldp: <http://www.w3.org/ns/ldp#> .
        @prefix rdf: <http://www.w3.org/1999/02/22-rdf-syntax-ns#> .
        @prefix triannon: <http://triannon.stanford.edu/ns/> .

        <> a ldp:BasicContainer;
           triannon:externalReference <http://example.com/solr-integration-test> .
    headers:
      User-Agent:
      - Faraday v0.9.1
      Prefer:
      - return=respresentation; omit="http://fedora.info/definitions/v4/repository#ServerManaged"
      Content-Type:
      - application/x-turtle
      Accept-Encoding:
      - gzip;q=1.0,deflate;q=0.6,identity;q=0.3
      Accept:
      - "*/*"
  response:
    status:
      code: 201
      message: Created
    headers:
      Etag:
      - '"eaeba3f5b5316b6b8e3539db71ad5da03fbd4713"'
      Last-Modified:
      - Fri, 19 Jun 2015 22:45:58 GMT
      Content-Length:
      - '161'
      Location:
      - http://localhost:8983/fedora/rest/anno/solr_integration_specs/33/86/f1/ee/3386f1ee-c7ac-4101-bacf-8e675b878af1/t/48/58/85/f0/485885f0-b7c8-4c7e-979c-cd08535ab771
      Content-Type:
      - text/plain
    body:
      encoding: UTF-8
      string: http://localhost:8983/fedora/rest/anno/solr_integration_specs/33/86/f1/ee/3386f1ee-c7ac-4101-bacf-8e675b878af1/t/48/58/85/f0/485885f0-b7c8-4c7e-979c-cd08535ab771
    http_version: 
  recorded_at: Fri, 19 Jun 2015 22:45:58 GMT
- request:
    method: get
    uri: http://localhost:8983/fedora/rest/anno/solr_integration_specs/33/86/f1/ee/3386f1ee-c7ac-4101-bacf-8e675b878af1
    body:
      encoding: US-ASCII
      string: ''
    headers:
      User-Agent:
      - Faraday v0.9.1
      Prefer:
      - return=respresentation; omit="http://fedora.info/definitions/v4/repository#ServerManaged"
      Accept:
      - application/x-turtle
      Accept-Encoding:
      - gzip;q=1.0,deflate;q=0.6,identity;q=0.3
  response:
    status:
      code: 200
      message: OK
    headers:
      Etag:
      - '"6dcd4d749dd7f5e4c5d8603f4d9fed7fc1c48a98"'
      Last-Modified:
      - Fri, 19 Jun 2015 22:45:58 GMT
      Link:
      - <http://www.w3.org/ns/ldp#BasicContainer>;rel="type"
      - <http://www.w3.org/ns/ldp#Container>;rel="type"
      - <http://www.w3.org/ns/ldp#Resource>;rel="type"
      Accept-Patch:
      - application/sparql-update
      Accept-Post:
      - text/turtle,text/rdf+n3,text/n3,application/rdf+xml,application/n-triples,multipart/form-data,application/sparql-update
      Allow:
      - MOVE,COPY,DELETE,POST,HEAD,GET,PUT,PATCH,OPTIONS
      Preference-Applied:
      - return=representation
      Vary:
      - Accept, Range, Accept-Encoding, Accept-Language
      - Prefer
      Content-Length:
      - '1870'
      Content-Type:
      - application/x-turtle
    body:
      encoding: UTF-8
      string: "@prefix premis: <http://www.loc.gov/premis/rdf/v1#> .\n@prefix image:
        <http://www.modeshape.org/images/1.0> .\n@prefix sv: <http://www.jcp.org/jcr/sv/1.0>
        .\n@prefix test: <info:fedora/test/> .\n@prefix nt: <http://www.jcp.org/jcr/nt/1.0>
        .\n@prefix cnt: <http://www.w3.org/2011/content#> .\n@prefix dcmitype: <http://purl.org/dc/dcmitype/>
        .\n@prefix rdfs: <http://www.w3.org/2000/01/rdf-schema#> .\n@prefix xsi: <http://www.w3.org/2001/XMLSchema-instance>
        .\n@prefix mode: <http://www.modeshape.org/1.0> .\n@prefix oa: <http://www.w3.org/ns/oa#>
        .\n@prefix triannon: <http://triannon.stanford.edu/ns/> .\n@prefix rdf: <http://www.w3.org/1999/02/22-rdf-syntax-ns#>
        .\n@prefix fedora: <http://fedora.info/definitions/v4/repository#> .\n@prefix
        xml: <http://www.w3.org/XML/1998/namespace> .\n@prefix ldp: <http://www.w3.org/ns/ldp#>
        .\n@prefix xs: <http://www.w3.org/2001/XMLSchema> .\n@prefix fedoraconfig:
        <http://fedora.info/definitions/v4/config#> .\n@prefix mix: <http://www.jcp.org/jcr/mix/1.0>
        .\n@prefix foaf: <http://xmlns.com/foaf/0.1/> .\n@prefix dc: <http://purl.org/dc/elements/1.1/>
        .\n\n\n<http://localhost:8983/fedora/rest/anno/solr_integration_specs/33/86/f1/ee/3386f1ee-c7ac-4101-bacf-8e675b878af1>
        a oa:Annotation , ldp:BasicContainer ;\n\toa:motivatedBy oa:commenting ;\n\tldp:contains
        <http://localhost:8983/fedora/rest/anno/solr_integration_specs/33/86/f1/ee/3386f1ee-c7ac-4101-bacf-8e675b878af1/b>
        , <http://localhost:8983/fedora/rest/anno/solr_integration_specs/33/86/f1/ee/3386f1ee-c7ac-4101-bacf-8e675b878af1/t>
        ;\n\toa:hasTarget <http://localhost:8983/fedora/rest/anno/solr_integration_specs/33/86/f1/ee/3386f1ee-c7ac-4101-bacf-8e675b878af1/t/48/58/85/f0/485885f0-b7c8-4c7e-979c-cd08535ab771>
        ;\n\toa:hasBody <http://localhost:8983/fedora/rest/anno/solr_integration_specs/33/86/f1/ee/3386f1ee-c7ac-4101-bacf-8e675b878af1/b/1f/4d/2c/d8/1f4d2cd8-3319-413e-b118-271291f92b6a>
        .\n"
    http_version: 
  recorded_at: Fri, 19 Jun 2015 22:45:58 GMT
- request:
    method: get
    uri: http://localhost:8983/fedora/rest/anno/solr_integration_specs/33/86/f1/ee/3386f1ee-c7ac-4101-bacf-8e675b878af1/b/1f/4d/2c/d8/1f4d2cd8-3319-413e-b118-271291f92b6a
    body:
      encoding: US-ASCII
      string: ''
    headers:
      User-Agent:
      - Faraday v0.9.1
      Prefer:
      - return=respresentation; omit="http://fedora.info/definitions/v4/repository#ServerManaged"
      Accept:
      - application/x-turtle
      Accept-Encoding:
      - gzip;q=1.0,deflate;q=0.6,identity;q=0.3
  response:
    status:
      code: 200
      message: OK
    headers:
      Etag:
      - '"47f52e3152d3e6edd36ffb86fc07fc03cad533b8"'
      Last-Modified:
      - Fri, 19 Jun 2015 22:45:58 GMT
      Link:
      - <http://www.w3.org/ns/ldp#BasicContainer>;rel="type"
      - <http://www.w3.org/ns/ldp#Container>;rel="type"
      - <http://www.w3.org/ns/ldp#Resource>;rel="type"
      Accept-Patch:
      - application/sparql-update
      Accept-Post:
      - text/turtle,text/rdf+n3,text/n3,application/rdf+xml,application/n-triples,multipart/form-data,application/sparql-update
      Allow:
      - MOVE,COPY,DELETE,POST,HEAD,GET,PUT,PATCH,OPTIONS
      Preference-Applied:
      - return=representation
      Vary:
      - Accept, Range, Accept-Encoding, Accept-Language
      - Prefer
      Content-Length:
      - '1383'
      Content-Type:
      - application/x-turtle
    body:
      encoding: UTF-8
      string: "@prefix premis: <http://www.loc.gov/premis/rdf/v1#> .\n@prefix image:
        <http://www.modeshape.org/images/1.0> .\n@prefix sv: <http://www.jcp.org/jcr/sv/1.0>
        .\n@prefix test: <info:fedora/test/> .\n@prefix nt: <http://www.jcp.org/jcr/nt/1.0>
        .\n@prefix cnt: <http://www.w3.org/2011/content#> .\n@prefix dcmitype: <http://purl.org/dc/dcmitype/>
        .\n@prefix rdfs: <http://www.w3.org/2000/01/rdf-schema#> .\n@prefix xsi: <http://www.w3.org/2001/XMLSchema-instance>
        .\n@prefix mode: <http://www.modeshape.org/1.0> .\n@prefix oa: <http://www.w3.org/ns/oa#>
        .\n@prefix triannon: <http://triannon.stanford.edu/ns/> .\n@prefix rdf: <http://www.w3.org/1999/02/22-rdf-syntax-ns#>
        .\n@prefix fedora: <http://fedora.info/definitions/v4/repository#> .\n@prefix
        xml: <http://www.w3.org/XML/1998/namespace> .\n@prefix ldp: <http://www.w3.org/ns/ldp#>
        .\n@prefix xs: <http://www.w3.org/2001/XMLSchema> .\n@prefix fedoraconfig:
        <http://fedora.info/definitions/v4/config#> .\n@prefix mix: <http://www.jcp.org/jcr/mix/1.0>
        .\n@prefix foaf: <http://xmlns.com/foaf/0.1/> .\n@prefix dc: <http://purl.org/dc/elements/1.1/>
        .\n\n\n<http://localhost:8983/fedora/rest/anno/solr_integration_specs/33/86/f1/ee/3386f1ee-c7ac-4101-bacf-8e675b878af1/b/1f/4d/2c/d8/1f4d2cd8-3319-413e-b118-271291f92b6a>
        a dcmitype:Text , ldp:BasicContainer , cnt:ContentAsText ;\n\tcnt:chars \"Solr
        integration test\"^^<http://www.w3.org/2001/XMLSchema#string> .\n"
    http_version: 
  recorded_at: Fri, 19 Jun 2015 22:45:58 GMT
- request:
    method: get
    uri: http://localhost:8983/fedora/rest/anno/solr_integration_specs/33/86/f1/ee/3386f1ee-c7ac-4101-bacf-8e675b878af1/t/48/58/85/f0/485885f0-b7c8-4c7e-979c-cd08535ab771
    body:
      encoding: US-ASCII
      string: ''
    headers:
      User-Agent:
      - Faraday v0.9.1
      Prefer:
      - return=respresentation; omit="http://fedora.info/definitions/v4/repository#ServerManaged"
      Accept:
      - application/x-turtle
      Accept-Encoding:
      - gzip;q=1.0,deflate;q=0.6,identity;q=0.3
  response:
    status:
      code: 200
      message: OK
    headers:
      Etag:
      - '"eaeba3f5b5316b6b8e3539db71ad5da03fbd4713"'
      Last-Modified:
      - Fri, 19 Jun 2015 22:45:58 GMT
      Link:
      - <http://www.w3.org/ns/ldp#BasicContainer>;rel="type"
      - <http://www.w3.org/ns/ldp#Container>;rel="type"
      - <http://www.w3.org/ns/ldp#Resource>;rel="type"
      Accept-Patch:
      - application/sparql-update
      Accept-Post:
      - text/turtle,text/rdf+n3,text/n3,application/rdf+xml,application/n-triples,multipart/form-data,application/sparql-update
      Allow:
      - MOVE,COPY,DELETE,POST,HEAD,GET,PUT,PATCH,OPTIONS
      Preference-Applied:
      - return=representation
      Vary:
      - Accept, Range, Accept-Encoding, Accept-Language
      - Prefer
      Content-Length:
      - '1340'
      Content-Type:
      - application/x-turtle
    body:
      encoding: UTF-8
      string: "@prefix premis: <http://www.loc.gov/premis/rdf/v1#> .\n@prefix image:
        <http://www.modeshape.org/images/1.0> .\n@prefix sv: <http://www.jcp.org/jcr/sv/1.0>
        .\n@prefix test: <info:fedora/test/> .\n@prefix nt: <http://www.jcp.org/jcr/nt/1.0>
        .\n@prefix cnt: <http://www.w3.org/2011/content#> .\n@prefix dcmitype: <http://purl.org/dc/dcmitype/>
        .\n@prefix rdfs: <http://www.w3.org/2000/01/rdf-schema#> .\n@prefix xsi: <http://www.w3.org/2001/XMLSchema-instance>
        .\n@prefix mode: <http://www.modeshape.org/1.0> .\n@prefix oa: <http://www.w3.org/ns/oa#>
        .\n@prefix triannon: <http://triannon.stanford.edu/ns/> .\n@prefix rdf: <http://www.w3.org/1999/02/22-rdf-syntax-ns#>
        .\n@prefix fedora: <http://fedora.info/definitions/v4/repository#> .\n@prefix
        xml: <http://www.w3.org/XML/1998/namespace> .\n@prefix ldp: <http://www.w3.org/ns/ldp#>
        .\n@prefix xs: <http://www.w3.org/2001/XMLSchema> .\n@prefix fedoraconfig:
        <http://fedora.info/definitions/v4/config#> .\n@prefix mix: <http://www.jcp.org/jcr/mix/1.0>
        .\n@prefix foaf: <http://xmlns.com/foaf/0.1/> .\n@prefix dc: <http://purl.org/dc/elements/1.1/>
        .\n\n\n<http://localhost:8983/fedora/rest/anno/solr_integration_specs/33/86/f1/ee/3386f1ee-c7ac-4101-bacf-8e675b878af1/t/48/58/85/f0/485885f0-b7c8-4c7e-979c-cd08535ab771>
        a ldp:BasicContainer ;\n\ttriannon:externalReference <http://example.com/solr-integration-test>
        .\n"
    http_version: 
  recorded_at: Fri, 19 Jun 2015 22:45:58 GMT
- request:
    method: post
    uri: http://localhost:8983/solr/triannon/update?wt=ruby
    body:
      encoding: UTF-8
      string: <?xml version="1.0" encoding="UTF-8"?><add commitWithin="500"><doc><field
        name="id">solr_integration_specs/33/86/f1/ee/3386f1ee-c7ac-4101-bacf-8e675b878af1</field><field
        name="root">solr_integration_specs</field><field name="motivation">commenting</field><field
        name="target_url">http://example.com/solr-integration-test</field><field name="target_type">external_URI</field><field
        name="body_type">content_as_text</field><field name="body_chars_exact">Solr
        integration test</field><field name="anno_jsonld">{"@context":"http://www.w3.org/ns/oa-context-20130208.json","@graph":[{"@id":"_:g69847624666960","@type":["dctypes:Text","cnt:ContentAsText"],"chars":"Solr
        integration test"},{"@id":"http://your.triannon-server.com/annotations/solr_integration_specs/33/86/f1/ee/3386f1ee-c7ac-4101-bacf-8e675b878af1","@type":"oa:Annotation","hasBody":"_:g69847624666960","hasTarget":"http://example.com/solr-integration-test","motivatedBy":"oa:commenting"}]}</field></doc></add>
    headers:
      Content-Type:
      - text/xml
  response:
    status:
      code: 200
      message: OK
    headers:
      Content-Type:
      - text/plain;charset=UTF-8
      Transfer-Encoding:
      - chunked
    body:
      encoding: UTF-8
      string: |
        {'responseHeader'=>{'status'=>0,'QTime'=>20}}
    http_version: 
  recorded_at: Fri, 19 Jun 2015 22:45:58 GMT
- request:
    method: get
    uri: http://localhost:8983/solr/triannon/doc?id=solr_integration_specs/33/86/f1/ee/3386f1ee-c7ac-4101-bacf-8e675b878af1&wt=ruby
    body:
      encoding: US-ASCII
      string: ''
    headers: {}
  response:
    status:
      code: 200
      message: OK
    headers:
      Last-Modified:
      - Fri, 19 Jun 2015 22:45:58 GMT
      Etag:
      - '"NmEwMDAwMDAwMDAwMDAwMFNvbHI="'
      Content-Type:
      - text/plain;charset=UTF-8
      Transfer-Encoding:
      - chunked
    body:
      encoding: UTF-8
      string: |
        {
          'responseHeader'=>{
            'status'=>0,
            'QTime'=>1,
            'params'=>{
              'id'=>'solr_integration_specs/33/86/f1/ee/3386f1ee-c7ac-4101-bacf-8e675b878af1',
              'wt'=>'ruby'}},
          'response'=>{'numFound'=>1,'start'=>0,'docs'=>[
              {
                'id'=>'solr_integration_specs/33/86/f1/ee/3386f1ee-c7ac-4101-bacf-8e675b878af1',
                'root'=>'solr_integration_specs',
                'motivation'=>['commenting'],
                'target_url'=>['http://example.com/solr-integration-test'],
                'target_type'=>['external_URI'],
                'body_type'=>['content_as_text'],
                'body_chars_exact'=>['Solr integration test'],
                'anno_jsonld'=>'{"@context":"http://www.w3.org/ns/oa-context-20130208.json","@graph":[{"@id":"_:g69847624666960","@type":["dctypes:Text","cnt:ContentAsText"],"chars":"Solr integration test"},{"@id":"http://your.triannon-server.com/annotations/solr_integration_specs/33/86/f1/ee/3386f1ee-c7ac-4101-bacf-8e675b878af1","@type":"oa:Annotation","hasBody":"_:g69847624666960","hasTarget":"http://example.com/solr-integration-test","motivatedBy":"oa:commenting"}]}',
                '_version_'=>1504448566658072576,
                'timestamp'=>'2015-06-19T22:45:58.375Z'}]
          }}
    http_version: 
  recorded_at: Fri, 19 Jun 2015 22:45:59 GMT
recorded_with: VCR 2.9.3
