---
http_interactions:
- request:
    method: head
    uri: http://localhost:8983/fedora/rest/anno/anno_controller_create_specs
    body:
      encoding: US-ASCII
      string: ''
    headers:
      User-Agent:
      - Faraday v0.9.1
      Accept:
      - "*/*"
  response:
    status:
      code: 200
      message: OK
    headers:
      Etag:
      - '"4da055c1fb58c9cc693bacad933b588956079189"'
      Last-Modified:
      - Mon, 20 Jul 2015 17:53:53 GMT
      Link:
      - <http://www.w3.org/ns/ldp#BasicContainer>;rel="type"
      - <http://www.w3.org/ns/ldp#Container>;rel="type"
      - <http://www.w3.org/ns/ldp#Resource>;rel="type"
      Accept-Patch:
      - application/sparql-update
      Accept-Post:
      - text/turtle,text/rdf+n3,text/n3,application/rdf+xml,application/n-triples,multipart/form-data,application/sparql-update
      Allow:
      - MOVE,COPY,DELETE,POST,HEAD,GET,PUT,PATCH,OPTIONS
      Content-Type:
      - text/tab-separated-values
      Content-Length:
      - '0'
    body:
      encoding: UTF-8
      string: ''
    http_version: 
  recorded_at: Mon, 20 Jul 2015 17:53:54 GMT
- request:
    method: post
    uri: http://localhost:8983/fedora/rest/anno/anno_controller_create_specs
    body:
      encoding: UTF-8
      string: |
        @prefix ldp: <http://www.w3.org/ns/ldp#> .
        @prefix oa: <http://www.w3.org/ns/oa#> .
        @prefix rdf: <http://www.w3.org/1999/02/22-rdf-syntax-ns#> .

        <> a oa:Annotation,
             ldp:BasicContainer;
           oa:motivatedBy oa:commenting .
    headers:
      User-Agent:
      - Faraday v0.9.1
      Prefer:
      - return=respresentation; omit="http://fedora.info/definitions/v4/repository#ServerManaged"
      Content-Type:
      - application/x-turtle
      Accept-Encoding:
      - gzip;q=1.0,deflate;q=0.6,identity;q=0.3
      Accept:
      - "*/*"
  response:
    status:
      code: 201
      message: Created
    headers:
      Etag:
      - '"32eaac7f1dfb26b7c76b3783b0d6526286d2df0d"'
      Last-Modified:
      - Mon, 20 Jul 2015 17:53:54 GMT
      Content-Length:
      - '116'
      Location:
      - http://localhost:8983/fedora/rest/anno/anno_controller_create_specs/13/9a/ab/11/139aab11-7bda-4d8c-af49-656e42a0c9e2
      Content-Type:
      - text/plain
    body:
      encoding: UTF-8
      string: http://localhost:8983/fedora/rest/anno/anno_controller_create_specs/13/9a/ab/11/139aab11-7bda-4d8c-af49-656e42a0c9e2
    http_version: 
  recorded_at: Mon, 20 Jul 2015 17:53:54 GMT
- request:
    method: post
    uri: http://localhost:8983/fedora/rest/anno/anno_controller_create_specs/13/9a/ab/11/139aab11-7bda-4d8c-af49-656e42a0c9e2
    body:
      encoding: UTF-8
      string: |
        @prefix ldp: <http://www.w3.org/ns/ldp#> .
        @prefix oa: <http://www.w3.org/ns/oa#> .
        @prefix rdf: <http://www.w3.org/1999/02/22-rdf-syntax-ns#> .

        <> a ldp:DirectContainer;
           ldp:hasMemberRelation oa:hasBody;
           ldp:membershipResource <http://localhost:8983/fedora/rest/anno/anno_controller_create_specs/13/9a/ab/11/139aab11-7bda-4d8c-af49-656e42a0c9e2> .
    headers:
      User-Agent:
      - Faraday v0.9.1
      Prefer:
      - return=respresentation; omit="http://fedora.info/definitions/v4/repository#ServerManaged"
      Content-Type:
      - application/x-turtle
      Slug:
      - b
      Accept-Encoding:
      - gzip;q=1.0,deflate;q=0.6,identity;q=0.3
      Accept:
      - "*/*"
  response:
    status:
      code: 201
      message: Created
    headers:
      Etag:
      - '"c85745a76fdf0322b7cdf59149b797984780de9c"'
      Last-Modified:
      - Mon, 20 Jul 2015 17:53:54 GMT
      Content-Length:
      - '118'
      Location:
      - http://localhost:8983/fedora/rest/anno/anno_controller_create_specs/13/9a/ab/11/139aab11-7bda-4d8c-af49-656e42a0c9e2/b
      Content-Type:
      - text/plain
    body:
      encoding: UTF-8
      string: http://localhost:8983/fedora/rest/anno/anno_controller_create_specs/13/9a/ab/11/139aab11-7bda-4d8c-af49-656e42a0c9e2/b
    http_version: 
  recorded_at: Mon, 20 Jul 2015 17:53:54 GMT
- request:
    method: post
    uri: http://localhost:8983/fedora/rest/anno/anno_controller_create_specs/13/9a/ab/11/139aab11-7bda-4d8c-af49-656e42a0c9e2/b
    body:
      encoding: UTF-8
      string: |
        @prefix cnt: <http://www.w3.org/2011/content#> .
        @prefix dcmitype: <http://purl.org/dc/dcmitype/> .
        @prefix ldp: <http://www.w3.org/ns/ldp#> .
        @prefix rdf: <http://www.w3.org/1999/02/22-rdf-syntax-ns#> .
        @prefix xsd: <http://www.w3.org/2001/XMLSchema#> .

        <> a ldp:BasicContainer,
             cnt:ContentAsText,
             dcmitype:Text;
           cnt:chars "I love this!" .
    headers:
      User-Agent:
      - Faraday v0.9.1
      Prefer:
      - return=respresentation; omit="http://fedora.info/definitions/v4/repository#ServerManaged"
      Content-Type:
      - application/x-turtle
      Accept-Encoding:
      - gzip;q=1.0,deflate;q=0.6,identity;q=0.3
      Accept:
      - "*/*"
  response:
    status:
      code: 201
      message: Created
    headers:
      Etag:
      - '"8e44ded82ccb2d01a14cdef2fae2348fe56a9cf1"'
      Last-Modified:
      - Mon, 20 Jul 2015 17:53:54 GMT
      Content-Length:
      - '167'
      Location:
      - http://localhost:8983/fedora/rest/anno/anno_controller_create_specs/13/9a/ab/11/139aab11-7bda-4d8c-af49-656e42a0c9e2/b/57/39/2a/40/57392a40-94ab-4076-8fb2-49653c6c850d
      Content-Type:
      - text/plain
    body:
      encoding: UTF-8
      string: http://localhost:8983/fedora/rest/anno/anno_controller_create_specs/13/9a/ab/11/139aab11-7bda-4d8c-af49-656e42a0c9e2/b/57/39/2a/40/57392a40-94ab-4076-8fb2-49653c6c850d
    http_version: 
  recorded_at: Mon, 20 Jul 2015 17:53:54 GMT
- request:
    method: post
    uri: http://localhost:8983/fedora/rest/anno/anno_controller_create_specs/13/9a/ab/11/139aab11-7bda-4d8c-af49-656e42a0c9e2
    body:
      encoding: UTF-8
      string: |
        @prefix ldp: <http://www.w3.org/ns/ldp#> .
        @prefix oa: <http://www.w3.org/ns/oa#> .
        @prefix rdf: <http://www.w3.org/1999/02/22-rdf-syntax-ns#> .

        <> a ldp:DirectContainer;
           ldp:hasMemberRelation oa:hasTarget;
           ldp:membershipResource <http://localhost:8983/fedora/rest/anno/anno_controller_create_specs/13/9a/ab/11/139aab11-7bda-4d8c-af49-656e42a0c9e2> .
    headers:
      User-Agent:
      - Faraday v0.9.1
      Prefer:
      - return=respresentation; omit="http://fedora.info/definitions/v4/repository#ServerManaged"
      Content-Type:
      - application/x-turtle
      Slug:
      - t
      Accept-Encoding:
      - gzip;q=1.0,deflate;q=0.6,identity;q=0.3
      Accept:
      - "*/*"
  response:
    status:
      code: 201
      message: Created
    headers:
      Etag:
      - '"0a1cb7e85bdac3232fc4013d217f8c21e96daed9"'
      Last-Modified:
      - Mon, 20 Jul 2015 17:53:54 GMT
      Content-Length:
      - '118'
      Location:
      - http://localhost:8983/fedora/rest/anno/anno_controller_create_specs/13/9a/ab/11/139aab11-7bda-4d8c-af49-656e42a0c9e2/t
      Content-Type:
      - text/plain
    body:
      encoding: UTF-8
      string: http://localhost:8983/fedora/rest/anno/anno_controller_create_specs/13/9a/ab/11/139aab11-7bda-4d8c-af49-656e42a0c9e2/t
    http_version: 
  recorded_at: Mon, 20 Jul 2015 17:53:54 GMT
- request:
    method: post
    uri: http://localhost:8983/fedora/rest/anno/anno_controller_create_specs/13/9a/ab/11/139aab11-7bda-4d8c-af49-656e42a0c9e2/t
    body:
      encoding: UTF-8
      string: |
        @prefix ldp: <http://www.w3.org/ns/ldp#> .
        @prefix rdf: <http://www.w3.org/1999/02/22-rdf-syntax-ns#> .
        @prefix triannon: <http://triannon.stanford.edu/ns/> .

        <> a ldp:BasicContainer;
           triannon:externalReference <http://purl.stanford.edu/kq131cs7229> .
    headers:
      User-Agent:
      - Faraday v0.9.1
      Prefer:
      - return=respresentation; omit="http://fedora.info/definitions/v4/repository#ServerManaged"
      Content-Type:
      - application/x-turtle
      Accept-Encoding:
      - gzip;q=1.0,deflate;q=0.6,identity;q=0.3
      Accept:
      - "*/*"
  response:
    status:
      code: 201
      message: Created
    headers:
      Etag:
      - '"f73883665a2a5108b93457d8c45bbf5c247bb862"'
      Last-Modified:
      - Mon, 20 Jul 2015 17:53:54 GMT
      Content-Length:
      - '167'
      Location:
      - http://localhost:8983/fedora/rest/anno/anno_controller_create_specs/13/9a/ab/11/139aab11-7bda-4d8c-af49-656e42a0c9e2/t/bb/66/81/ef/bb6681ef-7913-4fe6-b0bc-92e83993cccd
      Content-Type:
      - text/plain
    body:
      encoding: UTF-8
      string: http://localhost:8983/fedora/rest/anno/anno_controller_create_specs/13/9a/ab/11/139aab11-7bda-4d8c-af49-656e42a0c9e2/t/bb/66/81/ef/bb6681ef-7913-4fe6-b0bc-92e83993cccd
    http_version: 
  recorded_at: Mon, 20 Jul 2015 17:53:54 GMT
- request:
    method: get
    uri: http://localhost:8983/fedora/rest/anno/anno_controller_create_specs/13/9a/ab/11/139aab11-7bda-4d8c-af49-656e42a0c9e2
    body:
      encoding: US-ASCII
      string: ''
    headers:
      User-Agent:
      - Faraday v0.9.1
      Prefer:
      - return=respresentation; omit="http://fedora.info/definitions/v4/repository#ServerManaged"
      Accept:
      - application/x-turtle
      Accept-Encoding:
      - gzip;q=1.0,deflate;q=0.6,identity;q=0.3
  response:
    status:
      code: 200
      message: OK
    headers:
      Etag:
      - '"1db02fe063a22383c62918ac36e45474273867f7"'
      Last-Modified:
      - Mon, 20 Jul 2015 17:53:54 GMT
      Link:
      - <http://www.w3.org/ns/ldp#BasicContainer>;rel="type"
      - <http://www.w3.org/ns/ldp#Container>;rel="type"
      - <http://www.w3.org/ns/ldp#Resource>;rel="type"
      Accept-Patch:
      - application/sparql-update
      Accept-Post:
      - text/turtle,text/rdf+n3,text/n3,application/rdf+xml,application/n-triples,multipart/form-data,application/sparql-update
      Allow:
      - MOVE,COPY,DELETE,POST,HEAD,GET,PUT,PATCH,OPTIONS
      Preference-Applied:
      - return=representation
      Vary:
      - Accept, Range, Accept-Encoding, Accept-Language
      - Prefer
      Content-Length:
      - '1900'
      Content-Type:
      - application/x-turtle
    body:
      encoding: UTF-8
      string: "@prefix premis: <http://www.loc.gov/premis/rdf/v1#> .\n@prefix image:
        <http://www.modeshape.org/images/1.0> .\n@prefix sv: <http://www.jcp.org/jcr/sv/1.0>
        .\n@prefix test: <info:fedora/test/> .\n@prefix nt: <http://www.jcp.org/jcr/nt/1.0>
        .\n@prefix cnt: <http://www.w3.org/2011/content#> .\n@prefix dcmitype: <http://purl.org/dc/dcmitype/>
        .\n@prefix rdfs: <http://www.w3.org/2000/01/rdf-schema#> .\n@prefix xsi: <http://www.w3.org/2001/XMLSchema-instance>
        .\n@prefix mode: <http://www.modeshape.org/1.0> .\n@prefix oa: <http://www.w3.org/ns/oa#>
        .\n@prefix triannon: <http://triannon.stanford.edu/ns/> .\n@prefix rdf: <http://www.w3.org/1999/02/22-rdf-syntax-ns#>
        .\n@prefix fedora: <http://fedora.info/definitions/v4/repository#> .\n@prefix
        xml: <http://www.w3.org/XML/1998/namespace> .\n@prefix ldp: <http://www.w3.org/ns/ldp#>
        .\n@prefix xs: <http://www.w3.org/2001/XMLSchema> .\n@prefix fedoraconfig:
        <http://fedora.info/definitions/v4/config#> .\n@prefix mix: <http://www.jcp.org/jcr/mix/1.0>
        .\n@prefix foaf: <http://xmlns.com/foaf/0.1/> .\n@prefix dc: <http://purl.org/dc/elements/1.1/>
        .\n\n\n<http://localhost:8983/fedora/rest/anno/anno_controller_create_specs/13/9a/ab/11/139aab11-7bda-4d8c-af49-656e42a0c9e2>
        a oa:Annotation , ldp:BasicContainer ;\n\toa:motivatedBy oa:commenting ;\n\tldp:contains
        <http://localhost:8983/fedora/rest/anno/anno_controller_create_specs/13/9a/ab/11/139aab11-7bda-4d8c-af49-656e42a0c9e2/b>
        , <http://localhost:8983/fedora/rest/anno/anno_controller_create_specs/13/9a/ab/11/139aab11-7bda-4d8c-af49-656e42a0c9e2/t>
        ;\n\toa:hasTarget <http://localhost:8983/fedora/rest/anno/anno_controller_create_specs/13/9a/ab/11/139aab11-7bda-4d8c-af49-656e42a0c9e2/t/bb/66/81/ef/bb6681ef-7913-4fe6-b0bc-92e83993cccd>
        ;\n\toa:hasBody <http://localhost:8983/fedora/rest/anno/anno_controller_create_specs/13/9a/ab/11/139aab11-7bda-4d8c-af49-656e42a0c9e2/b/57/39/2a/40/57392a40-94ab-4076-8fb2-49653c6c850d>
        .\n"
    http_version: 
  recorded_at: Mon, 20 Jul 2015 17:53:54 GMT
- request:
    method: get
    uri: http://localhost:8983/fedora/rest/anno/anno_controller_create_specs/13/9a/ab/11/139aab11-7bda-4d8c-af49-656e42a0c9e2/b/57/39/2a/40/57392a40-94ab-4076-8fb2-49653c6c850d
    body:
      encoding: US-ASCII
      string: ''
    headers:
      User-Agent:
      - Faraday v0.9.1
      Prefer:
      - return=respresentation; omit="http://fedora.info/definitions/v4/repository#ServerManaged"
      Accept:
      - application/x-turtle
      Accept-Encoding:
      - gzip;q=1.0,deflate;q=0.6,identity;q=0.3
  response:
    status:
      code: 200
      message: OK
    headers:
      Etag:
      - '"8e44ded82ccb2d01a14cdef2fae2348fe56a9cf1"'
      Last-Modified:
      - Mon, 20 Jul 2015 17:53:54 GMT
      Link:
      - <http://www.w3.org/ns/ldp#BasicContainer>;rel="type"
      - <http://www.w3.org/ns/ldp#Container>;rel="type"
      - <http://www.w3.org/ns/ldp#Resource>;rel="type"
      Accept-Patch:
      - application/sparql-update
      Accept-Post:
      - text/turtle,text/rdf+n3,text/n3,application/rdf+xml,application/n-triples,multipart/form-data,application/sparql-update
      Allow:
      - MOVE,COPY,DELETE,POST,HEAD,GET,PUT,PATCH,OPTIONS
      Preference-Applied:
      - return=representation
      Vary:
      - Accept, Range, Accept-Encoding, Accept-Language
      - Prefer
      Content-Length:
      - '1380'
      Content-Type:
      - application/x-turtle
    body:
      encoding: UTF-8
      string: "@prefix premis: <http://www.loc.gov/premis/rdf/v1#> .\n@prefix image:
        <http://www.modeshape.org/images/1.0> .\n@prefix sv: <http://www.jcp.org/jcr/sv/1.0>
        .\n@prefix test: <info:fedora/test/> .\n@prefix nt: <http://www.jcp.org/jcr/nt/1.0>
        .\n@prefix cnt: <http://www.w3.org/2011/content#> .\n@prefix dcmitype: <http://purl.org/dc/dcmitype/>
        .\n@prefix rdfs: <http://www.w3.org/2000/01/rdf-schema#> .\n@prefix xsi: <http://www.w3.org/2001/XMLSchema-instance>
        .\n@prefix mode: <http://www.modeshape.org/1.0> .\n@prefix oa: <http://www.w3.org/ns/oa#>
        .\n@prefix triannon: <http://triannon.stanford.edu/ns/> .\n@prefix rdf: <http://www.w3.org/1999/02/22-rdf-syntax-ns#>
        .\n@prefix fedora: <http://fedora.info/definitions/v4/repository#> .\n@prefix
        xml: <http://www.w3.org/XML/1998/namespace> .\n@prefix ldp: <http://www.w3.org/ns/ldp#>
        .\n@prefix xs: <http://www.w3.org/2001/XMLSchema> .\n@prefix fedoraconfig:
        <http://fedora.info/definitions/v4/config#> .\n@prefix mix: <http://www.jcp.org/jcr/mix/1.0>
        .\n@prefix foaf: <http://xmlns.com/foaf/0.1/> .\n@prefix dc: <http://purl.org/dc/elements/1.1/>
        .\n\n\n<http://localhost:8983/fedora/rest/anno/anno_controller_create_specs/13/9a/ab/11/139aab11-7bda-4d8c-af49-656e42a0c9e2/b/57/39/2a/40/57392a40-94ab-4076-8fb2-49653c6c850d>
        a dcmitype:Text , ldp:BasicContainer , cnt:ContentAsText ;\n\tcnt:chars \"I
        love this!\"^^<http://www.w3.org/2001/XMLSchema#string> .\n"
    http_version: 
  recorded_at: Mon, 20 Jul 2015 17:53:54 GMT
- request:
    method: get
    uri: http://localhost:8983/fedora/rest/anno/anno_controller_create_specs/13/9a/ab/11/139aab11-7bda-4d8c-af49-656e42a0c9e2/t/bb/66/81/ef/bb6681ef-7913-4fe6-b0bc-92e83993cccd
    body:
      encoding: US-ASCII
      string: ''
    headers:
      User-Agent:
      - Faraday v0.9.1
      Prefer:
      - return=respresentation; omit="http://fedora.info/definitions/v4/repository#ServerManaged"
      Accept:
      - application/x-turtle
      Accept-Encoding:
      - gzip;q=1.0,deflate;q=0.6,identity;q=0.3
  response:
    status:
      code: 200
      message: OK
    headers:
      Etag:
      - '"f73883665a2a5108b93457d8c45bbf5c247bb862"'
      Last-Modified:
      - Mon, 20 Jul 2015 17:53:54 GMT
      Link:
      - <http://www.w3.org/ns/ldp#BasicContainer>;rel="type"
      - <http://www.w3.org/ns/ldp#Container>;rel="type"
      - <http://www.w3.org/ns/ldp#Resource>;rel="type"
      Accept-Patch:
      - application/sparql-update
      Accept-Post:
      - text/turtle,text/rdf+n3,text/n3,application/rdf+xml,application/n-triples,multipart/form-data,application/sparql-update
      Allow:
      - MOVE,COPY,DELETE,POST,HEAD,GET,PUT,PATCH,OPTIONS
      Preference-Applied:
      - return=representation
      Vary:
      - Accept, Range, Accept-Encoding, Accept-Language
      - Prefer
      Content-Length:
      - '1342'
      Content-Type:
      - application/x-turtle
    body:
      encoding: UTF-8
      string: "@prefix premis: <http://www.loc.gov/premis/rdf/v1#> .\n@prefix image:
        <http://www.modeshape.org/images/1.0> .\n@prefix sv: <http://www.jcp.org/jcr/sv/1.0>
        .\n@prefix test: <info:fedora/test/> .\n@prefix nt: <http://www.jcp.org/jcr/nt/1.0>
        .\n@prefix cnt: <http://www.w3.org/2011/content#> .\n@prefix dcmitype: <http://purl.org/dc/dcmitype/>
        .\n@prefix rdfs: <http://www.w3.org/2000/01/rdf-schema#> .\n@prefix xsi: <http://www.w3.org/2001/XMLSchema-instance>
        .\n@prefix mode: <http://www.modeshape.org/1.0> .\n@prefix oa: <http://www.w3.org/ns/oa#>
        .\n@prefix triannon: <http://triannon.stanford.edu/ns/> .\n@prefix rdf: <http://www.w3.org/1999/02/22-rdf-syntax-ns#>
        .\n@prefix fedora: <http://fedora.info/definitions/v4/repository#> .\n@prefix
        xml: <http://www.w3.org/XML/1998/namespace> .\n@prefix ldp: <http://www.w3.org/ns/ldp#>
        .\n@prefix xs: <http://www.w3.org/2001/XMLSchema> .\n@prefix fedoraconfig:
        <http://fedora.info/definitions/v4/config#> .\n@prefix mix: <http://www.jcp.org/jcr/mix/1.0>
        .\n@prefix foaf: <http://xmlns.com/foaf/0.1/> .\n@prefix dc: <http://purl.org/dc/elements/1.1/>
        .\n\n\n<http://localhost:8983/fedora/rest/anno/anno_controller_create_specs/13/9a/ab/11/139aab11-7bda-4d8c-af49-656e42a0c9e2/t/bb/66/81/ef/bb6681ef-7913-4fe6-b0bc-92e83993cccd>
        a ldp:BasicContainer ;\n\ttriannon:externalReference <http://purl.stanford.edu/kq131cs7229>
        .\n"
    http_version: 
  recorded_at: Mon, 20 Jul 2015 17:53:54 GMT
- request:
    method: post
    uri: http://localhost:8983/solr/triannon/update?wt=ruby
    body:
      encoding: UTF-8
      string: <?xml version="1.0" encoding="UTF-8"?><add commitWithin="500"><doc><field
        name="id">anno_controller_create_specs/13/9a/ab/11/139aab11-7bda-4d8c-af49-656e42a0c9e2</field><field
        name="root">anno_controller_create_specs</field><field name="motivation">commenting</field><field
        name="target_url">http://purl.stanford.edu/kq131cs7229</field><field name="target_type">external_URI</field><field
        name="body_type">content_as_text</field><field name="body_chars_exact">I love
        this!</field><field name="anno_jsonld">{"@context":"http://www.w3.org/ns/oa-context-20130208.json","@graph":[{"@id":"_:g69919342049840","@type":["dctypes:Text","cnt:ContentAsText"],"chars":"I
        love this!"},{"@id":"http://your.triannon-server.com/annotations/anno_controller_create_specs/13/9a/ab/11/139aab11-7bda-4d8c-af49-656e42a0c9e2","@type":"oa:Annotation","hasBody":"_:g69919342049840","hasTarget":"http://purl.stanford.edu/kq131cs7229","motivatedBy":"oa:commenting"}]}</field></doc></add>
    headers:
      Content-Type:
      - text/xml
  response:
    status:
      code: 200
      message: OK
    headers:
      Content-Type:
      - text/plain;charset=UTF-8
      Transfer-Encoding:
      - chunked
    body:
      encoding: UTF-8
      string: |
        {'responseHeader'=>{'status'=>0,'QTime'=>3}}
    http_version: 
  recorded_at: Mon, 20 Jul 2015 17:53:54 GMT
recorded_with: VCR 2.9.3
