---
http_interactions:
- request:
    method: head
    uri: http://localhost:8983/fedora/rest/anno/ldpwinstancespec
    body:
      encoding: US-ASCII
      string: ''
    headers:
      User-Agent:
      - Faraday v0.9.1
      Accept:
      - "*/*"
  response:
    status:
      code: 200
      message: OK
    headers:
      Etag:
      - '"9530d2cbd4958f47dd8ba2c73f9d800d7b45b94a"'
      Last-Modified:
      - Wed, 08 Jul 2015 18:55:17 GMT
      Link:
      - <http://www.w3.org/ns/ldp#BasicContainer>;rel="type"
      - <http://www.w3.org/ns/ldp#Container>;rel="type"
      - <http://www.w3.org/ns/ldp#Resource>;rel="type"
      Accept-Patch:
      - application/sparql-update
      Accept-Post:
      - text/turtle,text/rdf+n3,text/n3,application/rdf+xml,application/n-triples,multipart/form-data,application/sparql-update
      Allow:
      - MOVE,COPY,DELETE,POST,HEAD,GET,PUT,PATCH,OPTIONS
      Content-Type:
      - text/tab-separated-values
      Content-Length:
      - '0'
    body:
      encoding: UTF-8
      string: ''
    http_version: 
  recorded_at: Wed, 08 Jul 2015 18:55:17 GMT
- request:
    method: post
    uri: http://localhost:8983/fedora/rest/anno/ldpwinstancespec
    body:
      encoding: UTF-8
      string: |
        @prefix foaf: <http://xmlns.com/foaf/0.1/> .
        @prefix ldp: <http://www.w3.org/ns/ldp#> .
        @prefix oa: <http://www.w3.org/ns/oa#> .
        @prefix prov: <http://www.w3.org/ns/prov#> .
        @prefix rdf: <http://www.w3.org/1999/02/22-rdf-syntax-ns#> .
        @prefix xsd: <http://www.w3.org/2001/XMLSchema#> .

        <> a oa:Annotation,
             ldp:BasicContainer;
           oa:annotatedAt "2014-09-03T17:16:13Z"^^xsd:dateTimeStamp;
           oa:annotatedBy <mailto:azaroth42@gmail.com>;
           oa:motivatedBy oa:commenting;
           oa:serializedAt "2014-09-03T17:16:13Z"^^xsd:dateTimeStamp;
           oa:serializedBy [
             a prov:SoftwareAgent;
             foaf:name "Annotation Factory"
           ] .

        <mailto:azaroth42@gmail.com> a foaf:Person;
           foaf:name "Rob Sanderson" .
    headers:
      User-Agent:
      - Faraday v0.9.1
      Prefer:
      - return=respresentation; omit="http://fedora.info/definitions/v4/repository#ServerManaged"
      Content-Type:
      - application/x-turtle
      Accept-Encoding:
      - gzip;q=1.0,deflate;q=0.6,identity;q=0.3
      Accept:
      - "*/*"
  response:
    status:
      code: 201
      message: Created
    headers:
      Etag:
      - '"c0144885be015f4acb1573ca2aa6d85e4ba400ee"'
      Last-Modified:
      - Wed, 08 Jul 2015 18:55:17 GMT
      Content-Length:
      - '104'
      Location:
      - http://localhost:8983/fedora/rest/anno/ldpwinstancespec/48/b6/97/c1/48b697c1-d902-4a54-a0d6-c7a9f8d7b2da
      Content-Type:
      - text/plain
    body:
      encoding: UTF-8
      string: http://localhost:8983/fedora/rest/anno/ldpwinstancespec/48/b6/97/c1/48b697c1-d902-4a54-a0d6-c7a9f8d7b2da
    http_version: 
  recorded_at: Wed, 08 Jul 2015 18:55:17 GMT
- request:
    method: get
    uri: http://localhost:8983/fedora/rest/anno/ldpwinstancespec/48/b6/97/c1/48b697c1-d902-4a54-a0d6-c7a9f8d7b2da
    body:
      encoding: US-ASCII
      string: ''
    headers:
      User-Agent:
      - Faraday v0.9.1
      Accept:
      - application/x-turtle
      Accept-Encoding:
      - gzip;q=1.0,deflate;q=0.6,identity;q=0.3
  response:
    status:
      code: 200
      message: OK
    headers:
      Etag:
      - '"c0144885be015f4acb1573ca2aa6d85e4ba400ee"'
      Last-Modified:
      - Wed, 08 Jul 2015 18:55:17 GMT
      Link:
      - <http://www.w3.org/ns/ldp#BasicContainer>;rel="type"
      - <http://www.w3.org/ns/ldp#Container>;rel="type"
      - <http://www.w3.org/ns/ldp#Resource>;rel="type"
      Accept-Patch:
      - application/sparql-update
      Accept-Post:
      - text/turtle,text/rdf+n3,text/n3,application/rdf+xml,application/n-triples,multipart/form-data,application/sparql-update
      Allow:
      - MOVE,COPY,DELETE,POST,HEAD,GET,PUT,PATCH,OPTIONS
      Preference-Applied:
      - return=representation
      Vary:
      - Accept, Range, Accept-Encoding, Accept-Language
      - Prefer
      Content-Length:
      - '4317'
      Content-Type:
      - application/x-turtle
    body:
      encoding: UTF-8
      string: "@prefix premis: <http://www.loc.gov/premis/rdf/v1#> .\n@prefix nt:
        <http://www.jcp.org/jcr/nt/1.0> .\n@prefix rdfs: <http://www.w3.org/2000/01/rdf-schema#>
        .\n@prefix xsi: <http://www.w3.org/2001/XMLSchema-instance> .\n@prefix mode:
        <http://www.modeshape.org/1.0> .\n@prefix oa: <http://www.w3.org/ns/oa#> .\n@prefix
        xml: <http://www.w3.org/XML/1998/namespace> .\n@prefix fedoraconfig: <http://fedora.info/definitions/v4/config#>
        .\n@prefix mix: <http://www.jcp.org/jcr/mix/1.0> .\n@prefix prov: <http://www.w3.org/ns/prov#>
        .\n@prefix foaf: <http://xmlns.com/foaf/0.1/> .\n@prefix image: <http://www.modeshape.org/images/1.0>
        .\n@prefix sv: <http://www.jcp.org/jcr/sv/1.0> .\n@prefix test: <info:fedora/test/>
        .\n@prefix cnt: <http://www.w3.org/2011/content#> .\n@prefix dcmitype: <http://purl.org/dc/dcmitype/>
        .\n@prefix dc11: <http://purl.org/dc/elements/1.1/> .\n@prefix triannon: <http://triannon.stanford.edu/ns/>
        .\n@prefix rdf: <http://www.w3.org/1999/02/22-rdf-syntax-ns#> .\n@prefix fedora:
        <http://fedora.info/definitions/v4/repository#> .\n@prefix ldp: <http://www.w3.org/ns/ldp#>
        .\n@prefix xs: <http://www.w3.org/2001/XMLSchema> .\n@prefix dc: <http://purl.org/dc/terms/>
        .\n\n\n<http://localhost:8983/fedora/rest/anno/ldpwinstancespec/48/b6/97/c1/48b697c1-d902-4a54-a0d6-c7a9f8d7b2da>
        a ldp:RDFSource , ldp:Container , <http://www.jcp.org/jcr/nt/1.0folder> ,
        <http://www.jcp.org/jcr/nt/1.0hierarchyNode> , <http://www.jcp.org/jcr/nt/1.0base>
        , <http://www.jcp.org/jcr/mix/1.0created> , fedora:Container , oa:Annotation
        , fedora:Resource , ldp:BasicContainer , fedora:Resource , <http://www.jcp.org/jcr/mix/1.0created>
        , <http://www.jcp.org/jcr/mix/1.0lastModified> , <http://www.jcp.org/jcr/mix/1.0referenceable>
        , fedora:Container ;\n\tfedora:lastModifiedBy \"bypassAdmin\"^^<http://www.w3.org/2001/XMLSchema#string>
        ;\n\tfedora:uuid \"8f228bdf-8efc-4ce8-b6bf-529037eb0404\"^^<http://www.w3.org/2001/XMLSchema#string>
        ;\n\toa:serializedBy <http://localhost:8983/fedora/rest/.well-known/genid/53/c6/cb/6a/53c6cb6a-03f8-4fd9-8170-8c74b433f7d9>
        ;\n\tfedora:createdBy \"bypassAdmin\"^^<http://www.w3.org/2001/XMLSchema#string>
        ;\n\tfedora:created \"2015-07-08T18:55:17.423Z\"^^<http://www.w3.org/2001/XMLSchema#dateTime>
        ;\n\tfedora:primaryType \"nt:folder\"^^<http://www.w3.org/2001/XMLSchema#string>
        ;\n\toa:serializedAt \"2014-09-03T17:16:13Z\"^^<http://www.w3.org/2001/XMLSchema#dateTimeStamp>
        ;\n\tfedora:lastModified \"2015-07-08T18:55:17.423Z\"^^<http://www.w3.org/2001/XMLSchema#dateTime>
        ;\n\tfedora:mixinTypes \"fedora:Container\"^^<http://www.w3.org/2001/XMLSchema#string>
        , \"oa:Annotation\"^^<http://www.w3.org/2001/XMLSchema#string> , \"fedora:Resource\"^^<http://www.w3.org/2001/XMLSchema#string>
        , \"ldp:BasicContainer\"^^<http://www.w3.org/2001/XMLSchema#string> ;\n\toa:annotatedBy
        <mailto:azaroth42@gmail.com> ;\n\toa:motivatedBy oa:commenting ;\n\toa:annotatedAt
        \"2014-09-03T17:16:13Z\"^^<http://www.w3.org/2001/XMLSchema#dateTimeStamp>
        ;\n\tfedora:writable \"true\"^^<http://www.w3.org/2001/XMLSchema#boolean>
        ;\n\tfedora:hasParent <http://localhost:8983/fedora/rest/anno/ldpwinstancespec>
        .\n\n<http://localhost:8983/fedora/rest/.well-known/genid/53/c6/cb/6a/53c6cb6a-03f8-4fd9-8170-8c74b433f7d9>
        a <http://www.jcp.org/jcr/nt/1.0unstructured> , <http://www.jcp.org/jcr/nt/1.0base>
        , fedora:Blanknode , prov:SoftwareAgent , <http://www.jcp.org/jcr/mix/1.0referenceable>
        ;\n\tfedora:uuid \"4fa32601-373f-4717-a24d-7a6f07885a20\"^^<http://www.w3.org/2001/XMLSchema#string>
        ;\n\tfedora:primaryType \"nt:unstructured\"^^<http://www.w3.org/2001/XMLSchema#string>
        ;\n\tfedora:mixinTypes \"fedora:Blanknode\"^^<http://www.w3.org/2001/XMLSchema#string>
        , \"prov:SoftwareAgent\"^^<http://www.w3.org/2001/XMLSchema#string> ;\n\tfoaf:name
        \"Annotation Factory\"^^<http://www.w3.org/2001/XMLSchema#string> .\n\n<http://localhost:8983/fedora/rest/anno/ldpwinstancespec/48/b6/97/c1/48b697c1-d902-4a54-a0d6-c7a9f8d7b2da/fcr:export?format=jcr/xml>
        dc11:format <http://fedora.info/definitions/v4/repository#jcr/xml> .\n\n<http://localhost:8983/fedora/rest/anno/ldpwinstancespec/48/b6/97/c1/48b697c1-d902-4a54-a0d6-c7a9f8d7b2da>
        fedora:exportsAs <http://localhost:8983/fedora/rest/anno/ldpwinstancespec/48/b6/97/c1/48b697c1-d902-4a54-a0d6-c7a9f8d7b2da/fcr:export?format=jcr/xml>
        .\n\n<http://fedora.info/definitions/v4/repository#jcr/xml> rdfs:label \"jcr/xml\"^^<http://www.w3.org/2001/XMLSchema#string>
        .\n"
    http_version: 
  recorded_at: Wed, 08 Jul 2015 18:55:17 GMT
recorded_with: VCR 2.9.3
