---
http_interactions:
- request:
    method: head
    uri: http://localhost:8983/fedora/rest/anno/ldpwclassspec
    body:
      encoding: US-ASCII
      string: ''
    headers:
      User-Agent:
      - Faraday v0.9.1
      Accept:
      - "*/*"
  response:
    status:
      code: 200
      message: OK
    headers:
      Etag:
      - '"a4c94012d0061cfb8581bd4bd43c61c1abcbfad6"'
      Last-Modified:
      - Wed, 08 Jul 2015 18:55:07 GMT
      Link:
      - <http://www.w3.org/ns/ldp#BasicContainer>;rel="type"
      - <http://www.w3.org/ns/ldp#Container>;rel="type"
      - <http://www.w3.org/ns/ldp#Resource>;rel="type"
      Accept-Patch:
      - application/sparql-update
      Accept-Post:
      - text/turtle,text/rdf+n3,text/n3,application/rdf+xml,application/n-triples,multipart/form-data,application/sparql-update
      Allow:
      - MOVE,COPY,DELETE,POST,HEAD,GET,PUT,PATCH,OPTIONS
      Content-Type:
      - text/tab-separated-values
      Content-Length:
      - '0'
    body:
      encoding: UTF-8
      string: ''
    http_version: 
  recorded_at: Wed, 08 Jul 2015 18:55:07 GMT
- request:
    method: post
    uri: http://localhost:8983/fedora/rest/anno/ldpwclassspec
    body:
      encoding: UTF-8
      string: |
        @prefix ldp: <http://www.w3.org/ns/ldp#> .
        @prefix oa: <http://www.w3.org/ns/oa#> .
        @prefix rdf: <http://www.w3.org/1999/02/22-rdf-syntax-ns#> .

        <> a oa:Annotation,
             ldp:BasicContainer;
           oa:motivatedBy oa:commenting .
    headers:
      User-Agent:
      - Faraday v0.9.1
      Prefer:
      - return=respresentation; omit="http://fedora.info/definitions/v4/repository#ServerManaged"
      Content-Type:
      - application/x-turtle
      Accept-Encoding:
      - gzip;q=1.0,deflate;q=0.6,identity;q=0.3
      Accept:
      - "*/*"
  response:
    status:
      code: 201
      message: Created
    headers:
      Etag:
      - '"565d4309bae32f8e324248fa58b082a0f3d49769"'
      Last-Modified:
      - Wed, 08 Jul 2015 18:55:07 GMT
      Content-Length:
      - '101'
      Location:
      - http://localhost:8983/fedora/rest/anno/ldpwclassspec/d5/d8/c6/cf/d5d8c6cf-5484-4e43-a96e-3af8b85035c8
      Content-Type:
      - text/plain
    body:
      encoding: UTF-8
      string: http://localhost:8983/fedora/rest/anno/ldpwclassspec/d5/d8/c6/cf/d5d8c6cf-5484-4e43-a96e-3af8b85035c8
    http_version: 
  recorded_at: Wed, 08 Jul 2015 18:55:07 GMT
- request:
    method: post
    uri: http://localhost:8983/fedora/rest/anno/ldpwclassspec/d5/d8/c6/cf/d5d8c6cf-5484-4e43-a96e-3af8b85035c8
    body:
      encoding: UTF-8
      string: |
        @prefix ldp: <http://www.w3.org/ns/ldp#> .
        @prefix oa: <http://www.w3.org/ns/oa#> .
        @prefix rdf: <http://www.w3.org/1999/02/22-rdf-syntax-ns#> .

        <> a ldp:DirectContainer;
           ldp:hasMemberRelation oa:hasBody;
           ldp:membershipResource <http://localhost:8983/fedora/rest/anno/ldpwclassspec/d5/d8/c6/cf/d5d8c6cf-5484-4e43-a96e-3af8b85035c8> .
    headers:
      User-Agent:
      - Faraday v0.9.1
      Prefer:
      - return=respresentation; omit="http://fedora.info/definitions/v4/repository#ServerManaged"
      Content-Type:
      - application/x-turtle
      Slug:
      - b
      Accept-Encoding:
      - gzip;q=1.0,deflate;q=0.6,identity;q=0.3
      Accept:
      - "*/*"
  response:
    status:
      code: 201
      message: Created
    headers:
      Etag:
      - '"c3f10beed1edb0f0d5b804064213ea092866ac1d"'
      Last-Modified:
      - Wed, 08 Jul 2015 18:55:07 GMT
      Content-Length:
      - '103'
      Location:
      - http://localhost:8983/fedora/rest/anno/ldpwclassspec/d5/d8/c6/cf/d5d8c6cf-5484-4e43-a96e-3af8b85035c8/b
      Content-Type:
      - text/plain
    body:
      encoding: UTF-8
      string: http://localhost:8983/fedora/rest/anno/ldpwclassspec/d5/d8/c6/cf/d5d8c6cf-5484-4e43-a96e-3af8b85035c8/b
    http_version: 
  recorded_at: Wed, 08 Jul 2015 18:55:07 GMT
- request:
    method: post
    uri: http://localhost:8983/fedora/rest/anno/ldpwclassspec/d5/d8/c6/cf/d5d8c6cf-5484-4e43-a96e-3af8b85035c8/b
    body:
      encoding: UTF-8
      string: |
        @prefix cnt: <http://www.w3.org/2011/content#> .
        @prefix dcmitype: <http://purl.org/dc/dcmitype/> .
        @prefix ldp: <http://www.w3.org/ns/ldp#> .
        @prefix rdf: <http://www.w3.org/1999/02/22-rdf-syntax-ns#> .
        @prefix xsd: <http://www.w3.org/2001/XMLSchema#> .

        <> a ldp:BasicContainer,
             cnt:ContentAsText,
             dcmitype:Text;
           cnt:chars "I love this!" .
    headers:
      User-Agent:
      - Faraday v0.9.1
      Prefer:
      - return=respresentation; omit="http://fedora.info/definitions/v4/repository#ServerManaged"
      Content-Type:
      - application/x-turtle
      Accept-Encoding:
      - gzip;q=1.0,deflate;q=0.6,identity;q=0.3
      Accept:
      - "*/*"
  response:
    status:
      code: 201
      message: Created
    headers:
      Etag:
      - '"fe11f1eab9cd1bd43a8c804f0f90fe80d6d87704"'
      Last-Modified:
      - Wed, 08 Jul 2015 18:55:07 GMT
      Content-Length:
      - '152'
      Location:
      - http://localhost:8983/fedora/rest/anno/ldpwclassspec/d5/d8/c6/cf/d5d8c6cf-5484-4e43-a96e-3af8b85035c8/b/53/6c/79/2b/536c792b-715c-4b45-86f9-ce4f773a95dd
      Content-Type:
      - text/plain
    body:
      encoding: UTF-8
      string: http://localhost:8983/fedora/rest/anno/ldpwclassspec/d5/d8/c6/cf/d5d8c6cf-5484-4e43-a96e-3af8b85035c8/b/53/6c/79/2b/536c792b-715c-4b45-86f9-ce4f773a95dd
    http_version: 
  recorded_at: Wed, 08 Jul 2015 18:55:07 GMT
- request:
    method: post
    uri: http://localhost:8983/fedora/rest/anno/ldpwclassspec/d5/d8/c6/cf/d5d8c6cf-5484-4e43-a96e-3af8b85035c8
    body:
      encoding: UTF-8
      string: |
        @prefix ldp: <http://www.w3.org/ns/ldp#> .
        @prefix oa: <http://www.w3.org/ns/oa#> .
        @prefix rdf: <http://www.w3.org/1999/02/22-rdf-syntax-ns#> .

        <> a ldp:DirectContainer;
           ldp:hasMemberRelation oa:hasTarget;
           ldp:membershipResource <http://localhost:8983/fedora/rest/anno/ldpwclassspec/d5/d8/c6/cf/d5d8c6cf-5484-4e43-a96e-3af8b85035c8> .
    headers:
      User-Agent:
      - Faraday v0.9.1
      Prefer:
      - return=respresentation; omit="http://fedora.info/definitions/v4/repository#ServerManaged"
      Content-Type:
      - application/x-turtle
      Slug:
      - t
      Accept-Encoding:
      - gzip;q=1.0,deflate;q=0.6,identity;q=0.3
      Accept:
      - "*/*"
  response:
    status:
      code: 201
      message: Created
    headers:
      Etag:
      - '"f83a33639b36d21a1226c4a184f44f176c55b657"'
      Last-Modified:
      - Wed, 08 Jul 2015 18:55:07 GMT
      Content-Length:
      - '103'
      Location:
      - http://localhost:8983/fedora/rest/anno/ldpwclassspec/d5/d8/c6/cf/d5d8c6cf-5484-4e43-a96e-3af8b85035c8/t
      Content-Type:
      - text/plain
    body:
      encoding: UTF-8
      string: http://localhost:8983/fedora/rest/anno/ldpwclassspec/d5/d8/c6/cf/d5d8c6cf-5484-4e43-a96e-3af8b85035c8/t
    http_version: 
  recorded_at: Wed, 08 Jul 2015 18:55:07 GMT
- request:
    method: post
    uri: http://localhost:8983/fedora/rest/anno/ldpwclassspec/d5/d8/c6/cf/d5d8c6cf-5484-4e43-a96e-3af8b85035c8/t
    body:
      encoding: UTF-8
      string: |
        @prefix ldp: <http://www.w3.org/ns/ldp#> .
        @prefix rdf: <http://www.w3.org/1999/02/22-rdf-syntax-ns#> .
        @prefix triannon: <http://triannon.stanford.edu/ns/> .

        <> a ldp:BasicContainer;
           triannon:externalReference <http://purl.stanford.edu/kq131cs7229> .
    headers:
      User-Agent:
      - Faraday v0.9.1
      Prefer:
      - return=respresentation; omit="http://fedora.info/definitions/v4/repository#ServerManaged"
      Content-Type:
      - application/x-turtle
      Accept-Encoding:
      - gzip;q=1.0,deflate;q=0.6,identity;q=0.3
      Accept:
      - "*/*"
  response:
    status:
      code: 201
      message: Created
    headers:
      Etag:
      - '"a0080f656d242d6c879d7a910827a6307c086a31"'
      Last-Modified:
      - Wed, 08 Jul 2015 18:55:07 GMT
      Content-Length:
      - '152'
      Location:
      - http://localhost:8983/fedora/rest/anno/ldpwclassspec/d5/d8/c6/cf/d5d8c6cf-5484-4e43-a96e-3af8b85035c8/t/49/85/cc/e7/4985cce7-f6f0-4ef6-a550-74bae518c8d8
      Content-Type:
      - text/plain
    body:
      encoding: UTF-8
      string: http://localhost:8983/fedora/rest/anno/ldpwclassspec/d5/d8/c6/cf/d5d8c6cf-5484-4e43-a96e-3af8b85035c8/t/49/85/cc/e7/4985cce7-f6f0-4ef6-a550-74bae518c8d8
    http_version: 
  recorded_at: Wed, 08 Jul 2015 18:55:07 GMT
- request:
    method: get
    uri: http://localhost:8983/fedora/rest/anno/ldpwclassspec/d5/d8/c6/cf/d5d8c6cf-5484-4e43-a96e-3af8b85035c8
    body:
      encoding: US-ASCII
      string: ''
    headers:
      User-Agent:
      - Faraday v0.9.1
      Accept:
      - application/x-turtle
      Accept-Encoding:
      - gzip;q=1.0,deflate;q=0.6,identity;q=0.3
  response:
    status:
      code: 200
      message: OK
    headers:
      Etag:
      - '"d6999d0cb0f37f377089392f9e8a627cf3b54883"'
      Last-Modified:
      - Wed, 08 Jul 2015 18:55:07 GMT
      Link:
      - <http://www.w3.org/ns/ldp#BasicContainer>;rel="type"
      - <http://www.w3.org/ns/ldp#Container>;rel="type"
      - <http://www.w3.org/ns/ldp#Resource>;rel="type"
      Accept-Patch:
      - application/sparql-update
      Accept-Post:
      - text/turtle,text/rdf+n3,text/n3,application/rdf+xml,application/n-triples,multipart/form-data,application/sparql-update
      Allow:
      - MOVE,COPY,DELETE,POST,HEAD,GET,PUT,PATCH,OPTIONS
      Preference-Applied:
      - return=representation
      Vary:
      - Accept, Range, Accept-Encoding, Accept-Language
      - Prefer
      Content-Length:
      - '3769'
      Content-Type:
      - application/x-turtle
    body:
      encoding: UTF-8
      string: "@prefix premis: <http://www.loc.gov/premis/rdf/v1#> .\n@prefix image:
        <http://www.modeshape.org/images/1.0> .\n@prefix sv: <http://www.jcp.org/jcr/sv/1.0>
        .\n@prefix test: <info:fedora/test/> .\n@prefix nt: <http://www.jcp.org/jcr/nt/1.0>
        .\n@prefix cnt: <http://www.w3.org/2011/content#> .\n@prefix dcmitype: <http://purl.org/dc/dcmitype/>
        .\n@prefix rdfs: <http://www.w3.org/2000/01/rdf-schema#> .\n@prefix xsi: <http://www.w3.org/2001/XMLSchema-instance>
        .\n@prefix mode: <http://www.modeshape.org/1.0> .\n@prefix oa: <http://www.w3.org/ns/oa#>
        .\n@prefix triannon: <http://triannon.stanford.edu/ns/> .\n@prefix rdf: <http://www.w3.org/1999/02/22-rdf-syntax-ns#>
        .\n@prefix fedora: <http://fedora.info/definitions/v4/repository#> .\n@prefix
        xml: <http://www.w3.org/XML/1998/namespace> .\n@prefix ldp: <http://www.w3.org/ns/ldp#>
        .\n@prefix xs: <http://www.w3.org/2001/XMLSchema> .\n@prefix fedoraconfig:
        <http://fedora.info/definitions/v4/config#> .\n@prefix mix: <http://www.jcp.org/jcr/mix/1.0>
        .\n@prefix foaf: <http://xmlns.com/foaf/0.1/> .\n@prefix dc: <http://purl.org/dc/terms/>
        .\n\n\n<http://localhost:8983/fedora/rest/anno/ldpwclassspec/d5/d8/c6/cf/d5d8c6cf-5484-4e43-a96e-3af8b85035c8>
        a ldp:RDFSource , ldp:Container , <http://www.jcp.org/jcr/nt/1.0folder> ,
        <http://www.jcp.org/jcr/nt/1.0hierarchyNode> , <http://www.jcp.org/jcr/nt/1.0base>
        , <http://www.jcp.org/jcr/mix/1.0created> , fedora:Container , oa:Annotation
        , fedora:Resource , ldp:BasicContainer , fedora:Resource , <http://www.jcp.org/jcr/mix/1.0created>
        , <http://www.jcp.org/jcr/mix/1.0lastModified> , <http://www.jcp.org/jcr/mix/1.0referenceable>
        , fedora:Container ;\n\tfedora:lastModifiedBy \"bypassAdmin\"^^<http://www.w3.org/2001/XMLSchema#string>
        ;\n\tfedora:uuid \"e066e601-e874-487f-b0c8-bb56ab23f42c\"^^<http://www.w3.org/2001/XMLSchema#string>
        ;\n\tfedora:createdBy \"bypassAdmin\"^^<http://www.w3.org/2001/XMLSchema#string>
        ;\n\tfedora:primaryType \"nt:folder\"^^<http://www.w3.org/2001/XMLSchema#string>
        ;\n\tfedora:created \"2015-07-08T18:55:07.729Z\"^^<http://www.w3.org/2001/XMLSchema#dateTime>
        ;\n\tfedora:mixinTypes \"fedora:Container\"^^<http://www.w3.org/2001/XMLSchema#string>
        , \"oa:Annotation\"^^<http://www.w3.org/2001/XMLSchema#string> , \"fedora:Resource\"^^<http://www.w3.org/2001/XMLSchema#string>
        , \"ldp:BasicContainer\"^^<http://www.w3.org/2001/XMLSchema#string> ;\n\tfedora:lastModified
        \"2015-07-08T18:55:07.803Z\"^^<http://www.w3.org/2001/XMLSchema#dateTime>
        ;\n\toa:motivatedBy oa:commenting ;\n\tfedora:writable \"true\"^^<http://www.w3.org/2001/XMLSchema#boolean>
        ;\n\tfedora:hasParent <http://localhost:8983/fedora/rest/anno/ldpwclassspec>
        ;\n\tldp:contains <http://localhost:8983/fedora/rest/anno/ldpwclassspec/d5/d8/c6/cf/d5d8c6cf-5484-4e43-a96e-3af8b85035c8/b>
        , <http://localhost:8983/fedora/rest/anno/ldpwclassspec/d5/d8/c6/cf/d5d8c6cf-5484-4e43-a96e-3af8b85035c8/t>
        ;\n\toa:hasBody <http://localhost:8983/fedora/rest/anno/ldpwclassspec/d5/d8/c6/cf/d5d8c6cf-5484-4e43-a96e-3af8b85035c8/b/53/6c/79/2b/536c792b-715c-4b45-86f9-ce4f773a95dd>
        ;\n\toa:hasTarget <http://localhost:8983/fedora/rest/anno/ldpwclassspec/d5/d8/c6/cf/d5d8c6cf-5484-4e43-a96e-3af8b85035c8/t/49/85/cc/e7/4985cce7-f6f0-4ef6-a550-74bae518c8d8>
        .\n\n<http://localhost:8983/fedora/rest/anno/ldpwclassspec/d5/d8/c6/cf/d5d8c6cf-5484-4e43-a96e-3af8b85035c8/fcr:export?format=jcr/xml>
        <http://purl.org/dc/elements/1.1/format> <http://fedora.info/definitions/v4/repository#jcr/xml>
        .\n\n<http://fedora.info/definitions/v4/repository#jcr/xml> rdfs:label \"jcr/xml\"^^<http://www.w3.org/2001/XMLSchema#string>
        .\n\n<http://localhost:8983/fedora/rest/anno/ldpwclassspec/d5/d8/c6/cf/d5d8c6cf-5484-4e43-a96e-3af8b85035c8>
        fedora:exportsAs <http://localhost:8983/fedora/rest/anno/ldpwclassspec/d5/d8/c6/cf/d5d8c6cf-5484-4e43-a96e-3af8b85035c8/fcr:export?format=jcr/xml>
        .\n"
    http_version: 
  recorded_at: Wed, 08 Jul 2015 18:55:07 GMT
recorded_with: VCR 2.9.3
