---
http_interactions:
- request:
    method: head
    uri: http://localhost:8983/fedora/rest/anno/choice_integration_specs
    body:
      encoding: US-ASCII
      string: ''
    headers:
      User-Agent:
      - Faraday v0.9.1
      Accept:
      - "*/*"
  response:
    status:
      code: 200
      message: OK
    headers:
      Etag:
      - '"99e6640de1b86a724c8218135ab214b29fdc920c"'
      Last-Modified:
      - Mon, 20 Jul 2015 17:54:26 GMT
      Link:
      - <http://www.w3.org/ns/ldp#BasicContainer>;rel="type"
      - <http://www.w3.org/ns/ldp#Container>;rel="type"
      - <http://www.w3.org/ns/ldp#Resource>;rel="type"
      Accept-Patch:
      - application/sparql-update
      Accept-Post:
      - text/turtle,text/rdf+n3,text/n3,application/rdf+xml,application/n-triples,multipart/form-data,application/sparql-update
      Allow:
      - MOVE,COPY,DELETE,POST,HEAD,GET,PUT,PATCH,OPTIONS
      Content-Type:
      - text/tab-separated-values
      Content-Length:
      - '0'
    body:
      encoding: UTF-8
      string: ''
    http_version: 
  recorded_at: Mon, 20 Jul 2015 17:54:27 GMT
- request:
    method: post
    uri: http://localhost:8983/fedora/rest/anno/choice_integration_specs
    body:
      encoding: UTF-8
      string: |
        @prefix ldp: <http://www.w3.org/ns/ldp#> .
        @prefix oa: <http://www.w3.org/ns/oa#> .
        @prefix rdf: <http://www.w3.org/1999/02/22-rdf-syntax-ns#> .

        <> a oa:Annotation,
             ldp:BasicContainer;
           oa:motivatedBy oa:commenting .
    headers:
      User-Agent:
      - Faraday v0.9.1
      Prefer:
      - return=respresentation; omit="http://fedora.info/definitions/v4/repository#ServerManaged"
      Content-Type:
      - application/x-turtle
      Accept-Encoding:
      - gzip;q=1.0,deflate;q=0.6,identity;q=0.3
      Accept:
      - "*/*"
  response:
    status:
      code: 201
      message: Created
    headers:
      Etag:
      - '"a5b4b4f021b4d33dc069ef3d604e34085213ece1"'
      Last-Modified:
      - Mon, 20 Jul 2015 17:54:27 GMT
      Content-Length:
      - '112'
      Location:
      - http://localhost:8983/fedora/rest/anno/choice_integration_specs/9d/a4/16/9b/9da4169b-30c0-40f4-8dd4-f9c7c872cf93
      Content-Type:
      - text/plain
    body:
      encoding: UTF-8
      string: http://localhost:8983/fedora/rest/anno/choice_integration_specs/9d/a4/16/9b/9da4169b-30c0-40f4-8dd4-f9c7c872cf93
    http_version: 
  recorded_at: Mon, 20 Jul 2015 17:54:27 GMT
- request:
    method: post
    uri: http://localhost:8983/fedora/rest/anno/choice_integration_specs/9d/a4/16/9b/9da4169b-30c0-40f4-8dd4-f9c7c872cf93
    body:
      encoding: UTF-8
      string: |
        @prefix ldp: <http://www.w3.org/ns/ldp#> .
        @prefix oa: <http://www.w3.org/ns/oa#> .
        @prefix rdf: <http://www.w3.org/1999/02/22-rdf-syntax-ns#> .

        <> a ldp:DirectContainer;
           ldp:hasMemberRelation oa:hasBody;
           ldp:membershipResource <http://localhost:8983/fedora/rest/anno/choice_integration_specs/9d/a4/16/9b/9da4169b-30c0-40f4-8dd4-f9c7c872cf93> .
    headers:
      User-Agent:
      - Faraday v0.9.1
      Prefer:
      - return=respresentation; omit="http://fedora.info/definitions/v4/repository#ServerManaged"
      Content-Type:
      - application/x-turtle
      Slug:
      - b
      Accept-Encoding:
      - gzip;q=1.0,deflate;q=0.6,identity;q=0.3
      Accept:
      - "*/*"
  response:
    status:
      code: 201
      message: Created
    headers:
      Etag:
      - '"f55a4f50cbe10613d9dbf2e7f2382b7e1c3990ba"'
      Last-Modified:
      - Mon, 20 Jul 2015 17:54:27 GMT
      Content-Length:
      - '114'
      Location:
      - http://localhost:8983/fedora/rest/anno/choice_integration_specs/9d/a4/16/9b/9da4169b-30c0-40f4-8dd4-f9c7c872cf93/b
      Content-Type:
      - text/plain
    body:
      encoding: UTF-8
      string: http://localhost:8983/fedora/rest/anno/choice_integration_specs/9d/a4/16/9b/9da4169b-30c0-40f4-8dd4-f9c7c872cf93/b
    http_version: 
  recorded_at: Mon, 20 Jul 2015 17:54:27 GMT
- request:
    method: post
    uri: http://localhost:8983/fedora/rest/anno/choice_integration_specs/9d/a4/16/9b/9da4169b-30c0-40f4-8dd4-f9c7c872cf93/b
    body:
      encoding: UTF-8
      string: |
        @prefix dc11: <http://purl.org/dc/elements/1.1/> .
        @prefix dcmitype: <http://purl.org/dc/dcmitype/> .
        @prefix ldp: <http://www.w3.org/ns/ldp#> .
        @prefix oa: <http://www.w3.org/ns/oa#> .
        @prefix rdf: <http://www.w3.org/1999/02/22-rdf-syntax-ns#> .
        @prefix triannon: <http://triannon.stanford.edu/ns/> .
        @prefix xsd: <http://www.w3.org/2001/XMLSchema#> .

        <> a ldp:BasicContainer,
             oa:Choice;
           oa:default <#default>;
           oa:item <#item1> .

        <#default> a dcmitype:Sound;
           dc11:format "audio/mpeg3";
           triannon:externalReference <http://www.myaudioblog.com/post/1.mp3> .

        <#item1> a dcmitype:Text;
           dc11:format "text/plain";
           triannon:externalReference <http://text.transcriptions.com> .
    headers:
      User-Agent:
      - Faraday v0.9.1
      Prefer:
      - return=respresentation; omit="http://fedora.info/definitions/v4/repository#ServerManaged"
      Content-Type:
      - application/x-turtle
      Accept-Encoding:
      - gzip;q=1.0,deflate;q=0.6,identity;q=0.3
      Accept:
      - "*/*"
  response:
    status:
      code: 201
      message: Created
    headers:
      Etag:
      - '"17092ffced82373cfc0b3bdddf107bf73b5b5815"'
      Last-Modified:
      - Mon, 20 Jul 2015 17:54:27 GMT
      Content-Length:
      - '163'
      Location:
      - http://localhost:8983/fedora/rest/anno/choice_integration_specs/9d/a4/16/9b/9da4169b-30c0-40f4-8dd4-f9c7c872cf93/b/f1/f3/fb/68/f1f3fb68-c541-4a37-9a84-abbd17aa0577
      Content-Type:
      - text/plain
    body:
      encoding: UTF-8
      string: http://localhost:8983/fedora/rest/anno/choice_integration_specs/9d/a4/16/9b/9da4169b-30c0-40f4-8dd4-f9c7c872cf93/b/f1/f3/fb/68/f1f3fb68-c541-4a37-9a84-abbd17aa0577
    http_version: 
  recorded_at: Mon, 20 Jul 2015 17:54:27 GMT
- request:
    method: post
    uri: http://localhost:8983/fedora/rest/anno/choice_integration_specs/9d/a4/16/9b/9da4169b-30c0-40f4-8dd4-f9c7c872cf93
    body:
      encoding: UTF-8
      string: |
        @prefix ldp: <http://www.w3.org/ns/ldp#> .
        @prefix oa: <http://www.w3.org/ns/oa#> .
        @prefix rdf: <http://www.w3.org/1999/02/22-rdf-syntax-ns#> .

        <> a ldp:DirectContainer;
           ldp:hasMemberRelation oa:hasTarget;
           ldp:membershipResource <http://localhost:8983/fedora/rest/anno/choice_integration_specs/9d/a4/16/9b/9da4169b-30c0-40f4-8dd4-f9c7c872cf93> .
    headers:
      User-Agent:
      - Faraday v0.9.1
      Prefer:
      - return=respresentation; omit="http://fedora.info/definitions/v4/repository#ServerManaged"
      Content-Type:
      - application/x-turtle
      Slug:
      - t
      Accept-Encoding:
      - gzip;q=1.0,deflate;q=0.6,identity;q=0.3
      Accept:
      - "*/*"
  response:
    status:
      code: 201
      message: Created
    headers:
      Etag:
      - '"a1a492ff67c03edfe33ee40912d4abb06661dbc8"'
      Last-Modified:
      - Mon, 20 Jul 2015 17:54:27 GMT
      Content-Length:
      - '114'
      Location:
      - http://localhost:8983/fedora/rest/anno/choice_integration_specs/9d/a4/16/9b/9da4169b-30c0-40f4-8dd4-f9c7c872cf93/t
      Content-Type:
      - text/plain
    body:
      encoding: UTF-8
      string: http://localhost:8983/fedora/rest/anno/choice_integration_specs/9d/a4/16/9b/9da4169b-30c0-40f4-8dd4-f9c7c872cf93/t
    http_version: 
  recorded_at: Mon, 20 Jul 2015 17:54:27 GMT
- request:
    method: post
    uri: http://localhost:8983/fedora/rest/anno/choice_integration_specs/9d/a4/16/9b/9da4169b-30c0-40f4-8dd4-f9c7c872cf93/t
    body:
      encoding: UTF-8
      string: |
        @prefix ldp: <http://www.w3.org/ns/ldp#> .
        @prefix rdf: <http://www.w3.org/1999/02/22-rdf-syntax-ns#> .
        @prefix triannon: <http://triannon.stanford.edu/ns/> .

        <> a ldp:BasicContainer;
           triannon:externalReference <http://purl.stanford.edu/kq131cs7229> .
    headers:
      User-Agent:
      - Faraday v0.9.1
      Prefer:
      - return=respresentation; omit="http://fedora.info/definitions/v4/repository#ServerManaged"
      Content-Type:
      - application/x-turtle
      Accept-Encoding:
      - gzip;q=1.0,deflate;q=0.6,identity;q=0.3
      Accept:
      - "*/*"
  response:
    status:
      code: 201
      message: Created
    headers:
      Etag:
      - '"e19a6cc6b5931a1a99109e2535dd80acfd9ce6a1"'
      Last-Modified:
      - Mon, 20 Jul 2015 17:54:27 GMT
      Content-Length:
      - '163'
      Location:
      - http://localhost:8983/fedora/rest/anno/choice_integration_specs/9d/a4/16/9b/9da4169b-30c0-40f4-8dd4-f9c7c872cf93/t/68/52/72/7a/6852727a-2d3b-42c3-887e-24d0bcbb65f3
      Content-Type:
      - text/plain
    body:
      encoding: UTF-8
      string: http://localhost:8983/fedora/rest/anno/choice_integration_specs/9d/a4/16/9b/9da4169b-30c0-40f4-8dd4-f9c7c872cf93/t/68/52/72/7a/6852727a-2d3b-42c3-887e-24d0bcbb65f3
    http_version: 
  recorded_at: Mon, 20 Jul 2015 17:54:27 GMT
- request:
    method: get
    uri: http://localhost:8983/fedora/rest/anno/choice_integration_specs/9d/a4/16/9b/9da4169b-30c0-40f4-8dd4-f9c7c872cf93
    body:
      encoding: US-ASCII
      string: ''
    headers:
      User-Agent:
      - Faraday v0.9.1
      Prefer:
      - return=respresentation; omit="http://fedora.info/definitions/v4/repository#ServerManaged"
      Accept:
      - application/x-turtle
      Accept-Encoding:
      - gzip;q=1.0,deflate;q=0.6,identity;q=0.3
  response:
    status:
      code: 200
      message: OK
    headers:
      Etag:
      - '"bb18049a9725bb84e33e67edb0c6c564cb8c191b"'
      Last-Modified:
      - Mon, 20 Jul 2015 17:54:27 GMT
      Link:
      - <http://www.w3.org/ns/ldp#BasicContainer>;rel="type"
      - <http://www.w3.org/ns/ldp#Container>;rel="type"
      - <http://www.w3.org/ns/ldp#Resource>;rel="type"
      Accept-Patch:
      - application/sparql-update
      Accept-Post:
      - text/turtle,text/rdf+n3,text/n3,application/rdf+xml,application/n-triples,multipart/form-data,application/sparql-update
      Allow:
      - MOVE,COPY,DELETE,POST,HEAD,GET,PUT,PATCH,OPTIONS
      Preference-Applied:
      - return=representation
      Vary:
      - Accept, Range, Accept-Encoding, Accept-Language
      - Prefer
      Content-Length:
      - '1880'
      Content-Type:
      - application/x-turtle
    body:
      encoding: UTF-8
      string: "@prefix premis: <http://www.loc.gov/premis/rdf/v1#> .\n@prefix image:
        <http://www.modeshape.org/images/1.0> .\n@prefix sv: <http://www.jcp.org/jcr/sv/1.0>
        .\n@prefix test: <info:fedora/test/> .\n@prefix nt: <http://www.jcp.org/jcr/nt/1.0>
        .\n@prefix cnt: <http://www.w3.org/2011/content#> .\n@prefix dcmitype: <http://purl.org/dc/dcmitype/>
        .\n@prefix rdfs: <http://www.w3.org/2000/01/rdf-schema#> .\n@prefix xsi: <http://www.w3.org/2001/XMLSchema-instance>
        .\n@prefix mode: <http://www.modeshape.org/1.0> .\n@prefix oa: <http://www.w3.org/ns/oa#>
        .\n@prefix triannon: <http://triannon.stanford.edu/ns/> .\n@prefix rdf: <http://www.w3.org/1999/02/22-rdf-syntax-ns#>
        .\n@prefix fedora: <http://fedora.info/definitions/v4/repository#> .\n@prefix
        xml: <http://www.w3.org/XML/1998/namespace> .\n@prefix ldp: <http://www.w3.org/ns/ldp#>
        .\n@prefix xs: <http://www.w3.org/2001/XMLSchema> .\n@prefix fedoraconfig:
        <http://fedora.info/definitions/v4/config#> .\n@prefix mix: <http://www.jcp.org/jcr/mix/1.0>
        .\n@prefix foaf: <http://xmlns.com/foaf/0.1/> .\n@prefix dc: <http://purl.org/dc/elements/1.1/>
        .\n\n\n<http://localhost:8983/fedora/rest/anno/choice_integration_specs/9d/a4/16/9b/9da4169b-30c0-40f4-8dd4-f9c7c872cf93>
        a oa:Annotation , ldp:BasicContainer ;\n\toa:motivatedBy oa:commenting ;\n\tldp:contains
        <http://localhost:8983/fedora/rest/anno/choice_integration_specs/9d/a4/16/9b/9da4169b-30c0-40f4-8dd4-f9c7c872cf93/b>
        , <http://localhost:8983/fedora/rest/anno/choice_integration_specs/9d/a4/16/9b/9da4169b-30c0-40f4-8dd4-f9c7c872cf93/t>
        ;\n\toa:hasTarget <http://localhost:8983/fedora/rest/anno/choice_integration_specs/9d/a4/16/9b/9da4169b-30c0-40f4-8dd4-f9c7c872cf93/t/68/52/72/7a/6852727a-2d3b-42c3-887e-24d0bcbb65f3>
        ;\n\toa:hasBody <http://localhost:8983/fedora/rest/anno/choice_integration_specs/9d/a4/16/9b/9da4169b-30c0-40f4-8dd4-f9c7c872cf93/b/f1/f3/fb/68/f1f3fb68-c541-4a37-9a84-abbd17aa0577>
        .\n"
    http_version: 
  recorded_at: Mon, 20 Jul 2015 17:54:27 GMT
- request:
    method: get
    uri: http://localhost:8983/fedora/rest/anno/choice_integration_specs/9d/a4/16/9b/9da4169b-30c0-40f4-8dd4-f9c7c872cf93/b/f1/f3/fb/68/f1f3fb68-c541-4a37-9a84-abbd17aa0577
    body:
      encoding: US-ASCII
      string: ''
    headers:
      User-Agent:
      - Faraday v0.9.1
      Prefer:
      - return=respresentation; omit="http://fedora.info/definitions/v4/repository#ServerManaged"
      Accept:
      - application/x-turtle
      Accept-Encoding:
      - gzip;q=1.0,deflate;q=0.6,identity;q=0.3
  response:
    status:
      code: 200
      message: OK
    headers:
      Etag:
      - '"17092ffced82373cfc0b3bdddf107bf73b5b5815"'
      Last-Modified:
      - Mon, 20 Jul 2015 17:54:27 GMT
      Link:
      - <http://www.w3.org/ns/ldp#BasicContainer>;rel="type"
      - <http://www.w3.org/ns/ldp#Container>;rel="type"
      - <http://www.w3.org/ns/ldp#Resource>;rel="type"
      Accept-Patch:
      - application/sparql-update
      Accept-Post:
      - text/turtle,text/rdf+n3,text/n3,application/rdf+xml,application/n-triples,multipart/form-data,application/sparql-update
      Allow:
      - MOVE,COPY,DELETE,POST,HEAD,GET,PUT,PATCH,OPTIONS
      Preference-Applied:
      - return=representation
      Vary:
      - Accept, Range, Accept-Encoding, Accept-Language
      - Prefer
      Content-Length:
      - '2309'
      Content-Type:
      - application/x-turtle
    body:
      encoding: UTF-8
      string: "@prefix premis: <http://www.loc.gov/premis/rdf/v1#> .\n@prefix image:
        <http://www.modeshape.org/images/1.0> .\n@prefix sv: <http://www.jcp.org/jcr/sv/1.0>
        .\n@prefix test: <info:fedora/test/> .\n@prefix nt: <http://www.jcp.org/jcr/nt/1.0>
        .\n@prefix cnt: <http://www.w3.org/2011/content#> .\n@prefix dcmitype: <http://purl.org/dc/dcmitype/>
        .\n@prefix rdfs: <http://www.w3.org/2000/01/rdf-schema#> .\n@prefix xsi: <http://www.w3.org/2001/XMLSchema-instance>
        .\n@prefix mode: <http://www.modeshape.org/1.0> .\n@prefix oa: <http://www.w3.org/ns/oa#>
        .\n@prefix triannon: <http://triannon.stanford.edu/ns/> .\n@prefix rdf: <http://www.w3.org/1999/02/22-rdf-syntax-ns#>
        .\n@prefix fedora: <http://fedora.info/definitions/v4/repository#> .\n@prefix
        xml: <http://www.w3.org/XML/1998/namespace> .\n@prefix ldp: <http://www.w3.org/ns/ldp#>
        .\n@prefix xs: <http://www.w3.org/2001/XMLSchema> .\n@prefix fedoraconfig:
        <http://fedora.info/definitions/v4/config#> .\n@prefix mix: <http://www.jcp.org/jcr/mix/1.0>
        .\n@prefix foaf: <http://xmlns.com/foaf/0.1/> .\n@prefix dc: <http://purl.org/dc/elements/1.1/>
        .\n\n\n<http://localhost:8983/fedora/rest/anno/choice_integration_specs/9d/a4/16/9b/9da4169b-30c0-40f4-8dd4-f9c7c872cf93/b/f1/f3/fb/68/f1f3fb68-c541-4a37-9a84-abbd17aa0577>
        a oa:Choice , ldp:BasicContainer ;\n\toa:item <http://localhost:8983/fedora/rest/anno/choice_integration_specs/9d/a4/16/9b/9da4169b-30c0-40f4-8dd4-f9c7c872cf93/b/f1/f3/fb/68/f1f3fb68-c541-4a37-9a84-abbd17aa0577#item1>
        ;\n\toa:default <http://localhost:8983/fedora/rest/anno/choice_integration_specs/9d/a4/16/9b/9da4169b-30c0-40f4-8dd4-f9c7c872cf93/b/f1/f3/fb/68/f1f3fb68-c541-4a37-9a84-abbd17aa0577#default>
        .\n\n<http://localhost:8983/fedora/rest/anno/choice_integration_specs/9d/a4/16/9b/9da4169b-30c0-40f4-8dd4-f9c7c872cf93/b/f1/f3/fb/68/f1f3fb68-c541-4a37-9a84-abbd17aa0577#default>
        a dcmitype:Sound ;\n\ttriannon:externalReference <http://www.myaudioblog.com/post/1.mp3>
        ;\n\tdc:format \"audio/mpeg3\"^^<http://www.w3.org/2001/XMLSchema#string>
        .\n\n<http://localhost:8983/fedora/rest/anno/choice_integration_specs/9d/a4/16/9b/9da4169b-30c0-40f4-8dd4-f9c7c872cf93/b/f1/f3/fb/68/f1f3fb68-c541-4a37-9a84-abbd17aa0577#item1>
        a dcmitype:Text ;\n\ttriannon:externalReference <http://text.transcriptions.com>
        ;\n\tdc:format \"text/plain\"^^<http://www.w3.org/2001/XMLSchema#string> .\n"
    http_version: 
  recorded_at: Mon, 20 Jul 2015 17:54:27 GMT
- request:
    method: get
    uri: http://localhost:8983/fedora/rest/anno/choice_integration_specs/9d/a4/16/9b/9da4169b-30c0-40f4-8dd4-f9c7c872cf93/t/68/52/72/7a/6852727a-2d3b-42c3-887e-24d0bcbb65f3
    body:
      encoding: US-ASCII
      string: ''
    headers:
      User-Agent:
      - Faraday v0.9.1
      Prefer:
      - return=respresentation; omit="http://fedora.info/definitions/v4/repository#ServerManaged"
      Accept:
      - application/x-turtle
      Accept-Encoding:
      - gzip;q=1.0,deflate;q=0.6,identity;q=0.3
  response:
    status:
      code: 200
      message: OK
    headers:
      Etag:
      - '"e19a6cc6b5931a1a99109e2535dd80acfd9ce6a1"'
      Last-Modified:
      - Mon, 20 Jul 2015 17:54:27 GMT
      Link:
      - <http://www.w3.org/ns/ldp#BasicContainer>;rel="type"
      - <http://www.w3.org/ns/ldp#Container>;rel="type"
      - <http://www.w3.org/ns/ldp#Resource>;rel="type"
      Accept-Patch:
      - application/sparql-update
      Accept-Post:
      - text/turtle,text/rdf+n3,text/n3,application/rdf+xml,application/n-triples,multipart/form-data,application/sparql-update
      Allow:
      - MOVE,COPY,DELETE,POST,HEAD,GET,PUT,PATCH,OPTIONS
      Preference-Applied:
      - return=representation
      Vary:
      - Accept, Range, Accept-Encoding, Accept-Language
      - Prefer
      Content-Length:
      - '1338'
      Content-Type:
      - application/x-turtle
    body:
      encoding: UTF-8
      string: "@prefix premis: <http://www.loc.gov/premis/rdf/v1#> .\n@prefix image:
        <http://www.modeshape.org/images/1.0> .\n@prefix sv: <http://www.jcp.org/jcr/sv/1.0>
        .\n@prefix test: <info:fedora/test/> .\n@prefix nt: <http://www.jcp.org/jcr/nt/1.0>
        .\n@prefix cnt: <http://www.w3.org/2011/content#> .\n@prefix dcmitype: <http://purl.org/dc/dcmitype/>
        .\n@prefix rdfs: <http://www.w3.org/2000/01/rdf-schema#> .\n@prefix xsi: <http://www.w3.org/2001/XMLSchema-instance>
        .\n@prefix mode: <http://www.modeshape.org/1.0> .\n@prefix oa: <http://www.w3.org/ns/oa#>
        .\n@prefix triannon: <http://triannon.stanford.edu/ns/> .\n@prefix rdf: <http://www.w3.org/1999/02/22-rdf-syntax-ns#>
        .\n@prefix fedora: <http://fedora.info/definitions/v4/repository#> .\n@prefix
        xml: <http://www.w3.org/XML/1998/namespace> .\n@prefix ldp: <http://www.w3.org/ns/ldp#>
        .\n@prefix xs: <http://www.w3.org/2001/XMLSchema> .\n@prefix fedoraconfig:
        <http://fedora.info/definitions/v4/config#> .\n@prefix mix: <http://www.jcp.org/jcr/mix/1.0>
        .\n@prefix foaf: <http://xmlns.com/foaf/0.1/> .\n@prefix dc: <http://purl.org/dc/elements/1.1/>
        .\n\n\n<http://localhost:8983/fedora/rest/anno/choice_integration_specs/9d/a4/16/9b/9da4169b-30c0-40f4-8dd4-f9c7c872cf93/t/68/52/72/7a/6852727a-2d3b-42c3-887e-24d0bcbb65f3>
        a ldp:BasicContainer ;\n\ttriannon:externalReference <http://purl.stanford.edu/kq131cs7229>
        .\n"
    http_version: 
  recorded_at: Mon, 20 Jul 2015 17:54:27 GMT
- request:
    method: get
    uri: http://localhost:8983/fedora/rest/anno/choice_integration_specs/9d/a4/16/9b/9da4169b-30c0-40f4-8dd4-f9c7c872cf93
    body:
      encoding: US-ASCII
      string: ''
    headers:
      User-Agent:
      - Faraday v0.9.1
      Prefer:
      - return=respresentation; omit="http://fedora.info/definitions/v4/repository#ServerManaged"
      Accept:
      - application/x-turtle
      Accept-Encoding:
      - gzip;q=1.0,deflate;q=0.6,identity;q=0.3
  response:
    status:
      code: 200
      message: OK
    headers:
      Etag:
      - '"bb18049a9725bb84e33e67edb0c6c564cb8c191b"'
      Last-Modified:
      - Mon, 20 Jul 2015 17:54:27 GMT
      Link:
      - <http://www.w3.org/ns/ldp#BasicContainer>;rel="type"
      - <http://www.w3.org/ns/ldp#Container>;rel="type"
      - <http://www.w3.org/ns/ldp#Resource>;rel="type"
      Accept-Patch:
      - application/sparql-update
      Accept-Post:
      - text/turtle,text/rdf+n3,text/n3,application/rdf+xml,application/n-triples,multipart/form-data,application/sparql-update
      Allow:
      - MOVE,COPY,DELETE,POST,HEAD,GET,PUT,PATCH,OPTIONS
      Preference-Applied:
      - return=representation
      Vary:
      - Accept, Range, Accept-Encoding, Accept-Language
      - Prefer
      Content-Length:
      - '1880'
      Content-Type:
      - application/x-turtle
    body:
      encoding: UTF-8
      string: "@prefix premis: <http://www.loc.gov/premis/rdf/v1#> .\n@prefix image:
        <http://www.modeshape.org/images/1.0> .\n@prefix sv: <http://www.jcp.org/jcr/sv/1.0>
        .\n@prefix test: <info:fedora/test/> .\n@prefix nt: <http://www.jcp.org/jcr/nt/1.0>
        .\n@prefix cnt: <http://www.w3.org/2011/content#> .\n@prefix dcmitype: <http://purl.org/dc/dcmitype/>
        .\n@prefix rdfs: <http://www.w3.org/2000/01/rdf-schema#> .\n@prefix xsi: <http://www.w3.org/2001/XMLSchema-instance>
        .\n@prefix mode: <http://www.modeshape.org/1.0> .\n@prefix oa: <http://www.w3.org/ns/oa#>
        .\n@prefix triannon: <http://triannon.stanford.edu/ns/> .\n@prefix rdf: <http://www.w3.org/1999/02/22-rdf-syntax-ns#>
        .\n@prefix fedora: <http://fedora.info/definitions/v4/repository#> .\n@prefix
        xml: <http://www.w3.org/XML/1998/namespace> .\n@prefix ldp: <http://www.w3.org/ns/ldp#>
        .\n@prefix xs: <http://www.w3.org/2001/XMLSchema> .\n@prefix fedoraconfig:
        <http://fedora.info/definitions/v4/config#> .\n@prefix mix: <http://www.jcp.org/jcr/mix/1.0>
        .\n@prefix foaf: <http://xmlns.com/foaf/0.1/> .\n@prefix dc: <http://purl.org/dc/elements/1.1/>
        .\n\n\n<http://localhost:8983/fedora/rest/anno/choice_integration_specs/9d/a4/16/9b/9da4169b-30c0-40f4-8dd4-f9c7c872cf93>
        a oa:Annotation , ldp:BasicContainer ;\n\toa:motivatedBy oa:commenting ;\n\tldp:contains
        <http://localhost:8983/fedora/rest/anno/choice_integration_specs/9d/a4/16/9b/9da4169b-30c0-40f4-8dd4-f9c7c872cf93/b>
        , <http://localhost:8983/fedora/rest/anno/choice_integration_specs/9d/a4/16/9b/9da4169b-30c0-40f4-8dd4-f9c7c872cf93/t>
        ;\n\toa:hasTarget <http://localhost:8983/fedora/rest/anno/choice_integration_specs/9d/a4/16/9b/9da4169b-30c0-40f4-8dd4-f9c7c872cf93/t/68/52/72/7a/6852727a-2d3b-42c3-887e-24d0bcbb65f3>
        ;\n\toa:hasBody <http://localhost:8983/fedora/rest/anno/choice_integration_specs/9d/a4/16/9b/9da4169b-30c0-40f4-8dd4-f9c7c872cf93/b/f1/f3/fb/68/f1f3fb68-c541-4a37-9a84-abbd17aa0577>
        .\n"
    http_version: 
  recorded_at: Mon, 20 Jul 2015 17:54:27 GMT
- request:
    method: get
    uri: http://localhost:8983/fedora/rest/anno/choice_integration_specs/9d/a4/16/9b/9da4169b-30c0-40f4-8dd4-f9c7c872cf93/b/f1/f3/fb/68/f1f3fb68-c541-4a37-9a84-abbd17aa0577
    body:
      encoding: US-ASCII
      string: ''
    headers:
      User-Agent:
      - Faraday v0.9.1
      Prefer:
      - return=respresentation; omit="http://fedora.info/definitions/v4/repository#ServerManaged"
      Accept:
      - application/x-turtle
      Accept-Encoding:
      - gzip;q=1.0,deflate;q=0.6,identity;q=0.3
  response:
    status:
      code: 200
      message: OK
    headers:
      Etag:
      - '"17092ffced82373cfc0b3bdddf107bf73b5b5815"'
      Last-Modified:
      - Mon, 20 Jul 2015 17:54:27 GMT
      Link:
      - <http://www.w3.org/ns/ldp#BasicContainer>;rel="type"
      - <http://www.w3.org/ns/ldp#Container>;rel="type"
      - <http://www.w3.org/ns/ldp#Resource>;rel="type"
      Accept-Patch:
      - application/sparql-update
      Accept-Post:
      - text/turtle,text/rdf+n3,text/n3,application/rdf+xml,application/n-triples,multipart/form-data,application/sparql-update
      Allow:
      - MOVE,COPY,DELETE,POST,HEAD,GET,PUT,PATCH,OPTIONS
      Preference-Applied:
      - return=representation
      Vary:
      - Accept, Range, Accept-Encoding, Accept-Language
      - Prefer
      Content-Length:
      - '2309'
      Content-Type:
      - application/x-turtle
    body:
      encoding: UTF-8
      string: "@prefix premis: <http://www.loc.gov/premis/rdf/v1#> .\n@prefix image:
        <http://www.modeshape.org/images/1.0> .\n@prefix sv: <http://www.jcp.org/jcr/sv/1.0>
        .\n@prefix test: <info:fedora/test/> .\n@prefix nt: <http://www.jcp.org/jcr/nt/1.0>
        .\n@prefix cnt: <http://www.w3.org/2011/content#> .\n@prefix dcmitype: <http://purl.org/dc/dcmitype/>
        .\n@prefix rdfs: <http://www.w3.org/2000/01/rdf-schema#> .\n@prefix xsi: <http://www.w3.org/2001/XMLSchema-instance>
        .\n@prefix mode: <http://www.modeshape.org/1.0> .\n@prefix oa: <http://www.w3.org/ns/oa#>
        .\n@prefix triannon: <http://triannon.stanford.edu/ns/> .\n@prefix rdf: <http://www.w3.org/1999/02/22-rdf-syntax-ns#>
        .\n@prefix fedora: <http://fedora.info/definitions/v4/repository#> .\n@prefix
        xml: <http://www.w3.org/XML/1998/namespace> .\n@prefix ldp: <http://www.w3.org/ns/ldp#>
        .\n@prefix xs: <http://www.w3.org/2001/XMLSchema> .\n@prefix fedoraconfig:
        <http://fedora.info/definitions/v4/config#> .\n@prefix mix: <http://www.jcp.org/jcr/mix/1.0>
        .\n@prefix foaf: <http://xmlns.com/foaf/0.1/> .\n@prefix dc: <http://purl.org/dc/elements/1.1/>
        .\n\n\n<http://localhost:8983/fedora/rest/anno/choice_integration_specs/9d/a4/16/9b/9da4169b-30c0-40f4-8dd4-f9c7c872cf93/b/f1/f3/fb/68/f1f3fb68-c541-4a37-9a84-abbd17aa0577>
        a oa:Choice , ldp:BasicContainer ;\n\toa:item <http://localhost:8983/fedora/rest/anno/choice_integration_specs/9d/a4/16/9b/9da4169b-30c0-40f4-8dd4-f9c7c872cf93/b/f1/f3/fb/68/f1f3fb68-c541-4a37-9a84-abbd17aa0577#item1>
        ;\n\toa:default <http://localhost:8983/fedora/rest/anno/choice_integration_specs/9d/a4/16/9b/9da4169b-30c0-40f4-8dd4-f9c7c872cf93/b/f1/f3/fb/68/f1f3fb68-c541-4a37-9a84-abbd17aa0577#default>
        .\n\n<http://localhost:8983/fedora/rest/anno/choice_integration_specs/9d/a4/16/9b/9da4169b-30c0-40f4-8dd4-f9c7c872cf93/b/f1/f3/fb/68/f1f3fb68-c541-4a37-9a84-abbd17aa0577#default>
        a dcmitype:Sound ;\n\ttriannon:externalReference <http://www.myaudioblog.com/post/1.mp3>
        ;\n\tdc:format \"audio/mpeg3\"^^<http://www.w3.org/2001/XMLSchema#string>
        .\n\n<http://localhost:8983/fedora/rest/anno/choice_integration_specs/9d/a4/16/9b/9da4169b-30c0-40f4-8dd4-f9c7c872cf93/b/f1/f3/fb/68/f1f3fb68-c541-4a37-9a84-abbd17aa0577#item1>
        a dcmitype:Text ;\n\ttriannon:externalReference <http://text.transcriptions.com>
        ;\n\tdc:format \"text/plain\"^^<http://www.w3.org/2001/XMLSchema#string> .\n"
    http_version: 
  recorded_at: Mon, 20 Jul 2015 17:54:27 GMT
- request:
    method: get
    uri: http://localhost:8983/fedora/rest/anno/choice_integration_specs/9d/a4/16/9b/9da4169b-30c0-40f4-8dd4-f9c7c872cf93/t/68/52/72/7a/6852727a-2d3b-42c3-887e-24d0bcbb65f3
    body:
      encoding: US-ASCII
      string: ''
    headers:
      User-Agent:
      - Faraday v0.9.1
      Prefer:
      - return=respresentation; omit="http://fedora.info/definitions/v4/repository#ServerManaged"
      Accept:
      - application/x-turtle
      Accept-Encoding:
      - gzip;q=1.0,deflate;q=0.6,identity;q=0.3
  response:
    status:
      code: 200
      message: OK
    headers:
      Etag:
      - '"e19a6cc6b5931a1a99109e2535dd80acfd9ce6a1"'
      Last-Modified:
      - Mon, 20 Jul 2015 17:54:27 GMT
      Link:
      - <http://www.w3.org/ns/ldp#BasicContainer>;rel="type"
      - <http://www.w3.org/ns/ldp#Container>;rel="type"
      - <http://www.w3.org/ns/ldp#Resource>;rel="type"
      Accept-Patch:
      - application/sparql-update
      Accept-Post:
      - text/turtle,text/rdf+n3,text/n3,application/rdf+xml,application/n-triples,multipart/form-data,application/sparql-update
      Allow:
      - MOVE,COPY,DELETE,POST,HEAD,GET,PUT,PATCH,OPTIONS
      Preference-Applied:
      - return=representation
      Vary:
      - Accept, Range, Accept-Encoding, Accept-Language
      - Prefer
      Content-Length:
      - '1338'
      Content-Type:
      - application/x-turtle
    body:
      encoding: UTF-8
      string: "@prefix premis: <http://www.loc.gov/premis/rdf/v1#> .\n@prefix image:
        <http://www.modeshape.org/images/1.0> .\n@prefix sv: <http://www.jcp.org/jcr/sv/1.0>
        .\n@prefix test: <info:fedora/test/> .\n@prefix nt: <http://www.jcp.org/jcr/nt/1.0>
        .\n@prefix cnt: <http://www.w3.org/2011/content#> .\n@prefix dcmitype: <http://purl.org/dc/dcmitype/>
        .\n@prefix rdfs: <http://www.w3.org/2000/01/rdf-schema#> .\n@prefix xsi: <http://www.w3.org/2001/XMLSchema-instance>
        .\n@prefix mode: <http://www.modeshape.org/1.0> .\n@prefix oa: <http://www.w3.org/ns/oa#>
        .\n@prefix triannon: <http://triannon.stanford.edu/ns/> .\n@prefix rdf: <http://www.w3.org/1999/02/22-rdf-syntax-ns#>
        .\n@prefix fedora: <http://fedora.info/definitions/v4/repository#> .\n@prefix
        xml: <http://www.w3.org/XML/1998/namespace> .\n@prefix ldp: <http://www.w3.org/ns/ldp#>
        .\n@prefix xs: <http://www.w3.org/2001/XMLSchema> .\n@prefix fedoraconfig:
        <http://fedora.info/definitions/v4/config#> .\n@prefix mix: <http://www.jcp.org/jcr/mix/1.0>
        .\n@prefix foaf: <http://xmlns.com/foaf/0.1/> .\n@prefix dc: <http://purl.org/dc/elements/1.1/>
        .\n\n\n<http://localhost:8983/fedora/rest/anno/choice_integration_specs/9d/a4/16/9b/9da4169b-30c0-40f4-8dd4-f9c7c872cf93/t/68/52/72/7a/6852727a-2d3b-42c3-887e-24d0bcbb65f3>
        a ldp:BasicContainer ;\n\ttriannon:externalReference <http://purl.stanford.edu/kq131cs7229>
        .\n"
    http_version: 
  recorded_at: Mon, 20 Jul 2015 17:54:27 GMT
recorded_with: VCR 2.9.3
