---
http_interactions:
- request:
    method: head
    uri: http://localhost:8983/fedora/rest/anno/specific_res_integration_specs
    body:
      encoding: US-ASCII
      string: ''
    headers:
      User-Agent:
      - Faraday v0.9.1
      Accept:
      - "*/*"
  response:
    status:
      code: 200
      message: OK
    headers:
      Etag:
      - '"bd399f12745f524a2e6d7d8050c50ae81703da90"'
      Last-Modified:
      - Wed, 08 Jul 2015 21:14:46 GMT
      Link:
      - <http://www.w3.org/ns/ldp#BasicContainer>;rel="type"
      - <http://www.w3.org/ns/ldp#Container>;rel="type"
      - <http://www.w3.org/ns/ldp#Resource>;rel="type"
      Accept-Patch:
      - application/sparql-update
      Accept-Post:
      - text/turtle,text/rdf+n3,text/n3,application/rdf+xml,application/n-triples,multipart/form-data,application/sparql-update
      Allow:
      - MOVE,COPY,DELETE,POST,HEAD,GET,PUT,PATCH,OPTIONS
      Content-Type:
      - text/tab-separated-values
      Content-Length:
      - '0'
    body:
      encoding: UTF-8
      string: ''
    http_version: 
  recorded_at: Wed, 08 Jul 2015 21:14:47 GMT
- request:
    method: post
    uri: http://localhost:8983/fedora/rest/anno/specific_res_integration_specs
    body:
      encoding: UTF-8
      string: |
        @prefix ldp: <http://www.w3.org/ns/ldp#> .
        @prefix oa: <http://www.w3.org/ns/oa#> .
        @prefix rdf: <http://www.w3.org/1999/02/22-rdf-syntax-ns#> .

        <> a oa:Annotation,
             ldp:BasicContainer;
           oa:motivatedBy oa:commenting .
    headers:
      User-Agent:
      - Faraday v0.9.1
      Prefer:
      - return=respresentation; omit="http://fedora.info/definitions/v4/repository#ServerManaged"
      Content-Type:
      - application/x-turtle
      Accept-Encoding:
      - gzip;q=1.0,deflate;q=0.6,identity;q=0.3
      Accept:
      - "*/*"
  response:
    status:
      code: 201
      message: Created
    headers:
      Etag:
      - '"58580ba9e367ffff4cc4f21735cffc610df48f94"'
      Last-Modified:
      - Wed, 08 Jul 2015 21:14:47 GMT
      Content-Length:
      - '118'
      Location:
      - http://localhost:8983/fedora/rest/anno/specific_res_integration_specs/01/1e/7c/d7/011e7cd7-2177-4977-9d9b-80fc3a81b1de
      Content-Type:
      - text/plain
    body:
      encoding: UTF-8
      string: http://localhost:8983/fedora/rest/anno/specific_res_integration_specs/01/1e/7c/d7/011e7cd7-2177-4977-9d9b-80fc3a81b1de
    http_version: 
  recorded_at: Wed, 08 Jul 2015 21:14:47 GMT
- request:
    method: post
    uri: http://localhost:8983/fedora/rest/anno/specific_res_integration_specs/01/1e/7c/d7/011e7cd7-2177-4977-9d9b-80fc3a81b1de
    body:
      encoding: UTF-8
      string: |
        @prefix ldp: <http://www.w3.org/ns/ldp#> .
        @prefix oa: <http://www.w3.org/ns/oa#> .
        @prefix rdf: <http://www.w3.org/1999/02/22-rdf-syntax-ns#> .

        <> a ldp:DirectContainer;
           ldp:hasMemberRelation oa:hasBody;
           ldp:membershipResource <http://localhost:8983/fedora/rest/anno/specific_res_integration_specs/01/1e/7c/d7/011e7cd7-2177-4977-9d9b-80fc3a81b1de> .
    headers:
      User-Agent:
      - Faraday v0.9.1
      Prefer:
      - return=respresentation; omit="http://fedora.info/definitions/v4/repository#ServerManaged"
      Content-Type:
      - application/x-turtle
      Slug:
      - b
      Accept-Encoding:
      - gzip;q=1.0,deflate;q=0.6,identity;q=0.3
      Accept:
      - "*/*"
  response:
    status:
      code: 201
      message: Created
    headers:
      Etag:
      - '"9c6bdae48fa166f35f7bd505e5ac966c55e37700"'
      Last-Modified:
      - Wed, 08 Jul 2015 21:14:47 GMT
      Content-Length:
      - '120'
      Location:
      - http://localhost:8983/fedora/rest/anno/specific_res_integration_specs/01/1e/7c/d7/011e7cd7-2177-4977-9d9b-80fc3a81b1de/b
      Content-Type:
      - text/plain
    body:
      encoding: UTF-8
      string: http://localhost:8983/fedora/rest/anno/specific_res_integration_specs/01/1e/7c/d7/011e7cd7-2177-4977-9d9b-80fc3a81b1de/b
    http_version: 
  recorded_at: Wed, 08 Jul 2015 21:14:47 GMT
- request:
    method: post
    uri: http://localhost:8983/fedora/rest/anno/specific_res_integration_specs/01/1e/7c/d7/011e7cd7-2177-4977-9d9b-80fc3a81b1de/b
    body:
      encoding: UTF-8
      string: |
        @prefix ldp: <http://www.w3.org/ns/ldp#> .
        @prefix oa: <http://www.w3.org/ns/oa#> .
        @prefix rdf: <http://www.w3.org/1999/02/22-rdf-syntax-ns#> .
        @prefix triannon: <http://triannon.stanford.edu/ns/> .
        @prefix xsd: <http://www.w3.org/2001/XMLSchema#> .

        <> a ldp:BasicContainer,
             oa:SpecificResource;
           oa:hasSelector [
             a oa:TextPositionSelector;
             oa:end "66"^^xsd:nonNegativeInteger;
             oa:start "0"^^xsd:nonNegativeInteger
           ];
           oa:hasSource <#source> .

        <#source> triannon:externalReference <https://stacks.stanford.edu/image/kq131cs7229/kq131cs7229_05_0032_large.jpg> .
    headers:
      User-Agent:
      - Faraday v0.9.1
      Prefer:
      - return=respresentation; omit="http://fedora.info/definitions/v4/repository#ServerManaged"
      Content-Type:
      - application/x-turtle
      Accept-Encoding:
      - gzip;q=1.0,deflate;q=0.6,identity;q=0.3
      Accept:
      - "*/*"
  response:
    status:
      code: 201
      message: Created
    headers:
      Etag:
      - '"0333d31d813ee7ed42655a349b46c4c894b9bc3e"'
      Last-Modified:
      - Wed, 08 Jul 2015 21:14:47 GMT
      Content-Length:
      - '169'
      Location:
      - http://localhost:8983/fedora/rest/anno/specific_res_integration_specs/01/1e/7c/d7/011e7cd7-2177-4977-9d9b-80fc3a81b1de/b/39/be/b4/48/39beb448-d177-4b34-8730-e2fec50d83dc
      Content-Type:
      - text/plain
    body:
      encoding: UTF-8
      string: http://localhost:8983/fedora/rest/anno/specific_res_integration_specs/01/1e/7c/d7/011e7cd7-2177-4977-9d9b-80fc3a81b1de/b/39/be/b4/48/39beb448-d177-4b34-8730-e2fec50d83dc
    http_version: 
  recorded_at: Wed, 08 Jul 2015 21:14:47 GMT
- request:
    method: post
    uri: http://localhost:8983/fedora/rest/anno/specific_res_integration_specs/01/1e/7c/d7/011e7cd7-2177-4977-9d9b-80fc3a81b1de
    body:
      encoding: UTF-8
      string: |
        @prefix ldp: <http://www.w3.org/ns/ldp#> .
        @prefix oa: <http://www.w3.org/ns/oa#> .
        @prefix rdf: <http://www.w3.org/1999/02/22-rdf-syntax-ns#> .

        <> a ldp:DirectContainer;
           ldp:hasMemberRelation oa:hasTarget;
           ldp:membershipResource <http://localhost:8983/fedora/rest/anno/specific_res_integration_specs/01/1e/7c/d7/011e7cd7-2177-4977-9d9b-80fc3a81b1de> .
    headers:
      User-Agent:
      - Faraday v0.9.1
      Prefer:
      - return=respresentation; omit="http://fedora.info/definitions/v4/repository#ServerManaged"
      Content-Type:
      - application/x-turtle
      Slug:
      - t
      Accept-Encoding:
      - gzip;q=1.0,deflate;q=0.6,identity;q=0.3
      Accept:
      - "*/*"
  response:
    status:
      code: 201
      message: Created
    headers:
      Etag:
      - '"24d9311c207f6916035932cfbcadac738d3095e3"'
      Last-Modified:
      - Wed, 08 Jul 2015 21:14:47 GMT
      Content-Length:
      - '120'
      Location:
      - http://localhost:8983/fedora/rest/anno/specific_res_integration_specs/01/1e/7c/d7/011e7cd7-2177-4977-9d9b-80fc3a81b1de/t
      Content-Type:
      - text/plain
    body:
      encoding: UTF-8
      string: http://localhost:8983/fedora/rest/anno/specific_res_integration_specs/01/1e/7c/d7/011e7cd7-2177-4977-9d9b-80fc3a81b1de/t
    http_version: 
  recorded_at: Wed, 08 Jul 2015 21:14:47 GMT
- request:
    method: post
    uri: http://localhost:8983/fedora/rest/anno/specific_res_integration_specs/01/1e/7c/d7/011e7cd7-2177-4977-9d9b-80fc3a81b1de/t
    body:
      encoding: UTF-8
      string: |
        @prefix ldp: <http://www.w3.org/ns/ldp#> .
        @prefix rdf: <http://www.w3.org/1999/02/22-rdf-syntax-ns#> .
        @prefix triannon: <http://triannon.stanford.edu/ns/> .

        <> a ldp:BasicContainer;
           triannon:externalReference <http://dbpedia.org/resource/Otto_Ege> .
    headers:
      User-Agent:
      - Faraday v0.9.1
      Prefer:
      - return=respresentation; omit="http://fedora.info/definitions/v4/repository#ServerManaged"
      Content-Type:
      - application/x-turtle
      Accept-Encoding:
      - gzip;q=1.0,deflate;q=0.6,identity;q=0.3
      Accept:
      - "*/*"
  response:
    status:
      code: 201
      message: Created
    headers:
      Etag:
      - '"9016d2bb5bd6da805c31cca34ed0701954cc812c"'
      Last-Modified:
      - Wed, 08 Jul 2015 21:14:47 GMT
      Content-Length:
      - '169'
      Location:
      - http://localhost:8983/fedora/rest/anno/specific_res_integration_specs/01/1e/7c/d7/011e7cd7-2177-4977-9d9b-80fc3a81b1de/t/c6/1b/c5/69/c61bc569-0294-4f2f-8634-b5fa64b7ede3
      Content-Type:
      - text/plain
    body:
      encoding: UTF-8
      string: http://localhost:8983/fedora/rest/anno/specific_res_integration_specs/01/1e/7c/d7/011e7cd7-2177-4977-9d9b-80fc3a81b1de/t/c6/1b/c5/69/c61bc569-0294-4f2f-8634-b5fa64b7ede3
    http_version: 
  recorded_at: Wed, 08 Jul 2015 21:14:47 GMT
- request:
    method: get
    uri: http://localhost:8983/fedora/rest/anno/specific_res_integration_specs/01/1e/7c/d7/011e7cd7-2177-4977-9d9b-80fc3a81b1de
    body:
      encoding: US-ASCII
      string: ''
    headers:
      User-Agent:
      - Faraday v0.9.1
      Prefer:
      - return=respresentation; omit="http://fedora.info/definitions/v4/repository#ServerManaged"
      Accept:
      - application/x-turtle
      Accept-Encoding:
      - gzip;q=1.0,deflate;q=0.6,identity;q=0.3
  response:
    status:
      code: 200
      message: OK
    headers:
      Etag:
      - '"afd484ba9f1126c05c4e9496cc7cfc199482f4e2"'
      Last-Modified:
      - Wed, 08 Jul 2015 21:14:47 GMT
      Link:
      - <http://www.w3.org/ns/ldp#BasicContainer>;rel="type"
      - <http://www.w3.org/ns/ldp#Container>;rel="type"
      - <http://www.w3.org/ns/ldp#Resource>;rel="type"
      Accept-Patch:
      - application/sparql-update
      Accept-Post:
      - text/turtle,text/rdf+n3,text/n3,application/rdf+xml,application/n-triples,multipart/form-data,application/sparql-update
      Allow:
      - MOVE,COPY,DELETE,POST,HEAD,GET,PUT,PATCH,OPTIONS
      Preference-Applied:
      - return=representation
      Vary:
      - Accept, Range, Accept-Encoding, Accept-Language
      - Prefer
      Content-Length:
      - '1948'
      Content-Type:
      - application/x-turtle
    body:
      encoding: UTF-8
      string: "@prefix premis: <http://www.loc.gov/premis/rdf/v1#> .\n@prefix image:
        <http://www.modeshape.org/images/1.0> .\n@prefix sv: <http://www.jcp.org/jcr/sv/1.0>
        .\n@prefix test: <info:fedora/test/> .\n@prefix nt: <http://www.jcp.org/jcr/nt/1.0>
        .\n@prefix cnt: <http://www.w3.org/2011/content#> .\n@prefix dcmitype: <http://purl.org/dc/dcmitype/>
        .\n@prefix rdfs: <http://www.w3.org/2000/01/rdf-schema#> .\n@prefix xsi: <http://www.w3.org/2001/XMLSchema-instance>
        .\n@prefix mode: <http://www.modeshape.org/1.0> .\n@prefix oa: <http://www.w3.org/ns/oa#>
        .\n@prefix triannon: <http://triannon.stanford.edu/ns/> .\n@prefix rdf: <http://www.w3.org/1999/02/22-rdf-syntax-ns#>
        .\n@prefix fedora: <http://fedora.info/definitions/v4/repository#> .\n@prefix
        xml: <http://www.w3.org/XML/1998/namespace> .\n@prefix ldp: <http://www.w3.org/ns/ldp#>
        .\n@prefix xs: <http://www.w3.org/2001/XMLSchema> .\n@prefix fedoraconfig:
        <http://fedora.info/definitions/v4/config#> .\n@prefix mix: <http://www.jcp.org/jcr/mix/1.0>
        .\n@prefix prov: <http://www.w3.org/ns/prov#> .\n@prefix foaf: <http://xmlns.com/foaf/0.1/>
        .\n@prefix dc: <http://purl.org/dc/terms/> .\n\n\n<http://localhost:8983/fedora/rest/anno/specific_res_integration_specs/01/1e/7c/d7/011e7cd7-2177-4977-9d9b-80fc3a81b1de>
        a oa:Annotation , ldp:BasicContainer ;\n\toa:motivatedBy oa:commenting ;\n\tldp:contains
        <http://localhost:8983/fedora/rest/anno/specific_res_integration_specs/01/1e/7c/d7/011e7cd7-2177-4977-9d9b-80fc3a81b1de/b>
        , <http://localhost:8983/fedora/rest/anno/specific_res_integration_specs/01/1e/7c/d7/011e7cd7-2177-4977-9d9b-80fc3a81b1de/t>
        ;\n\toa:hasBody <http://localhost:8983/fedora/rest/anno/specific_res_integration_specs/01/1e/7c/d7/011e7cd7-2177-4977-9d9b-80fc3a81b1de/b/39/be/b4/48/39beb448-d177-4b34-8730-e2fec50d83dc>
        ;\n\toa:hasTarget <http://localhost:8983/fedora/rest/anno/specific_res_integration_specs/01/1e/7c/d7/011e7cd7-2177-4977-9d9b-80fc3a81b1de/t/c6/1b/c5/69/c61bc569-0294-4f2f-8634-b5fa64b7ede3>
        .\n"
    http_version: 
  recorded_at: Wed, 08 Jul 2015 21:14:47 GMT
- request:
    method: get
    uri: http://localhost:8983/fedora/rest/anno/specific_res_integration_specs/01/1e/7c/d7/011e7cd7-2177-4977-9d9b-80fc3a81b1de/b/39/be/b4/48/39beb448-d177-4b34-8730-e2fec50d83dc
    body:
      encoding: US-ASCII
      string: ''
    headers:
      User-Agent:
      - Faraday v0.9.1
      Prefer:
      - return=respresentation; omit="http://fedora.info/definitions/v4/repository#ServerManaged"
      Accept:
      - application/x-turtle
      Accept-Encoding:
      - gzip;q=1.0,deflate;q=0.6,identity;q=0.3
  response:
    status:
      code: 200
      message: OK
    headers:
      Etag:
      - '"0333d31d813ee7ed42655a349b46c4c894b9bc3e"'
      Last-Modified:
      - Wed, 08 Jul 2015 21:14:47 GMT
      Link:
      - <http://www.w3.org/ns/ldp#BasicContainer>;rel="type"
      - <http://www.w3.org/ns/ldp#Container>;rel="type"
      - <http://www.w3.org/ns/ldp#Resource>;rel="type"
      Accept-Patch:
      - application/sparql-update
      Accept-Post:
      - text/turtle,text/rdf+n3,text/n3,application/rdf+xml,application/n-triples,multipart/form-data,application/sparql-update
      Allow:
      - MOVE,COPY,DELETE,POST,HEAD,GET,PUT,PATCH,OPTIONS
      Preference-Applied:
      - return=representation
      Vary:
      - Accept, Range, Accept-Encoding, Accept-Language
      - Prefer
      Content-Length:
      - '2211'
      Content-Type:
      - application/x-turtle
    body:
      encoding: UTF-8
      string: "@prefix premis: <http://www.loc.gov/premis/rdf/v1#> .\n@prefix image:
        <http://www.modeshape.org/images/1.0> .\n@prefix sv: <http://www.jcp.org/jcr/sv/1.0>
        .\n@prefix test: <info:fedora/test/> .\n@prefix nt: <http://www.jcp.org/jcr/nt/1.0>
        .\n@prefix cnt: <http://www.w3.org/2011/content#> .\n@prefix dcmitype: <http://purl.org/dc/dcmitype/>
        .\n@prefix rdfs: <http://www.w3.org/2000/01/rdf-schema#> .\n@prefix xsi: <http://www.w3.org/2001/XMLSchema-instance>
        .\n@prefix mode: <http://www.modeshape.org/1.0> .\n@prefix oa: <http://www.w3.org/ns/oa#>
        .\n@prefix triannon: <http://triannon.stanford.edu/ns/> .\n@prefix rdf: <http://www.w3.org/1999/02/22-rdf-syntax-ns#>
        .\n@prefix fedora: <http://fedora.info/definitions/v4/repository#> .\n@prefix
        xml: <http://www.w3.org/XML/1998/namespace> .\n@prefix ldp: <http://www.w3.org/ns/ldp#>
        .\n@prefix xs: <http://www.w3.org/2001/XMLSchema> .\n@prefix fedoraconfig:
        <http://fedora.info/definitions/v4/config#> .\n@prefix mix: <http://www.jcp.org/jcr/mix/1.0>
        .\n@prefix prov: <http://www.w3.org/ns/prov#> .\n@prefix foaf: <http://xmlns.com/foaf/0.1/>
        .\n@prefix dc: <http://purl.org/dc/terms/> .\n\n\n<http://localhost:8983/fedora/rest/anno/specific_res_integration_specs/01/1e/7c/d7/011e7cd7-2177-4977-9d9b-80fc3a81b1de/b/39/be/b4/48/39beb448-d177-4b34-8730-e2fec50d83dc>
        a oa:SpecificResource , ldp:BasicContainer ;\n\toa:hasSelector <http://localhost:8983/fedora/rest/.well-known/genid/93/22/7d/6d/93227d6d-269c-44eb-af12-ad6fe908eeff>
        ;\n\toa:hasSource <http://localhost:8983/fedora/rest/anno/specific_res_integration_specs/01/1e/7c/d7/011e7cd7-2177-4977-9d9b-80fc3a81b1de/b/39/be/b4/48/39beb448-d177-4b34-8730-e2fec50d83dc#source>
        .\n\n<http://localhost:8983/fedora/rest/anno/specific_res_integration_specs/01/1e/7c/d7/011e7cd7-2177-4977-9d9b-80fc3a81b1de/b/39/be/b4/48/39beb448-d177-4b34-8730-e2fec50d83dc#source>
        triannon:externalReference <https://stacks.stanford.edu/image/kq131cs7229/kq131cs7229_05_0032_large.jpg>
        .\n\n<http://localhost:8983/fedora/rest/.well-known/genid/93/22/7d/6d/93227d6d-269c-44eb-af12-ad6fe908eeff>
        a oa:TextPositionSelector ;\n\toa:end \"66\"^^<http://www.w3.org/2001/XMLSchema#nonNegativeInteger>
        ;\n\toa:start \"0\"^^<http://www.w3.org/2001/XMLSchema#nonNegativeInteger>
        .\n"
    http_version: 
  recorded_at: Wed, 08 Jul 2015 21:14:47 GMT
- request:
    method: get
    uri: http://localhost:8983/fedora/rest/anno/specific_res_integration_specs/01/1e/7c/d7/011e7cd7-2177-4977-9d9b-80fc3a81b1de/t/c6/1b/c5/69/c61bc569-0294-4f2f-8634-b5fa64b7ede3
    body:
      encoding: US-ASCII
      string: ''
    headers:
      User-Agent:
      - Faraday v0.9.1
      Prefer:
      - return=respresentation; omit="http://fedora.info/definitions/v4/repository#ServerManaged"
      Accept:
      - application/x-turtle
      Accept-Encoding:
      - gzip;q=1.0,deflate;q=0.6,identity;q=0.3
  response:
    status:
      code: 200
      message: OK
    headers:
      Etag:
      - '"9016d2bb5bd6da805c31cca34ed0701954cc812c"'
      Last-Modified:
      - Wed, 08 Jul 2015 21:14:47 GMT
      Link:
      - <http://www.w3.org/ns/ldp#BasicContainer>;rel="type"
      - <http://www.w3.org/ns/ldp#Container>;rel="type"
      - <http://www.w3.org/ns/ldp#Resource>;rel="type"
      Accept-Patch:
      - application/sparql-update
      Accept-Post:
      - text/turtle,text/rdf+n3,text/n3,application/rdf+xml,application/n-triples,multipart/form-data,application/sparql-update
      Allow:
      - MOVE,COPY,DELETE,POST,HEAD,GET,PUT,PATCH,OPTIONS
      Preference-Applied:
      - return=representation
      Vary:
      - Accept, Range, Accept-Encoding, Accept-Language
      - Prefer
      Content-Length:
      - '1382'
      Content-Type:
      - application/x-turtle
    body:
      encoding: UTF-8
      string: "@prefix premis: <http://www.loc.gov/premis/rdf/v1#> .\n@prefix image:
        <http://www.modeshape.org/images/1.0> .\n@prefix sv: <http://www.jcp.org/jcr/sv/1.0>
        .\n@prefix test: <info:fedora/test/> .\n@prefix nt: <http://www.jcp.org/jcr/nt/1.0>
        .\n@prefix cnt: <http://www.w3.org/2011/content#> .\n@prefix dcmitype: <http://purl.org/dc/dcmitype/>
        .\n@prefix rdfs: <http://www.w3.org/2000/01/rdf-schema#> .\n@prefix xsi: <http://www.w3.org/2001/XMLSchema-instance>
        .\n@prefix mode: <http://www.modeshape.org/1.0> .\n@prefix oa: <http://www.w3.org/ns/oa#>
        .\n@prefix triannon: <http://triannon.stanford.edu/ns/> .\n@prefix rdf: <http://www.w3.org/1999/02/22-rdf-syntax-ns#>
        .\n@prefix fedora: <http://fedora.info/definitions/v4/repository#> .\n@prefix
        xml: <http://www.w3.org/XML/1998/namespace> .\n@prefix ldp: <http://www.w3.org/ns/ldp#>
        .\n@prefix xs: <http://www.w3.org/2001/XMLSchema> .\n@prefix fedoraconfig:
        <http://fedora.info/definitions/v4/config#> .\n@prefix mix: <http://www.jcp.org/jcr/mix/1.0>
        .\n@prefix prov: <http://www.w3.org/ns/prov#> .\n@prefix foaf: <http://xmlns.com/foaf/0.1/>
        .\n@prefix dc: <http://purl.org/dc/terms/> .\n\n\n<http://localhost:8983/fedora/rest/anno/specific_res_integration_specs/01/1e/7c/d7/011e7cd7-2177-4977-9d9b-80fc3a81b1de/t/c6/1b/c5/69/c61bc569-0294-4f2f-8634-b5fa64b7ede3>
        a ldp:BasicContainer ;\n\ttriannon:externalReference <http://dbpedia.org/resource/Otto_Ege>
        .\n"
    http_version: 
  recorded_at: Wed, 08 Jul 2015 21:14:47 GMT
- request:
    method: get
    uri: http://localhost:8983/fedora/rest/anno/specific_res_integration_specs/01/1e/7c/d7/011e7cd7-2177-4977-9d9b-80fc3a81b1de
    body:
      encoding: US-ASCII
      string: ''
    headers:
      User-Agent:
      - Faraday v0.9.1
      Prefer:
      - return=respresentation; omit="http://fedora.info/definitions/v4/repository#ServerManaged"
      Accept:
      - application/x-turtle
      Accept-Encoding:
      - gzip;q=1.0,deflate;q=0.6,identity;q=0.3
  response:
    status:
      code: 200
      message: OK
    headers:
      Etag:
      - '"afd484ba9f1126c05c4e9496cc7cfc199482f4e2"'
      Last-Modified:
      - Wed, 08 Jul 2015 21:14:47 GMT
      Link:
      - <http://www.w3.org/ns/ldp#BasicContainer>;rel="type"
      - <http://www.w3.org/ns/ldp#Container>;rel="type"
      - <http://www.w3.org/ns/ldp#Resource>;rel="type"
      Accept-Patch:
      - application/sparql-update
      Accept-Post:
      - text/turtle,text/rdf+n3,text/n3,application/rdf+xml,application/n-triples,multipart/form-data,application/sparql-update
      Allow:
      - MOVE,COPY,DELETE,POST,HEAD,GET,PUT,PATCH,OPTIONS
      Preference-Applied:
      - return=representation
      Vary:
      - Accept, Range, Accept-Encoding, Accept-Language
      - Prefer
      Content-Length:
      - '1948'
      Content-Type:
      - application/x-turtle
    body:
      encoding: UTF-8
      string: "@prefix premis: <http://www.loc.gov/premis/rdf/v1#> .\n@prefix image:
        <http://www.modeshape.org/images/1.0> .\n@prefix sv: <http://www.jcp.org/jcr/sv/1.0>
        .\n@prefix test: <info:fedora/test/> .\n@prefix nt: <http://www.jcp.org/jcr/nt/1.0>
        .\n@prefix cnt: <http://www.w3.org/2011/content#> .\n@prefix dcmitype: <http://purl.org/dc/dcmitype/>
        .\n@prefix rdfs: <http://www.w3.org/2000/01/rdf-schema#> .\n@prefix xsi: <http://www.w3.org/2001/XMLSchema-instance>
        .\n@prefix mode: <http://www.modeshape.org/1.0> .\n@prefix oa: <http://www.w3.org/ns/oa#>
        .\n@prefix triannon: <http://triannon.stanford.edu/ns/> .\n@prefix rdf: <http://www.w3.org/1999/02/22-rdf-syntax-ns#>
        .\n@prefix fedora: <http://fedora.info/definitions/v4/repository#> .\n@prefix
        xml: <http://www.w3.org/XML/1998/namespace> .\n@prefix ldp: <http://www.w3.org/ns/ldp#>
        .\n@prefix xs: <http://www.w3.org/2001/XMLSchema> .\n@prefix fedoraconfig:
        <http://fedora.info/definitions/v4/config#> .\n@prefix mix: <http://www.jcp.org/jcr/mix/1.0>
        .\n@prefix prov: <http://www.w3.org/ns/prov#> .\n@prefix foaf: <http://xmlns.com/foaf/0.1/>
        .\n@prefix dc: <http://purl.org/dc/terms/> .\n\n\n<http://localhost:8983/fedora/rest/anno/specific_res_integration_specs/01/1e/7c/d7/011e7cd7-2177-4977-9d9b-80fc3a81b1de>
        a oa:Annotation , ldp:BasicContainer ;\n\toa:motivatedBy oa:commenting ;\n\tldp:contains
        <http://localhost:8983/fedora/rest/anno/specific_res_integration_specs/01/1e/7c/d7/011e7cd7-2177-4977-9d9b-80fc3a81b1de/b>
        , <http://localhost:8983/fedora/rest/anno/specific_res_integration_specs/01/1e/7c/d7/011e7cd7-2177-4977-9d9b-80fc3a81b1de/t>
        ;\n\toa:hasBody <http://localhost:8983/fedora/rest/anno/specific_res_integration_specs/01/1e/7c/d7/011e7cd7-2177-4977-9d9b-80fc3a81b1de/b/39/be/b4/48/39beb448-d177-4b34-8730-e2fec50d83dc>
        ;\n\toa:hasTarget <http://localhost:8983/fedora/rest/anno/specific_res_integration_specs/01/1e/7c/d7/011e7cd7-2177-4977-9d9b-80fc3a81b1de/t/c6/1b/c5/69/c61bc569-0294-4f2f-8634-b5fa64b7ede3>
        .\n"
    http_version: 
  recorded_at: Wed, 08 Jul 2015 21:14:47 GMT
- request:
    method: get
    uri: http://localhost:8983/fedora/rest/anno/specific_res_integration_specs/01/1e/7c/d7/011e7cd7-2177-4977-9d9b-80fc3a81b1de/b/39/be/b4/48/39beb448-d177-4b34-8730-e2fec50d83dc
    body:
      encoding: US-ASCII
      string: ''
    headers:
      User-Agent:
      - Faraday v0.9.1
      Prefer:
      - return=respresentation; omit="http://fedora.info/definitions/v4/repository#ServerManaged"
      Accept:
      - application/x-turtle
      Accept-Encoding:
      - gzip;q=1.0,deflate;q=0.6,identity;q=0.3
  response:
    status:
      code: 200
      message: OK
    headers:
      Etag:
      - '"0333d31d813ee7ed42655a349b46c4c894b9bc3e"'
      Last-Modified:
      - Wed, 08 Jul 2015 21:14:47 GMT
      Link:
      - <http://www.w3.org/ns/ldp#BasicContainer>;rel="type"
      - <http://www.w3.org/ns/ldp#Container>;rel="type"
      - <http://www.w3.org/ns/ldp#Resource>;rel="type"
      Accept-Patch:
      - application/sparql-update
      Accept-Post:
      - text/turtle,text/rdf+n3,text/n3,application/rdf+xml,application/n-triples,multipart/form-data,application/sparql-update
      Allow:
      - MOVE,COPY,DELETE,POST,HEAD,GET,PUT,PATCH,OPTIONS
      Preference-Applied:
      - return=representation
      Vary:
      - Accept, Range, Accept-Encoding, Accept-Language
      - Prefer
      Content-Length:
      - '2211'
      Content-Type:
      - application/x-turtle
    body:
      encoding: UTF-8
      string: "@prefix premis: <http://www.loc.gov/premis/rdf/v1#> .\n@prefix image:
        <http://www.modeshape.org/images/1.0> .\n@prefix sv: <http://www.jcp.org/jcr/sv/1.0>
        .\n@prefix test: <info:fedora/test/> .\n@prefix nt: <http://www.jcp.org/jcr/nt/1.0>
        .\n@prefix cnt: <http://www.w3.org/2011/content#> .\n@prefix dcmitype: <http://purl.org/dc/dcmitype/>
        .\n@prefix rdfs: <http://www.w3.org/2000/01/rdf-schema#> .\n@prefix xsi: <http://www.w3.org/2001/XMLSchema-instance>
        .\n@prefix mode: <http://www.modeshape.org/1.0> .\n@prefix oa: <http://www.w3.org/ns/oa#>
        .\n@prefix triannon: <http://triannon.stanford.edu/ns/> .\n@prefix rdf: <http://www.w3.org/1999/02/22-rdf-syntax-ns#>
        .\n@prefix fedora: <http://fedora.info/definitions/v4/repository#> .\n@prefix
        xml: <http://www.w3.org/XML/1998/namespace> .\n@prefix ldp: <http://www.w3.org/ns/ldp#>
        .\n@prefix xs: <http://www.w3.org/2001/XMLSchema> .\n@prefix fedoraconfig:
        <http://fedora.info/definitions/v4/config#> .\n@prefix mix: <http://www.jcp.org/jcr/mix/1.0>
        .\n@prefix prov: <http://www.w3.org/ns/prov#> .\n@prefix foaf: <http://xmlns.com/foaf/0.1/>
        .\n@prefix dc: <http://purl.org/dc/terms/> .\n\n\n<http://localhost:8983/fedora/rest/anno/specific_res_integration_specs/01/1e/7c/d7/011e7cd7-2177-4977-9d9b-80fc3a81b1de/b/39/be/b4/48/39beb448-d177-4b34-8730-e2fec50d83dc>
        a oa:SpecificResource , ldp:BasicContainer ;\n\toa:hasSelector <http://localhost:8983/fedora/rest/.well-known/genid/93/22/7d/6d/93227d6d-269c-44eb-af12-ad6fe908eeff>
        ;\n\toa:hasSource <http://localhost:8983/fedora/rest/anno/specific_res_integration_specs/01/1e/7c/d7/011e7cd7-2177-4977-9d9b-80fc3a81b1de/b/39/be/b4/48/39beb448-d177-4b34-8730-e2fec50d83dc#source>
        .\n\n<http://localhost:8983/fedora/rest/anno/specific_res_integration_specs/01/1e/7c/d7/011e7cd7-2177-4977-9d9b-80fc3a81b1de/b/39/be/b4/48/39beb448-d177-4b34-8730-e2fec50d83dc#source>
        triannon:externalReference <https://stacks.stanford.edu/image/kq131cs7229/kq131cs7229_05_0032_large.jpg>
        .\n\n<http://localhost:8983/fedora/rest/.well-known/genid/93/22/7d/6d/93227d6d-269c-44eb-af12-ad6fe908eeff>
        a oa:TextPositionSelector ;\n\toa:end \"66\"^^<http://www.w3.org/2001/XMLSchema#nonNegativeInteger>
        ;\n\toa:start \"0\"^^<http://www.w3.org/2001/XMLSchema#nonNegativeInteger>
        .\n"
    http_version: 
  recorded_at: Wed, 08 Jul 2015 21:14:47 GMT
- request:
    method: get
    uri: http://localhost:8983/fedora/rest/anno/specific_res_integration_specs/01/1e/7c/d7/011e7cd7-2177-4977-9d9b-80fc3a81b1de/t/c6/1b/c5/69/c61bc569-0294-4f2f-8634-b5fa64b7ede3
    body:
      encoding: US-ASCII
      string: ''
    headers:
      User-Agent:
      - Faraday v0.9.1
      Prefer:
      - return=respresentation; omit="http://fedora.info/definitions/v4/repository#ServerManaged"
      Accept:
      - application/x-turtle
      Accept-Encoding:
      - gzip;q=1.0,deflate;q=0.6,identity;q=0.3
  response:
    status:
      code: 200
      message: OK
    headers:
      Etag:
      - '"9016d2bb5bd6da805c31cca34ed0701954cc812c"'
      Last-Modified:
      - Wed, 08 Jul 2015 21:14:47 GMT
      Link:
      - <http://www.w3.org/ns/ldp#BasicContainer>;rel="type"
      - <http://www.w3.org/ns/ldp#Container>;rel="type"
      - <http://www.w3.org/ns/ldp#Resource>;rel="type"
      Accept-Patch:
      - application/sparql-update
      Accept-Post:
      - text/turtle,text/rdf+n3,text/n3,application/rdf+xml,application/n-triples,multipart/form-data,application/sparql-update
      Allow:
      - MOVE,COPY,DELETE,POST,HEAD,GET,PUT,PATCH,OPTIONS
      Preference-Applied:
      - return=representation
      Vary:
      - Accept, Range, Accept-Encoding, Accept-Language
      - Prefer
      Content-Length:
      - '1382'
      Content-Type:
      - application/x-turtle
    body:
      encoding: UTF-8
      string: "@prefix premis: <http://www.loc.gov/premis/rdf/v1#> .\n@prefix image:
        <http://www.modeshape.org/images/1.0> .\n@prefix sv: <http://www.jcp.org/jcr/sv/1.0>
        .\n@prefix test: <info:fedora/test/> .\n@prefix nt: <http://www.jcp.org/jcr/nt/1.0>
        .\n@prefix cnt: <http://www.w3.org/2011/content#> .\n@prefix dcmitype: <http://purl.org/dc/dcmitype/>
        .\n@prefix rdfs: <http://www.w3.org/2000/01/rdf-schema#> .\n@prefix xsi: <http://www.w3.org/2001/XMLSchema-instance>
        .\n@prefix mode: <http://www.modeshape.org/1.0> .\n@prefix oa: <http://www.w3.org/ns/oa#>
        .\n@prefix triannon: <http://triannon.stanford.edu/ns/> .\n@prefix rdf: <http://www.w3.org/1999/02/22-rdf-syntax-ns#>
        .\n@prefix fedora: <http://fedora.info/definitions/v4/repository#> .\n@prefix
        xml: <http://www.w3.org/XML/1998/namespace> .\n@prefix ldp: <http://www.w3.org/ns/ldp#>
        .\n@prefix xs: <http://www.w3.org/2001/XMLSchema> .\n@prefix fedoraconfig:
        <http://fedora.info/definitions/v4/config#> .\n@prefix mix: <http://www.jcp.org/jcr/mix/1.0>
        .\n@prefix prov: <http://www.w3.org/ns/prov#> .\n@prefix foaf: <http://xmlns.com/foaf/0.1/>
        .\n@prefix dc: <http://purl.org/dc/terms/> .\n\n\n<http://localhost:8983/fedora/rest/anno/specific_res_integration_specs/01/1e/7c/d7/011e7cd7-2177-4977-9d9b-80fc3a81b1de/t/c6/1b/c5/69/c61bc569-0294-4f2f-8634-b5fa64b7ede3>
        a ldp:BasicContainer ;\n\ttriannon:externalReference <http://dbpedia.org/resource/Otto_Ege>
        .\n"
    http_version: 
  recorded_at: Wed, 08 Jul 2015 21:14:47 GMT
recorded_with: VCR 2.9.3
