---
http_interactions:
- request:
    method: head
    uri: http://localhost:8983/fedora/rest/anno/specific_res_integration_specs
    body:
      encoding: US-ASCII
      string: ''
    headers:
      User-Agent:
      - Faraday v0.9.1
      Accept:
      - "*/*"
  response:
    status:
      code: 200
      message: OK
    headers:
      Etag:
      - '"c4af7172b6ffa72f95ee354ee5d7faccfc23b279"'
      Last-Modified:
      - Mon, 20 Jul 2015 17:54:41 GMT
      Link:
      - <http://www.w3.org/ns/ldp#BasicContainer>;rel="type"
      - <http://www.w3.org/ns/ldp#Container>;rel="type"
      - <http://www.w3.org/ns/ldp#Resource>;rel="type"
      Accept-Patch:
      - application/sparql-update
      Accept-Post:
      - text/turtle,text/rdf+n3,text/n3,application/rdf+xml,application/n-triples,multipart/form-data,application/sparql-update
      Allow:
      - MOVE,COPY,DELETE,POST,HEAD,GET,PUT,PATCH,OPTIONS
      Content-Type:
      - text/tab-separated-values
      Content-Length:
      - '0'
    body:
      encoding: UTF-8
      string: ''
    http_version: 
  recorded_at: Mon, 20 Jul 2015 17:54:42 GMT
- request:
    method: post
    uri: http://localhost:8983/fedora/rest/anno/specific_res_integration_specs
    body:
      encoding: UTF-8
      string: |
        @prefix ldp: <http://www.w3.org/ns/ldp#> .
        @prefix oa: <http://www.w3.org/ns/oa#> .
        @prefix rdf: <http://www.w3.org/1999/02/22-rdf-syntax-ns#> .

        <> a oa:Annotation,
             ldp:BasicContainer;
           oa:motivatedBy oa:commenting .
    headers:
      User-Agent:
      - Faraday v0.9.1
      Prefer:
      - return=respresentation; omit="http://fedora.info/definitions/v4/repository#ServerManaged"
      Content-Type:
      - application/x-turtle
      Accept-Encoding:
      - gzip;q=1.0,deflate;q=0.6,identity;q=0.3
      Accept:
      - "*/*"
  response:
    status:
      code: 201
      message: Created
    headers:
      Etag:
      - '"222f465538e082b29e94352e1acbbb432a082925"'
      Last-Modified:
      - Mon, 20 Jul 2015 17:54:42 GMT
      Content-Length:
      - '118'
      Location:
      - http://localhost:8983/fedora/rest/anno/specific_res_integration_specs/8e/06/1b/28/8e061b28-6061-43d4-95b5-f6e1ee8b4cd2
      Content-Type:
      - text/plain
    body:
      encoding: UTF-8
      string: http://localhost:8983/fedora/rest/anno/specific_res_integration_specs/8e/06/1b/28/8e061b28-6061-43d4-95b5-f6e1ee8b4cd2
    http_version: 
  recorded_at: Mon, 20 Jul 2015 17:54:42 GMT
- request:
    method: post
    uri: http://localhost:8983/fedora/rest/anno/specific_res_integration_specs/8e/06/1b/28/8e061b28-6061-43d4-95b5-f6e1ee8b4cd2
    body:
      encoding: UTF-8
      string: |
        @prefix ldp: <http://www.w3.org/ns/ldp#> .
        @prefix oa: <http://www.w3.org/ns/oa#> .
        @prefix rdf: <http://www.w3.org/1999/02/22-rdf-syntax-ns#> .

        <> a ldp:DirectContainer;
           ldp:hasMemberRelation oa:hasBody;
           ldp:membershipResource <http://localhost:8983/fedora/rest/anno/specific_res_integration_specs/8e/06/1b/28/8e061b28-6061-43d4-95b5-f6e1ee8b4cd2> .
    headers:
      User-Agent:
      - Faraday v0.9.1
      Prefer:
      - return=respresentation; omit="http://fedora.info/definitions/v4/repository#ServerManaged"
      Content-Type:
      - application/x-turtle
      Slug:
      - b
      Accept-Encoding:
      - gzip;q=1.0,deflate;q=0.6,identity;q=0.3
      Accept:
      - "*/*"
  response:
    status:
      code: 201
      message: Created
    headers:
      Etag:
      - '"f0aff79ee4e06f8a8abe397a3aefbb75c7353ab2"'
      Last-Modified:
      - Mon, 20 Jul 2015 17:54:42 GMT
      Content-Length:
      - '120'
      Location:
      - http://localhost:8983/fedora/rest/anno/specific_res_integration_specs/8e/06/1b/28/8e061b28-6061-43d4-95b5-f6e1ee8b4cd2/b
      Content-Type:
      - text/plain
    body:
      encoding: UTF-8
      string: http://localhost:8983/fedora/rest/anno/specific_res_integration_specs/8e/06/1b/28/8e061b28-6061-43d4-95b5-f6e1ee8b4cd2/b
    http_version: 
  recorded_at: Mon, 20 Jul 2015 17:54:42 GMT
- request:
    method: post
    uri: http://localhost:8983/fedora/rest/anno/specific_res_integration_specs/8e/06/1b/28/8e061b28-6061-43d4-95b5-f6e1ee8b4cd2/b
    body:
      encoding: UTF-8
      string: |
        @prefix ldp: <http://www.w3.org/ns/ldp#> .
        @prefix rdf: <http://www.w3.org/1999/02/22-rdf-syntax-ns#> .
        @prefix triannon: <http://triannon.stanford.edu/ns/> .

        <> a ldp:BasicContainer;
           triannon:externalReference <http://dbpedia.org/resource/Otto_Ege> .
    headers:
      User-Agent:
      - Faraday v0.9.1
      Prefer:
      - return=respresentation; omit="http://fedora.info/definitions/v4/repository#ServerManaged"
      Content-Type:
      - application/x-turtle
      Accept-Encoding:
      - gzip;q=1.0,deflate;q=0.6,identity;q=0.3
      Accept:
      - "*/*"
  response:
    status:
      code: 201
      message: Created
    headers:
      Etag:
      - '"781b23f8498fac80cbaaa5f03e55dbb48d34b0a7"'
      Last-Modified:
      - Mon, 20 Jul 2015 17:54:42 GMT
      Content-Length:
      - '169'
      Location:
      - http://localhost:8983/fedora/rest/anno/specific_res_integration_specs/8e/06/1b/28/8e061b28-6061-43d4-95b5-f6e1ee8b4cd2/b/aa/de/38/5a/aade385a-a18f-4fc1-8742-39c5a5a73a2b
      Content-Type:
      - text/plain
    body:
      encoding: UTF-8
      string: http://localhost:8983/fedora/rest/anno/specific_res_integration_specs/8e/06/1b/28/8e061b28-6061-43d4-95b5-f6e1ee8b4cd2/b/aa/de/38/5a/aade385a-a18f-4fc1-8742-39c5a5a73a2b
    http_version: 
  recorded_at: Mon, 20 Jul 2015 17:54:42 GMT
- request:
    method: post
    uri: http://localhost:8983/fedora/rest/anno/specific_res_integration_specs/8e/06/1b/28/8e061b28-6061-43d4-95b5-f6e1ee8b4cd2
    body:
      encoding: UTF-8
      string: |
        @prefix ldp: <http://www.w3.org/ns/ldp#> .
        @prefix oa: <http://www.w3.org/ns/oa#> .
        @prefix rdf: <http://www.w3.org/1999/02/22-rdf-syntax-ns#> .

        <> a ldp:DirectContainer;
           ldp:hasMemberRelation oa:hasTarget;
           ldp:membershipResource <http://localhost:8983/fedora/rest/anno/specific_res_integration_specs/8e/06/1b/28/8e061b28-6061-43d4-95b5-f6e1ee8b4cd2> .
    headers:
      User-Agent:
      - Faraday v0.9.1
      Prefer:
      - return=respresentation; omit="http://fedora.info/definitions/v4/repository#ServerManaged"
      Content-Type:
      - application/x-turtle
      Slug:
      - t
      Accept-Encoding:
      - gzip;q=1.0,deflate;q=0.6,identity;q=0.3
      Accept:
      - "*/*"
  response:
    status:
      code: 201
      message: Created
    headers:
      Etag:
      - '"de259d7acc892268601e943c830e71542927b166"'
      Last-Modified:
      - Mon, 20 Jul 2015 17:54:42 GMT
      Content-Length:
      - '120'
      Location:
      - http://localhost:8983/fedora/rest/anno/specific_res_integration_specs/8e/06/1b/28/8e061b28-6061-43d4-95b5-f6e1ee8b4cd2/t
      Content-Type:
      - text/plain
    body:
      encoding: UTF-8
      string: http://localhost:8983/fedora/rest/anno/specific_res_integration_specs/8e/06/1b/28/8e061b28-6061-43d4-95b5-f6e1ee8b4cd2/t
    http_version: 
  recorded_at: Mon, 20 Jul 2015 17:54:42 GMT
- request:
    method: post
    uri: http://localhost:8983/fedora/rest/anno/specific_res_integration_specs/8e/06/1b/28/8e061b28-6061-43d4-95b5-f6e1ee8b4cd2/t
    body:
      encoding: UTF-8
      string: |
        @prefix ldp: <http://www.w3.org/ns/ldp#> .
        @prefix oa: <http://www.w3.org/ns/oa#> .
        @prefix rdf: <http://www.w3.org/1999/02/22-rdf-syntax-ns#> .
        @prefix triannon: <http://triannon.stanford.edu/ns/> .
        @prefix xsd: <http://www.w3.org/2001/XMLSchema#> .

        <> a ldp:BasicContainer,
             oa:SpecificResource;
           oa:hasSelector [
             a oa:TextPositionSelector;
             oa:end "66"^^xsd:nonNegativeInteger;
             oa:start "0"^^xsd:nonNegativeInteger
           ];
           oa:hasSource <#source> .

        <#source> triannon:externalReference <https://stacks.stanford.edu/image/kq131cs7229/kq131cs7229_05_0032_large.jpg> .
    headers:
      User-Agent:
      - Faraday v0.9.1
      Prefer:
      - return=respresentation; omit="http://fedora.info/definitions/v4/repository#ServerManaged"
      Content-Type:
      - application/x-turtle
      Accept-Encoding:
      - gzip;q=1.0,deflate;q=0.6,identity;q=0.3
      Accept:
      - "*/*"
  response:
    status:
      code: 201
      message: Created
    headers:
      Etag:
      - '"74c8d0c2e7e16f12c261106d3cb31d84b1ea6eef"'
      Last-Modified:
      - Mon, 20 Jul 2015 17:54:42 GMT
      Content-Length:
      - '169'
      Location:
      - http://localhost:8983/fedora/rest/anno/specific_res_integration_specs/8e/06/1b/28/8e061b28-6061-43d4-95b5-f6e1ee8b4cd2/t/3d/40/80/69/3d408069-19c3-4830-82ed-b63b1c118150
      Content-Type:
      - text/plain
    body:
      encoding: UTF-8
      string: http://localhost:8983/fedora/rest/anno/specific_res_integration_specs/8e/06/1b/28/8e061b28-6061-43d4-95b5-f6e1ee8b4cd2/t/3d/40/80/69/3d408069-19c3-4830-82ed-b63b1c118150
    http_version: 
  recorded_at: Mon, 20 Jul 2015 17:54:42 GMT
- request:
    method: get
    uri: http://localhost:8983/fedora/rest/anno/specific_res_integration_specs/8e/06/1b/28/8e061b28-6061-43d4-95b5-f6e1ee8b4cd2
    body:
      encoding: US-ASCII
      string: ''
    headers:
      User-Agent:
      - Faraday v0.9.1
      Prefer:
      - return=respresentation; omit="http://fedora.info/definitions/v4/repository#ServerManaged"
      Accept:
      - application/x-turtle
      Accept-Encoding:
      - gzip;q=1.0,deflate;q=0.6,identity;q=0.3
  response:
    status:
      code: 200
      message: OK
    headers:
      Etag:
      - '"c0972e2308f245ae0305e85c7b4496b329bd3c52"'
      Last-Modified:
      - Mon, 20 Jul 2015 17:54:42 GMT
      Link:
      - <http://www.w3.org/ns/ldp#BasicContainer>;rel="type"
      - <http://www.w3.org/ns/ldp#Container>;rel="type"
      - <http://www.w3.org/ns/ldp#Resource>;rel="type"
      Accept-Patch:
      - application/sparql-update
      Accept-Post:
      - text/turtle,text/rdf+n3,text/n3,application/rdf+xml,application/n-triples,multipart/form-data,application/sparql-update
      Allow:
      - MOVE,COPY,DELETE,POST,HEAD,GET,PUT,PATCH,OPTIONS
      Preference-Applied:
      - return=representation
      Vary:
      - Accept, Range, Accept-Encoding, Accept-Language
      - Prefer
      Content-Length:
      - '1903'
      Content-Type:
      - application/x-turtle
    body:
      encoding: UTF-8
      string: "@prefix premis: <http://www.loc.gov/premis/rdf/v1#> .\n@prefix image:
        <http://www.modeshape.org/images/1.0> .\n@prefix sv: <http://www.jcp.org/jcr/sv/1.0>
        .\n@prefix test: <info:fedora/test/> .\n@prefix nt: <http://www.jcp.org/jcr/nt/1.0>
        .\n@prefix cnt: <http://www.w3.org/2011/content#> .\n@prefix dcmitype: <http://purl.org/dc/dcmitype/>
        .\n@prefix rdfs: <http://www.w3.org/2000/01/rdf-schema#> .\n@prefix xsi: <http://www.w3.org/2001/XMLSchema-instance>
        .\n@prefix mode: <http://www.modeshape.org/1.0> .\n@prefix oa: <http://www.w3.org/ns/oa#>
        .\n@prefix triannon: <http://triannon.stanford.edu/ns/> .\n@prefix rdf: <http://www.w3.org/1999/02/22-rdf-syntax-ns#>
        .\n@prefix fedora: <http://fedora.info/definitions/v4/repository#> .\n@prefix
        xml: <http://www.w3.org/XML/1998/namespace> .\n@prefix ldp: <http://www.w3.org/ns/ldp#>
        .\n@prefix xs: <http://www.w3.org/2001/XMLSchema> .\n@prefix fedoraconfig:
        <http://fedora.info/definitions/v4/config#> .\n@prefix mix: <http://www.jcp.org/jcr/mix/1.0>
        .\n@prefix foaf: <http://xmlns.com/foaf/0.1/> .\n@prefix dc: <http://purl.org/dc/terms/>
        .\n\n\n<http://localhost:8983/fedora/rest/anno/specific_res_integration_specs/8e/06/1b/28/8e061b28-6061-43d4-95b5-f6e1ee8b4cd2>
        a oa:Annotation , ldp:BasicContainer ;\n\toa:motivatedBy oa:commenting ;\n\tldp:contains
        <http://localhost:8983/fedora/rest/anno/specific_res_integration_specs/8e/06/1b/28/8e061b28-6061-43d4-95b5-f6e1ee8b4cd2/b>
        , <http://localhost:8983/fedora/rest/anno/specific_res_integration_specs/8e/06/1b/28/8e061b28-6061-43d4-95b5-f6e1ee8b4cd2/t>
        ;\n\toa:hasTarget <http://localhost:8983/fedora/rest/anno/specific_res_integration_specs/8e/06/1b/28/8e061b28-6061-43d4-95b5-f6e1ee8b4cd2/t/3d/40/80/69/3d408069-19c3-4830-82ed-b63b1c118150>
        ;\n\toa:hasBody <http://localhost:8983/fedora/rest/anno/specific_res_integration_specs/8e/06/1b/28/8e061b28-6061-43d4-95b5-f6e1ee8b4cd2/b/aa/de/38/5a/aade385a-a18f-4fc1-8742-39c5a5a73a2b>
        .\n"
    http_version: 
  recorded_at: Mon, 20 Jul 2015 17:54:42 GMT
- request:
    method: get
    uri: http://localhost:8983/fedora/rest/anno/specific_res_integration_specs/8e/06/1b/28/8e061b28-6061-43d4-95b5-f6e1ee8b4cd2/b/aa/de/38/5a/aade385a-a18f-4fc1-8742-39c5a5a73a2b
    body:
      encoding: US-ASCII
      string: ''
    headers:
      User-Agent:
      - Faraday v0.9.1
      Prefer:
      - return=respresentation; omit="http://fedora.info/definitions/v4/repository#ServerManaged"
      Accept:
      - application/x-turtle
      Accept-Encoding:
      - gzip;q=1.0,deflate;q=0.6,identity;q=0.3
  response:
    status:
      code: 200
      message: OK
    headers:
      Etag:
      - '"781b23f8498fac80cbaaa5f03e55dbb48d34b0a7"'
      Last-Modified:
      - Mon, 20 Jul 2015 17:54:42 GMT
      Link:
      - <http://www.w3.org/ns/ldp#BasicContainer>;rel="type"
      - <http://www.w3.org/ns/ldp#Container>;rel="type"
      - <http://www.w3.org/ns/ldp#Resource>;rel="type"
      Accept-Patch:
      - application/sparql-update
      Accept-Post:
      - text/turtle,text/rdf+n3,text/n3,application/rdf+xml,application/n-triples,multipart/form-data,application/sparql-update
      Allow:
      - MOVE,COPY,DELETE,POST,HEAD,GET,PUT,PATCH,OPTIONS
      Preference-Applied:
      - return=representation
      Vary:
      - Accept, Range, Accept-Encoding, Accept-Language
      - Prefer
      Content-Length:
      - '1337'
      Content-Type:
      - application/x-turtle
    body:
      encoding: UTF-8
      string: "@prefix premis: <http://www.loc.gov/premis/rdf/v1#> .\n@prefix image:
        <http://www.modeshape.org/images/1.0> .\n@prefix sv: <http://www.jcp.org/jcr/sv/1.0>
        .\n@prefix test: <info:fedora/test/> .\n@prefix nt: <http://www.jcp.org/jcr/nt/1.0>
        .\n@prefix cnt: <http://www.w3.org/2011/content#> .\n@prefix dcmitype: <http://purl.org/dc/dcmitype/>
        .\n@prefix rdfs: <http://www.w3.org/2000/01/rdf-schema#> .\n@prefix xsi: <http://www.w3.org/2001/XMLSchema-instance>
        .\n@prefix mode: <http://www.modeshape.org/1.0> .\n@prefix oa: <http://www.w3.org/ns/oa#>
        .\n@prefix triannon: <http://triannon.stanford.edu/ns/> .\n@prefix rdf: <http://www.w3.org/1999/02/22-rdf-syntax-ns#>
        .\n@prefix fedora: <http://fedora.info/definitions/v4/repository#> .\n@prefix
        xml: <http://www.w3.org/XML/1998/namespace> .\n@prefix ldp: <http://www.w3.org/ns/ldp#>
        .\n@prefix xs: <http://www.w3.org/2001/XMLSchema> .\n@prefix fedoraconfig:
        <http://fedora.info/definitions/v4/config#> .\n@prefix mix: <http://www.jcp.org/jcr/mix/1.0>
        .\n@prefix foaf: <http://xmlns.com/foaf/0.1/> .\n@prefix dc: <http://purl.org/dc/terms/>
        .\n\n\n<http://localhost:8983/fedora/rest/anno/specific_res_integration_specs/8e/06/1b/28/8e061b28-6061-43d4-95b5-f6e1ee8b4cd2/b/aa/de/38/5a/aade385a-a18f-4fc1-8742-39c5a5a73a2b>
        a ldp:BasicContainer ;\n\ttriannon:externalReference <http://dbpedia.org/resource/Otto_Ege>
        .\n"
    http_version: 
  recorded_at: Mon, 20 Jul 2015 17:54:42 GMT
- request:
    method: get
    uri: http://localhost:8983/fedora/rest/anno/specific_res_integration_specs/8e/06/1b/28/8e061b28-6061-43d4-95b5-f6e1ee8b4cd2/t/3d/40/80/69/3d408069-19c3-4830-82ed-b63b1c118150
    body:
      encoding: US-ASCII
      string: ''
    headers:
      User-Agent:
      - Faraday v0.9.1
      Prefer:
      - return=respresentation; omit="http://fedora.info/definitions/v4/repository#ServerManaged"
      Accept:
      - application/x-turtle
      Accept-Encoding:
      - gzip;q=1.0,deflate;q=0.6,identity;q=0.3
  response:
    status:
      code: 200
      message: OK
    headers:
      Etag:
      - '"74c8d0c2e7e16f12c261106d3cb31d84b1ea6eef"'
      Last-Modified:
      - Mon, 20 Jul 2015 17:54:42 GMT
      Link:
      - <http://www.w3.org/ns/ldp#BasicContainer>;rel="type"
      - <http://www.w3.org/ns/ldp#Container>;rel="type"
      - <http://www.w3.org/ns/ldp#Resource>;rel="type"
      Accept-Patch:
      - application/sparql-update
      Accept-Post:
      - text/turtle,text/rdf+n3,text/n3,application/rdf+xml,application/n-triples,multipart/form-data,application/sparql-update
      Allow:
      - MOVE,COPY,DELETE,POST,HEAD,GET,PUT,PATCH,OPTIONS
      Preference-Applied:
      - return=representation
      Vary:
      - Accept, Range, Accept-Encoding, Accept-Language
      - Prefer
      Content-Length:
      - '2166'
      Content-Type:
      - application/x-turtle
    body:
      encoding: UTF-8
      string: "@prefix premis: <http://www.loc.gov/premis/rdf/v1#> .\n@prefix image:
        <http://www.modeshape.org/images/1.0> .\n@prefix sv: <http://www.jcp.org/jcr/sv/1.0>
        .\n@prefix test: <info:fedora/test/> .\n@prefix nt: <http://www.jcp.org/jcr/nt/1.0>
        .\n@prefix cnt: <http://www.w3.org/2011/content#> .\n@prefix dcmitype: <http://purl.org/dc/dcmitype/>
        .\n@prefix rdfs: <http://www.w3.org/2000/01/rdf-schema#> .\n@prefix xsi: <http://www.w3.org/2001/XMLSchema-instance>
        .\n@prefix mode: <http://www.modeshape.org/1.0> .\n@prefix oa: <http://www.w3.org/ns/oa#>
        .\n@prefix triannon: <http://triannon.stanford.edu/ns/> .\n@prefix rdf: <http://www.w3.org/1999/02/22-rdf-syntax-ns#>
        .\n@prefix fedora: <http://fedora.info/definitions/v4/repository#> .\n@prefix
        xml: <http://www.w3.org/XML/1998/namespace> .\n@prefix ldp: <http://www.w3.org/ns/ldp#>
        .\n@prefix xs: <http://www.w3.org/2001/XMLSchema> .\n@prefix fedoraconfig:
        <http://fedora.info/definitions/v4/config#> .\n@prefix mix: <http://www.jcp.org/jcr/mix/1.0>
        .\n@prefix foaf: <http://xmlns.com/foaf/0.1/> .\n@prefix dc: <http://purl.org/dc/terms/>
        .\n\n\n<http://localhost:8983/fedora/rest/anno/specific_res_integration_specs/8e/06/1b/28/8e061b28-6061-43d4-95b5-f6e1ee8b4cd2/t/3d/40/80/69/3d408069-19c3-4830-82ed-b63b1c118150>
        a oa:SpecificResource , ldp:BasicContainer ;\n\toa:hasSelector <http://localhost:8983/fedora/rest/.well-known/genid/43/b6/8a/4c/43b68a4c-2bc5-4e90-bf72-7340b185d8aa>
        ;\n\toa:hasSource <http://localhost:8983/fedora/rest/anno/specific_res_integration_specs/8e/06/1b/28/8e061b28-6061-43d4-95b5-f6e1ee8b4cd2/t/3d/40/80/69/3d408069-19c3-4830-82ed-b63b1c118150#source>
        .\n\n<http://localhost:8983/fedora/rest/anno/specific_res_integration_specs/8e/06/1b/28/8e061b28-6061-43d4-95b5-f6e1ee8b4cd2/t/3d/40/80/69/3d408069-19c3-4830-82ed-b63b1c118150#source>
        triannon:externalReference <https://stacks.stanford.edu/image/kq131cs7229/kq131cs7229_05_0032_large.jpg>
        .\n\n<http://localhost:8983/fedora/rest/.well-known/genid/43/b6/8a/4c/43b68a4c-2bc5-4e90-bf72-7340b185d8aa>
        a oa:TextPositionSelector ;\n\toa:end \"66\"^^<http://www.w3.org/2001/XMLSchema#nonNegativeInteger>
        ;\n\toa:start \"0\"^^<http://www.w3.org/2001/XMLSchema#nonNegativeInteger>
        .\n"
    http_version: 
  recorded_at: Mon, 20 Jul 2015 17:54:42 GMT
- request:
    method: get
    uri: http://localhost:8983/fedora/rest/anno/specific_res_integration_specs/8e/06/1b/28/8e061b28-6061-43d4-95b5-f6e1ee8b4cd2
    body:
      encoding: US-ASCII
      string: ''
    headers:
      User-Agent:
      - Faraday v0.9.1
      Prefer:
      - return=respresentation; omit="http://fedora.info/definitions/v4/repository#ServerManaged"
      Accept:
      - application/x-turtle
      Accept-Encoding:
      - gzip;q=1.0,deflate;q=0.6,identity;q=0.3
  response:
    status:
      code: 200
      message: OK
    headers:
      Etag:
      - '"c0972e2308f245ae0305e85c7b4496b329bd3c52"'
      Last-Modified:
      - Mon, 20 Jul 2015 17:54:42 GMT
      Link:
      - <http://www.w3.org/ns/ldp#BasicContainer>;rel="type"
      - <http://www.w3.org/ns/ldp#Container>;rel="type"
      - <http://www.w3.org/ns/ldp#Resource>;rel="type"
      Accept-Patch:
      - application/sparql-update
      Accept-Post:
      - text/turtle,text/rdf+n3,text/n3,application/rdf+xml,application/n-triples,multipart/form-data,application/sparql-update
      Allow:
      - MOVE,COPY,DELETE,POST,HEAD,GET,PUT,PATCH,OPTIONS
      Preference-Applied:
      - return=representation
      Vary:
      - Accept, Range, Accept-Encoding, Accept-Language
      - Prefer
      Content-Length:
      - '1903'
      Content-Type:
      - application/x-turtle
    body:
      encoding: UTF-8
      string: "@prefix premis: <http://www.loc.gov/premis/rdf/v1#> .\n@prefix image:
        <http://www.modeshape.org/images/1.0> .\n@prefix sv: <http://www.jcp.org/jcr/sv/1.0>
        .\n@prefix test: <info:fedora/test/> .\n@prefix nt: <http://www.jcp.org/jcr/nt/1.0>
        .\n@prefix cnt: <http://www.w3.org/2011/content#> .\n@prefix dcmitype: <http://purl.org/dc/dcmitype/>
        .\n@prefix rdfs: <http://www.w3.org/2000/01/rdf-schema#> .\n@prefix xsi: <http://www.w3.org/2001/XMLSchema-instance>
        .\n@prefix mode: <http://www.modeshape.org/1.0> .\n@prefix oa: <http://www.w3.org/ns/oa#>
        .\n@prefix triannon: <http://triannon.stanford.edu/ns/> .\n@prefix rdf: <http://www.w3.org/1999/02/22-rdf-syntax-ns#>
        .\n@prefix fedora: <http://fedora.info/definitions/v4/repository#> .\n@prefix
        xml: <http://www.w3.org/XML/1998/namespace> .\n@prefix ldp: <http://www.w3.org/ns/ldp#>
        .\n@prefix xs: <http://www.w3.org/2001/XMLSchema> .\n@prefix fedoraconfig:
        <http://fedora.info/definitions/v4/config#> .\n@prefix mix: <http://www.jcp.org/jcr/mix/1.0>
        .\n@prefix foaf: <http://xmlns.com/foaf/0.1/> .\n@prefix dc: <http://purl.org/dc/terms/>
        .\n\n\n<http://localhost:8983/fedora/rest/anno/specific_res_integration_specs/8e/06/1b/28/8e061b28-6061-43d4-95b5-f6e1ee8b4cd2>
        a oa:Annotation , ldp:BasicContainer ;\n\toa:motivatedBy oa:commenting ;\n\tldp:contains
        <http://localhost:8983/fedora/rest/anno/specific_res_integration_specs/8e/06/1b/28/8e061b28-6061-43d4-95b5-f6e1ee8b4cd2/b>
        , <http://localhost:8983/fedora/rest/anno/specific_res_integration_specs/8e/06/1b/28/8e061b28-6061-43d4-95b5-f6e1ee8b4cd2/t>
        ;\n\toa:hasTarget <http://localhost:8983/fedora/rest/anno/specific_res_integration_specs/8e/06/1b/28/8e061b28-6061-43d4-95b5-f6e1ee8b4cd2/t/3d/40/80/69/3d408069-19c3-4830-82ed-b63b1c118150>
        ;\n\toa:hasBody <http://localhost:8983/fedora/rest/anno/specific_res_integration_specs/8e/06/1b/28/8e061b28-6061-43d4-95b5-f6e1ee8b4cd2/b/aa/de/38/5a/aade385a-a18f-4fc1-8742-39c5a5a73a2b>
        .\n"
    http_version: 
  recorded_at: Mon, 20 Jul 2015 17:54:42 GMT
- request:
    method: get
    uri: http://localhost:8983/fedora/rest/anno/specific_res_integration_specs/8e/06/1b/28/8e061b28-6061-43d4-95b5-f6e1ee8b4cd2/b/aa/de/38/5a/aade385a-a18f-4fc1-8742-39c5a5a73a2b
    body:
      encoding: US-ASCII
      string: ''
    headers:
      User-Agent:
      - Faraday v0.9.1
      Prefer:
      - return=respresentation; omit="http://fedora.info/definitions/v4/repository#ServerManaged"
      Accept:
      - application/x-turtle
      Accept-Encoding:
      - gzip;q=1.0,deflate;q=0.6,identity;q=0.3
  response:
    status:
      code: 200
      message: OK
    headers:
      Etag:
      - '"781b23f8498fac80cbaaa5f03e55dbb48d34b0a7"'
      Last-Modified:
      - Mon, 20 Jul 2015 17:54:42 GMT
      Link:
      - <http://www.w3.org/ns/ldp#BasicContainer>;rel="type"
      - <http://www.w3.org/ns/ldp#Container>;rel="type"
      - <http://www.w3.org/ns/ldp#Resource>;rel="type"
      Accept-Patch:
      - application/sparql-update
      Accept-Post:
      - text/turtle,text/rdf+n3,text/n3,application/rdf+xml,application/n-triples,multipart/form-data,application/sparql-update
      Allow:
      - MOVE,COPY,DELETE,POST,HEAD,GET,PUT,PATCH,OPTIONS
      Preference-Applied:
      - return=representation
      Vary:
      - Accept, Range, Accept-Encoding, Accept-Language
      - Prefer
      Content-Length:
      - '1337'
      Content-Type:
      - application/x-turtle
    body:
      encoding: UTF-8
      string: "@prefix premis: <http://www.loc.gov/premis/rdf/v1#> .\n@prefix image:
        <http://www.modeshape.org/images/1.0> .\n@prefix sv: <http://www.jcp.org/jcr/sv/1.0>
        .\n@prefix test: <info:fedora/test/> .\n@prefix nt: <http://www.jcp.org/jcr/nt/1.0>
        .\n@prefix cnt: <http://www.w3.org/2011/content#> .\n@prefix dcmitype: <http://purl.org/dc/dcmitype/>
        .\n@prefix rdfs: <http://www.w3.org/2000/01/rdf-schema#> .\n@prefix xsi: <http://www.w3.org/2001/XMLSchema-instance>
        .\n@prefix mode: <http://www.modeshape.org/1.0> .\n@prefix oa: <http://www.w3.org/ns/oa#>
        .\n@prefix triannon: <http://triannon.stanford.edu/ns/> .\n@prefix rdf: <http://www.w3.org/1999/02/22-rdf-syntax-ns#>
        .\n@prefix fedora: <http://fedora.info/definitions/v4/repository#> .\n@prefix
        xml: <http://www.w3.org/XML/1998/namespace> .\n@prefix ldp: <http://www.w3.org/ns/ldp#>
        .\n@prefix xs: <http://www.w3.org/2001/XMLSchema> .\n@prefix fedoraconfig:
        <http://fedora.info/definitions/v4/config#> .\n@prefix mix: <http://www.jcp.org/jcr/mix/1.0>
        .\n@prefix foaf: <http://xmlns.com/foaf/0.1/> .\n@prefix dc: <http://purl.org/dc/terms/>
        .\n\n\n<http://localhost:8983/fedora/rest/anno/specific_res_integration_specs/8e/06/1b/28/8e061b28-6061-43d4-95b5-f6e1ee8b4cd2/b/aa/de/38/5a/aade385a-a18f-4fc1-8742-39c5a5a73a2b>
        a ldp:BasicContainer ;\n\ttriannon:externalReference <http://dbpedia.org/resource/Otto_Ege>
        .\n"
    http_version: 
  recorded_at: Mon, 20 Jul 2015 17:54:42 GMT
- request:
    method: get
    uri: http://localhost:8983/fedora/rest/anno/specific_res_integration_specs/8e/06/1b/28/8e061b28-6061-43d4-95b5-f6e1ee8b4cd2/t/3d/40/80/69/3d408069-19c3-4830-82ed-b63b1c118150
    body:
      encoding: US-ASCII
      string: ''
    headers:
      User-Agent:
      - Faraday v0.9.1
      Prefer:
      - return=respresentation; omit="http://fedora.info/definitions/v4/repository#ServerManaged"
      Accept:
      - application/x-turtle
      Accept-Encoding:
      - gzip;q=1.0,deflate;q=0.6,identity;q=0.3
  response:
    status:
      code: 200
      message: OK
    headers:
      Etag:
      - '"74c8d0c2e7e16f12c261106d3cb31d84b1ea6eef"'
      Last-Modified:
      - Mon, 20 Jul 2015 17:54:42 GMT
      Link:
      - <http://www.w3.org/ns/ldp#BasicContainer>;rel="type"
      - <http://www.w3.org/ns/ldp#Container>;rel="type"
      - <http://www.w3.org/ns/ldp#Resource>;rel="type"
      Accept-Patch:
      - application/sparql-update
      Accept-Post:
      - text/turtle,text/rdf+n3,text/n3,application/rdf+xml,application/n-triples,multipart/form-data,application/sparql-update
      Allow:
      - MOVE,COPY,DELETE,POST,HEAD,GET,PUT,PATCH,OPTIONS
      Preference-Applied:
      - return=representation
      Vary:
      - Accept, Range, Accept-Encoding, Accept-Language
      - Prefer
      Content-Length:
      - '2166'
      Content-Type:
      - application/x-turtle
    body:
      encoding: UTF-8
      string: "@prefix premis: <http://www.loc.gov/premis/rdf/v1#> .\n@prefix image:
        <http://www.modeshape.org/images/1.0> .\n@prefix sv: <http://www.jcp.org/jcr/sv/1.0>
        .\n@prefix test: <info:fedora/test/> .\n@prefix nt: <http://www.jcp.org/jcr/nt/1.0>
        .\n@prefix cnt: <http://www.w3.org/2011/content#> .\n@prefix dcmitype: <http://purl.org/dc/dcmitype/>
        .\n@prefix rdfs: <http://www.w3.org/2000/01/rdf-schema#> .\n@prefix xsi: <http://www.w3.org/2001/XMLSchema-instance>
        .\n@prefix mode: <http://www.modeshape.org/1.0> .\n@prefix oa: <http://www.w3.org/ns/oa#>
        .\n@prefix triannon: <http://triannon.stanford.edu/ns/> .\n@prefix rdf: <http://www.w3.org/1999/02/22-rdf-syntax-ns#>
        .\n@prefix fedora: <http://fedora.info/definitions/v4/repository#> .\n@prefix
        xml: <http://www.w3.org/XML/1998/namespace> .\n@prefix ldp: <http://www.w3.org/ns/ldp#>
        .\n@prefix xs: <http://www.w3.org/2001/XMLSchema> .\n@prefix fedoraconfig:
        <http://fedora.info/definitions/v4/config#> .\n@prefix mix: <http://www.jcp.org/jcr/mix/1.0>
        .\n@prefix foaf: <http://xmlns.com/foaf/0.1/> .\n@prefix dc: <http://purl.org/dc/terms/>
        .\n\n\n<http://localhost:8983/fedora/rest/anno/specific_res_integration_specs/8e/06/1b/28/8e061b28-6061-43d4-95b5-f6e1ee8b4cd2/t/3d/40/80/69/3d408069-19c3-4830-82ed-b63b1c118150>
        a oa:SpecificResource , ldp:BasicContainer ;\n\toa:hasSelector <http://localhost:8983/fedora/rest/.well-known/genid/43/b6/8a/4c/43b68a4c-2bc5-4e90-bf72-7340b185d8aa>
        ;\n\toa:hasSource <http://localhost:8983/fedora/rest/anno/specific_res_integration_specs/8e/06/1b/28/8e061b28-6061-43d4-95b5-f6e1ee8b4cd2/t/3d/40/80/69/3d408069-19c3-4830-82ed-b63b1c118150#source>
        .\n\n<http://localhost:8983/fedora/rest/anno/specific_res_integration_specs/8e/06/1b/28/8e061b28-6061-43d4-95b5-f6e1ee8b4cd2/t/3d/40/80/69/3d408069-19c3-4830-82ed-b63b1c118150#source>
        triannon:externalReference <https://stacks.stanford.edu/image/kq131cs7229/kq131cs7229_05_0032_large.jpg>
        .\n\n<http://localhost:8983/fedora/rest/.well-known/genid/43/b6/8a/4c/43b68a4c-2bc5-4e90-bf72-7340b185d8aa>
        a oa:TextPositionSelector ;\n\toa:end \"66\"^^<http://www.w3.org/2001/XMLSchema#nonNegativeInteger>
        ;\n\toa:start \"0\"^^<http://www.w3.org/2001/XMLSchema#nonNegativeInteger>
        .\n"
    http_version: 
  recorded_at: Mon, 20 Jul 2015 17:54:42 GMT
recorded_with: VCR 2.9.3
