---
http_interactions:
- request:
    method: head
    uri: http://localhost:8983/fedora/rest/anno/specific_res_integration_specs
    body:
      encoding: US-ASCII
      string: ''
    headers:
      User-Agent:
      - Faraday v0.9.1
      Accept:
      - "*/*"
  response:
    status:
      code: 200
      message: OK
    headers:
      Etag:
      - '"dac186c6059d891e1a27be7db16ae11f6c38bae1"'
      Last-Modified:
      - Wed, 08 Jul 2015 21:14:46 GMT
      Link:
      - <http://www.w3.org/ns/ldp#BasicContainer>;rel="type"
      - <http://www.w3.org/ns/ldp#Container>;rel="type"
      - <http://www.w3.org/ns/ldp#Resource>;rel="type"
      Accept-Patch:
      - application/sparql-update
      Accept-Post:
      - text/turtle,text/rdf+n3,text/n3,application/rdf+xml,application/n-triples,multipart/form-data,application/sparql-update
      Allow:
      - MOVE,COPY,DELETE,POST,HEAD,GET,PUT,PATCH,OPTIONS
      Content-Type:
      - text/tab-separated-values
      Content-Length:
      - '0'
    body:
      encoding: UTF-8
      string: ''
    http_version: 
  recorded_at: Wed, 08 Jul 2015 21:14:46 GMT
- request:
    method: post
    uri: http://localhost:8983/fedora/rest/anno/specific_res_integration_specs
    body:
      encoding: UTF-8
      string: |
        @prefix ldp: <http://www.w3.org/ns/ldp#> .
        @prefix oa: <http://www.w3.org/ns/oa#> .
        @prefix rdf: <http://www.w3.org/1999/02/22-rdf-syntax-ns#> .

        <> a oa:Annotation,
             ldp:BasicContainer;
           oa:motivatedBy oa:commenting .
    headers:
      User-Agent:
      - Faraday v0.9.1
      Prefer:
      - return=respresentation; omit="http://fedora.info/definitions/v4/repository#ServerManaged"
      Content-Type:
      - application/x-turtle
      Accept-Encoding:
      - gzip;q=1.0,deflate;q=0.6,identity;q=0.3
      Accept:
      - "*/*"
  response:
    status:
      code: 201
      message: Created
    headers:
      Etag:
      - '"da7f517753c2bcc021dbfed50c383d4e50ec9f7f"'
      Last-Modified:
      - Wed, 08 Jul 2015 21:14:46 GMT
      Content-Length:
      - '118'
      Location:
      - http://localhost:8983/fedora/rest/anno/specific_res_integration_specs/48/18/9e/ac/48189eac-7222-4fd5-9a8e-6d78f5aca853
      Content-Type:
      - text/plain
    body:
      encoding: UTF-8
      string: http://localhost:8983/fedora/rest/anno/specific_res_integration_specs/48/18/9e/ac/48189eac-7222-4fd5-9a8e-6d78f5aca853
    http_version: 
  recorded_at: Wed, 08 Jul 2015 21:14:46 GMT
- request:
    method: post
    uri: http://localhost:8983/fedora/rest/anno/specific_res_integration_specs/48/18/9e/ac/48189eac-7222-4fd5-9a8e-6d78f5aca853
    body:
      encoding: UTF-8
      string: |
        @prefix ldp: <http://www.w3.org/ns/ldp#> .
        @prefix oa: <http://www.w3.org/ns/oa#> .
        @prefix rdf: <http://www.w3.org/1999/02/22-rdf-syntax-ns#> .

        <> a ldp:DirectContainer;
           ldp:hasMemberRelation oa:hasBody;
           ldp:membershipResource <http://localhost:8983/fedora/rest/anno/specific_res_integration_specs/48/18/9e/ac/48189eac-7222-4fd5-9a8e-6d78f5aca853> .
    headers:
      User-Agent:
      - Faraday v0.9.1
      Prefer:
      - return=respresentation; omit="http://fedora.info/definitions/v4/repository#ServerManaged"
      Content-Type:
      - application/x-turtle
      Slug:
      - b
      Accept-Encoding:
      - gzip;q=1.0,deflate;q=0.6,identity;q=0.3
      Accept:
      - "*/*"
  response:
    status:
      code: 201
      message: Created
    headers:
      Etag:
      - '"f6dba6423221ca2ef20d72e6509ca672c85602c3"'
      Last-Modified:
      - Wed, 08 Jul 2015 21:14:47 GMT
      Content-Length:
      - '120'
      Location:
      - http://localhost:8983/fedora/rest/anno/specific_res_integration_specs/48/18/9e/ac/48189eac-7222-4fd5-9a8e-6d78f5aca853/b
      Content-Type:
      - text/plain
    body:
      encoding: UTF-8
      string: http://localhost:8983/fedora/rest/anno/specific_res_integration_specs/48/18/9e/ac/48189eac-7222-4fd5-9a8e-6d78f5aca853/b
    http_version: 
  recorded_at: Wed, 08 Jul 2015 21:14:47 GMT
- request:
    method: post
    uri: http://localhost:8983/fedora/rest/anno/specific_res_integration_specs/48/18/9e/ac/48189eac-7222-4fd5-9a8e-6d78f5aca853/b
    body:
      encoding: UTF-8
      string: |
        @prefix ldp: <http://www.w3.org/ns/ldp#> .
        @prefix rdf: <http://www.w3.org/1999/02/22-rdf-syntax-ns#> .
        @prefix triannon: <http://triannon.stanford.edu/ns/> .

        <> a ldp:BasicContainer;
           triannon:externalReference <http://dbpedia.org/resource/Otto_Ege> .
    headers:
      User-Agent:
      - Faraday v0.9.1
      Prefer:
      - return=respresentation; omit="http://fedora.info/definitions/v4/repository#ServerManaged"
      Content-Type:
      - application/x-turtle
      Accept-Encoding:
      - gzip;q=1.0,deflate;q=0.6,identity;q=0.3
      Accept:
      - "*/*"
  response:
    status:
      code: 201
      message: Created
    headers:
      Etag:
      - '"ef7a159143b450ce504980e4d4351e8bfbb3635f"'
      Last-Modified:
      - Wed, 08 Jul 2015 21:14:47 GMT
      Content-Length:
      - '169'
      Location:
      - http://localhost:8983/fedora/rest/anno/specific_res_integration_specs/48/18/9e/ac/48189eac-7222-4fd5-9a8e-6d78f5aca853/b/7e/0d/53/ae/7e0d53ae-ce4e-46ef-968b-3eae52f7a242
      Content-Type:
      - text/plain
    body:
      encoding: UTF-8
      string: http://localhost:8983/fedora/rest/anno/specific_res_integration_specs/48/18/9e/ac/48189eac-7222-4fd5-9a8e-6d78f5aca853/b/7e/0d/53/ae/7e0d53ae-ce4e-46ef-968b-3eae52f7a242
    http_version: 
  recorded_at: Wed, 08 Jul 2015 21:14:47 GMT
- request:
    method: post
    uri: http://localhost:8983/fedora/rest/anno/specific_res_integration_specs/48/18/9e/ac/48189eac-7222-4fd5-9a8e-6d78f5aca853
    body:
      encoding: UTF-8
      string: |
        @prefix ldp: <http://www.w3.org/ns/ldp#> .
        @prefix oa: <http://www.w3.org/ns/oa#> .
        @prefix rdf: <http://www.w3.org/1999/02/22-rdf-syntax-ns#> .

        <> a ldp:DirectContainer;
           ldp:hasMemberRelation oa:hasTarget;
           ldp:membershipResource <http://localhost:8983/fedora/rest/anno/specific_res_integration_specs/48/18/9e/ac/48189eac-7222-4fd5-9a8e-6d78f5aca853> .
    headers:
      User-Agent:
      - Faraday v0.9.1
      Prefer:
      - return=respresentation; omit="http://fedora.info/definitions/v4/repository#ServerManaged"
      Content-Type:
      - application/x-turtle
      Slug:
      - t
      Accept-Encoding:
      - gzip;q=1.0,deflate;q=0.6,identity;q=0.3
      Accept:
      - "*/*"
  response:
    status:
      code: 201
      message: Created
    headers:
      Etag:
      - '"f62f4ef10af8599a38cb3a4bfaf2530a4d29b492"'
      Last-Modified:
      - Wed, 08 Jul 2015 21:14:47 GMT
      Content-Length:
      - '120'
      Location:
      - http://localhost:8983/fedora/rest/anno/specific_res_integration_specs/48/18/9e/ac/48189eac-7222-4fd5-9a8e-6d78f5aca853/t
      Content-Type:
      - text/plain
    body:
      encoding: UTF-8
      string: http://localhost:8983/fedora/rest/anno/specific_res_integration_specs/48/18/9e/ac/48189eac-7222-4fd5-9a8e-6d78f5aca853/t
    http_version: 
  recorded_at: Wed, 08 Jul 2015 21:14:47 GMT
- request:
    method: post
    uri: http://localhost:8983/fedora/rest/anno/specific_res_integration_specs/48/18/9e/ac/48189eac-7222-4fd5-9a8e-6d78f5aca853/t
    body:
      encoding: UTF-8
      string: |
        @prefix ldp: <http://www.w3.org/ns/ldp#> .
        @prefix oa: <http://www.w3.org/ns/oa#> .
        @prefix rdf: <http://www.w3.org/1999/02/22-rdf-syntax-ns#> .
        @prefix triannon: <http://triannon.stanford.edu/ns/> .
        @prefix xsd: <http://www.w3.org/2001/XMLSchema#> .

        <> a ldp:BasicContainer,
             oa:SpecificResource;
           oa:hasSelector [
             a oa:TextPositionSelector;
             oa:end "66"^^xsd:nonNegativeInteger;
             oa:start "0"^^xsd:nonNegativeInteger
           ];
           oa:hasSource <#source> .

        <#source> triannon:externalReference <https://stacks.stanford.edu/image/kq131cs7229/kq131cs7229_05_0032_large.jpg> .
    headers:
      User-Agent:
      - Faraday v0.9.1
      Prefer:
      - return=respresentation; omit="http://fedora.info/definitions/v4/repository#ServerManaged"
      Content-Type:
      - application/x-turtle
      Accept-Encoding:
      - gzip;q=1.0,deflate;q=0.6,identity;q=0.3
      Accept:
      - "*/*"
  response:
    status:
      code: 201
      message: Created
    headers:
      Etag:
      - '"43fa4386de77bac1fb20dc0985d1d86c810a0ba2"'
      Last-Modified:
      - Wed, 08 Jul 2015 21:14:47 GMT
      Content-Length:
      - '169'
      Location:
      - http://localhost:8983/fedora/rest/anno/specific_res_integration_specs/48/18/9e/ac/48189eac-7222-4fd5-9a8e-6d78f5aca853/t/45/fb/b0/93/45fbb093-ea71-4652-b19b-2bfdad78a90c
      Content-Type:
      - text/plain
    body:
      encoding: UTF-8
      string: http://localhost:8983/fedora/rest/anno/specific_res_integration_specs/48/18/9e/ac/48189eac-7222-4fd5-9a8e-6d78f5aca853/t/45/fb/b0/93/45fbb093-ea71-4652-b19b-2bfdad78a90c
    http_version: 
  recorded_at: Wed, 08 Jul 2015 21:14:47 GMT
- request:
    method: get
    uri: http://localhost:8983/fedora/rest/anno/specific_res_integration_specs/48/18/9e/ac/48189eac-7222-4fd5-9a8e-6d78f5aca853
    body:
      encoding: US-ASCII
      string: ''
    headers:
      User-Agent:
      - Faraday v0.9.1
      Prefer:
      - return=respresentation; omit="http://fedora.info/definitions/v4/repository#ServerManaged"
      Accept:
      - application/x-turtle
      Accept-Encoding:
      - gzip;q=1.0,deflate;q=0.6,identity;q=0.3
  response:
    status:
      code: 200
      message: OK
    headers:
      Etag:
      - '"f587ad3c9263304873883d27216a0193b9e7340a"'
      Last-Modified:
      - Wed, 08 Jul 2015 21:14:47 GMT
      Link:
      - <http://www.w3.org/ns/ldp#BasicContainer>;rel="type"
      - <http://www.w3.org/ns/ldp#Container>;rel="type"
      - <http://www.w3.org/ns/ldp#Resource>;rel="type"
      Accept-Patch:
      - application/sparql-update
      Accept-Post:
      - text/turtle,text/rdf+n3,text/n3,application/rdf+xml,application/n-triples,multipart/form-data,application/sparql-update
      Allow:
      - MOVE,COPY,DELETE,POST,HEAD,GET,PUT,PATCH,OPTIONS
      Preference-Applied:
      - return=representation
      Vary:
      - Accept, Range, Accept-Encoding, Accept-Language
      - Prefer
      Content-Length:
      - '1948'
      Content-Type:
      - application/x-turtle
    body:
      encoding: UTF-8
      string: "@prefix premis: <http://www.loc.gov/premis/rdf/v1#> .\n@prefix image:
        <http://www.modeshape.org/images/1.0> .\n@prefix sv: <http://www.jcp.org/jcr/sv/1.0>
        .\n@prefix test: <info:fedora/test/> .\n@prefix nt: <http://www.jcp.org/jcr/nt/1.0>
        .\n@prefix cnt: <http://www.w3.org/2011/content#> .\n@prefix dcmitype: <http://purl.org/dc/dcmitype/>
        .\n@prefix rdfs: <http://www.w3.org/2000/01/rdf-schema#> .\n@prefix xsi: <http://www.w3.org/2001/XMLSchema-instance>
        .\n@prefix mode: <http://www.modeshape.org/1.0> .\n@prefix oa: <http://www.w3.org/ns/oa#>
        .\n@prefix triannon: <http://triannon.stanford.edu/ns/> .\n@prefix rdf: <http://www.w3.org/1999/02/22-rdf-syntax-ns#>
        .\n@prefix fedora: <http://fedora.info/definitions/v4/repository#> .\n@prefix
        xml: <http://www.w3.org/XML/1998/namespace> .\n@prefix ldp: <http://www.w3.org/ns/ldp#>
        .\n@prefix xs: <http://www.w3.org/2001/XMLSchema> .\n@prefix fedoraconfig:
        <http://fedora.info/definitions/v4/config#> .\n@prefix mix: <http://www.jcp.org/jcr/mix/1.0>
        .\n@prefix prov: <http://www.w3.org/ns/prov#> .\n@prefix foaf: <http://xmlns.com/foaf/0.1/>
        .\n@prefix dc: <http://purl.org/dc/terms/> .\n\n\n<http://localhost:8983/fedora/rest/anno/specific_res_integration_specs/48/18/9e/ac/48189eac-7222-4fd5-9a8e-6d78f5aca853>
        a oa:Annotation , ldp:BasicContainer ;\n\toa:motivatedBy oa:commenting ;\n\tldp:contains
        <http://localhost:8983/fedora/rest/anno/specific_res_integration_specs/48/18/9e/ac/48189eac-7222-4fd5-9a8e-6d78f5aca853/b>
        , <http://localhost:8983/fedora/rest/anno/specific_res_integration_specs/48/18/9e/ac/48189eac-7222-4fd5-9a8e-6d78f5aca853/t>
        ;\n\toa:hasTarget <http://localhost:8983/fedora/rest/anno/specific_res_integration_specs/48/18/9e/ac/48189eac-7222-4fd5-9a8e-6d78f5aca853/t/45/fb/b0/93/45fbb093-ea71-4652-b19b-2bfdad78a90c>
        ;\n\toa:hasBody <http://localhost:8983/fedora/rest/anno/specific_res_integration_specs/48/18/9e/ac/48189eac-7222-4fd5-9a8e-6d78f5aca853/b/7e/0d/53/ae/7e0d53ae-ce4e-46ef-968b-3eae52f7a242>
        .\n"
    http_version: 
  recorded_at: Wed, 08 Jul 2015 21:14:47 GMT
- request:
    method: get
    uri: http://localhost:8983/fedora/rest/anno/specific_res_integration_specs/48/18/9e/ac/48189eac-7222-4fd5-9a8e-6d78f5aca853/b/7e/0d/53/ae/7e0d53ae-ce4e-46ef-968b-3eae52f7a242
    body:
      encoding: US-ASCII
      string: ''
    headers:
      User-Agent:
      - Faraday v0.9.1
      Prefer:
      - return=respresentation; omit="http://fedora.info/definitions/v4/repository#ServerManaged"
      Accept:
      - application/x-turtle
      Accept-Encoding:
      - gzip;q=1.0,deflate;q=0.6,identity;q=0.3
  response:
    status:
      code: 200
      message: OK
    headers:
      Etag:
      - '"ef7a159143b450ce504980e4d4351e8bfbb3635f"'
      Last-Modified:
      - Wed, 08 Jul 2015 21:14:47 GMT
      Link:
      - <http://www.w3.org/ns/ldp#BasicContainer>;rel="type"
      - <http://www.w3.org/ns/ldp#Container>;rel="type"
      - <http://www.w3.org/ns/ldp#Resource>;rel="type"
      Accept-Patch:
      - application/sparql-update
      Accept-Post:
      - text/turtle,text/rdf+n3,text/n3,application/rdf+xml,application/n-triples,multipart/form-data,application/sparql-update
      Allow:
      - MOVE,COPY,DELETE,POST,HEAD,GET,PUT,PATCH,OPTIONS
      Preference-Applied:
      - return=representation
      Vary:
      - Accept, Range, Accept-Encoding, Accept-Language
      - Prefer
      Content-Length:
      - '1382'
      Content-Type:
      - application/x-turtle
    body:
      encoding: UTF-8
      string: "@prefix premis: <http://www.loc.gov/premis/rdf/v1#> .\n@prefix image:
        <http://www.modeshape.org/images/1.0> .\n@prefix sv: <http://www.jcp.org/jcr/sv/1.0>
        .\n@prefix test: <info:fedora/test/> .\n@prefix nt: <http://www.jcp.org/jcr/nt/1.0>
        .\n@prefix cnt: <http://www.w3.org/2011/content#> .\n@prefix dcmitype: <http://purl.org/dc/dcmitype/>
        .\n@prefix rdfs: <http://www.w3.org/2000/01/rdf-schema#> .\n@prefix xsi: <http://www.w3.org/2001/XMLSchema-instance>
        .\n@prefix mode: <http://www.modeshape.org/1.0> .\n@prefix oa: <http://www.w3.org/ns/oa#>
        .\n@prefix triannon: <http://triannon.stanford.edu/ns/> .\n@prefix rdf: <http://www.w3.org/1999/02/22-rdf-syntax-ns#>
        .\n@prefix fedora: <http://fedora.info/definitions/v4/repository#> .\n@prefix
        xml: <http://www.w3.org/XML/1998/namespace> .\n@prefix ldp: <http://www.w3.org/ns/ldp#>
        .\n@prefix xs: <http://www.w3.org/2001/XMLSchema> .\n@prefix fedoraconfig:
        <http://fedora.info/definitions/v4/config#> .\n@prefix mix: <http://www.jcp.org/jcr/mix/1.0>
        .\n@prefix prov: <http://www.w3.org/ns/prov#> .\n@prefix foaf: <http://xmlns.com/foaf/0.1/>
        .\n@prefix dc: <http://purl.org/dc/terms/> .\n\n\n<http://localhost:8983/fedora/rest/anno/specific_res_integration_specs/48/18/9e/ac/48189eac-7222-4fd5-9a8e-6d78f5aca853/b/7e/0d/53/ae/7e0d53ae-ce4e-46ef-968b-3eae52f7a242>
        a ldp:BasicContainer ;\n\ttriannon:externalReference <http://dbpedia.org/resource/Otto_Ege>
        .\n"
    http_version: 
  recorded_at: Wed, 08 Jul 2015 21:14:47 GMT
- request:
    method: get
    uri: http://localhost:8983/fedora/rest/anno/specific_res_integration_specs/48/18/9e/ac/48189eac-7222-4fd5-9a8e-6d78f5aca853/t/45/fb/b0/93/45fbb093-ea71-4652-b19b-2bfdad78a90c
    body:
      encoding: US-ASCII
      string: ''
    headers:
      User-Agent:
      - Faraday v0.9.1
      Prefer:
      - return=respresentation; omit="http://fedora.info/definitions/v4/repository#ServerManaged"
      Accept:
      - application/x-turtle
      Accept-Encoding:
      - gzip;q=1.0,deflate;q=0.6,identity;q=0.3
  response:
    status:
      code: 200
      message: OK
    headers:
      Etag:
      - '"43fa4386de77bac1fb20dc0985d1d86c810a0ba2"'
      Last-Modified:
      - Wed, 08 Jul 2015 21:14:47 GMT
      Link:
      - <http://www.w3.org/ns/ldp#BasicContainer>;rel="type"
      - <http://www.w3.org/ns/ldp#Container>;rel="type"
      - <http://www.w3.org/ns/ldp#Resource>;rel="type"
      Accept-Patch:
      - application/sparql-update
      Accept-Post:
      - text/turtle,text/rdf+n3,text/n3,application/rdf+xml,application/n-triples,multipart/form-data,application/sparql-update
      Allow:
      - MOVE,COPY,DELETE,POST,HEAD,GET,PUT,PATCH,OPTIONS
      Preference-Applied:
      - return=representation
      Vary:
      - Accept, Range, Accept-Encoding, Accept-Language
      - Prefer
      Content-Length:
      - '2211'
      Content-Type:
      - application/x-turtle
    body:
      encoding: UTF-8
      string: "@prefix premis: <http://www.loc.gov/premis/rdf/v1#> .\n@prefix image:
        <http://www.modeshape.org/images/1.0> .\n@prefix sv: <http://www.jcp.org/jcr/sv/1.0>
        .\n@prefix test: <info:fedora/test/> .\n@prefix nt: <http://www.jcp.org/jcr/nt/1.0>
        .\n@prefix cnt: <http://www.w3.org/2011/content#> .\n@prefix dcmitype: <http://purl.org/dc/dcmitype/>
        .\n@prefix rdfs: <http://www.w3.org/2000/01/rdf-schema#> .\n@prefix xsi: <http://www.w3.org/2001/XMLSchema-instance>
        .\n@prefix mode: <http://www.modeshape.org/1.0> .\n@prefix oa: <http://www.w3.org/ns/oa#>
        .\n@prefix triannon: <http://triannon.stanford.edu/ns/> .\n@prefix rdf: <http://www.w3.org/1999/02/22-rdf-syntax-ns#>
        .\n@prefix fedora: <http://fedora.info/definitions/v4/repository#> .\n@prefix
        xml: <http://www.w3.org/XML/1998/namespace> .\n@prefix ldp: <http://www.w3.org/ns/ldp#>
        .\n@prefix xs: <http://www.w3.org/2001/XMLSchema> .\n@prefix fedoraconfig:
        <http://fedora.info/definitions/v4/config#> .\n@prefix mix: <http://www.jcp.org/jcr/mix/1.0>
        .\n@prefix prov: <http://www.w3.org/ns/prov#> .\n@prefix foaf: <http://xmlns.com/foaf/0.1/>
        .\n@prefix dc: <http://purl.org/dc/terms/> .\n\n\n<http://localhost:8983/fedora/rest/anno/specific_res_integration_specs/48/18/9e/ac/48189eac-7222-4fd5-9a8e-6d78f5aca853/t/45/fb/b0/93/45fbb093-ea71-4652-b19b-2bfdad78a90c>
        a oa:SpecificResource , ldp:BasicContainer ;\n\toa:hasSelector <http://localhost:8983/fedora/rest/.well-known/genid/7c/e0/f3/d6/7ce0f3d6-6690-4443-96bf-a99afafd68eb>
        ;\n\toa:hasSource <http://localhost:8983/fedora/rest/anno/specific_res_integration_specs/48/18/9e/ac/48189eac-7222-4fd5-9a8e-6d78f5aca853/t/45/fb/b0/93/45fbb093-ea71-4652-b19b-2bfdad78a90c#source>
        .\n\n<http://localhost:8983/fedora/rest/anno/specific_res_integration_specs/48/18/9e/ac/48189eac-7222-4fd5-9a8e-6d78f5aca853/t/45/fb/b0/93/45fbb093-ea71-4652-b19b-2bfdad78a90c#source>
        triannon:externalReference <https://stacks.stanford.edu/image/kq131cs7229/kq131cs7229_05_0032_large.jpg>
        .\n\n<http://localhost:8983/fedora/rest/.well-known/genid/7c/e0/f3/d6/7ce0f3d6-6690-4443-96bf-a99afafd68eb>
        a oa:TextPositionSelector ;\n\toa:end \"66\"^^<http://www.w3.org/2001/XMLSchema#nonNegativeInteger>
        ;\n\toa:start \"0\"^^<http://www.w3.org/2001/XMLSchema#nonNegativeInteger>
        .\n"
    http_version: 
  recorded_at: Wed, 08 Jul 2015 21:14:47 GMT
- request:
    method: get
    uri: http://localhost:8983/fedora/rest/anno/specific_res_integration_specs/48/18/9e/ac/48189eac-7222-4fd5-9a8e-6d78f5aca853
    body:
      encoding: US-ASCII
      string: ''
    headers:
      User-Agent:
      - Faraday v0.9.1
      Prefer:
      - return=respresentation; omit="http://fedora.info/definitions/v4/repository#ServerManaged"
      Accept:
      - application/x-turtle
      Accept-Encoding:
      - gzip;q=1.0,deflate;q=0.6,identity;q=0.3
  response:
    status:
      code: 200
      message: OK
    headers:
      Etag:
      - '"f587ad3c9263304873883d27216a0193b9e7340a"'
      Last-Modified:
      - Wed, 08 Jul 2015 21:14:47 GMT
      Link:
      - <http://www.w3.org/ns/ldp#BasicContainer>;rel="type"
      - <http://www.w3.org/ns/ldp#Container>;rel="type"
      - <http://www.w3.org/ns/ldp#Resource>;rel="type"
      Accept-Patch:
      - application/sparql-update
      Accept-Post:
      - text/turtle,text/rdf+n3,text/n3,application/rdf+xml,application/n-triples,multipart/form-data,application/sparql-update
      Allow:
      - MOVE,COPY,DELETE,POST,HEAD,GET,PUT,PATCH,OPTIONS
      Preference-Applied:
      - return=representation
      Vary:
      - Accept, Range, Accept-Encoding, Accept-Language
      - Prefer
      Content-Length:
      - '1948'
      Content-Type:
      - application/x-turtle
    body:
      encoding: UTF-8
      string: "@prefix premis: <http://www.loc.gov/premis/rdf/v1#> .\n@prefix image:
        <http://www.modeshape.org/images/1.0> .\n@prefix sv: <http://www.jcp.org/jcr/sv/1.0>
        .\n@prefix test: <info:fedora/test/> .\n@prefix nt: <http://www.jcp.org/jcr/nt/1.0>
        .\n@prefix cnt: <http://www.w3.org/2011/content#> .\n@prefix dcmitype: <http://purl.org/dc/dcmitype/>
        .\n@prefix rdfs: <http://www.w3.org/2000/01/rdf-schema#> .\n@prefix xsi: <http://www.w3.org/2001/XMLSchema-instance>
        .\n@prefix mode: <http://www.modeshape.org/1.0> .\n@prefix oa: <http://www.w3.org/ns/oa#>
        .\n@prefix triannon: <http://triannon.stanford.edu/ns/> .\n@prefix rdf: <http://www.w3.org/1999/02/22-rdf-syntax-ns#>
        .\n@prefix fedora: <http://fedora.info/definitions/v4/repository#> .\n@prefix
        xml: <http://www.w3.org/XML/1998/namespace> .\n@prefix ldp: <http://www.w3.org/ns/ldp#>
        .\n@prefix xs: <http://www.w3.org/2001/XMLSchema> .\n@prefix fedoraconfig:
        <http://fedora.info/definitions/v4/config#> .\n@prefix mix: <http://www.jcp.org/jcr/mix/1.0>
        .\n@prefix prov: <http://www.w3.org/ns/prov#> .\n@prefix foaf: <http://xmlns.com/foaf/0.1/>
        .\n@prefix dc: <http://purl.org/dc/terms/> .\n\n\n<http://localhost:8983/fedora/rest/anno/specific_res_integration_specs/48/18/9e/ac/48189eac-7222-4fd5-9a8e-6d78f5aca853>
        a oa:Annotation , ldp:BasicContainer ;\n\toa:motivatedBy oa:commenting ;\n\tldp:contains
        <http://localhost:8983/fedora/rest/anno/specific_res_integration_specs/48/18/9e/ac/48189eac-7222-4fd5-9a8e-6d78f5aca853/b>
        , <http://localhost:8983/fedora/rest/anno/specific_res_integration_specs/48/18/9e/ac/48189eac-7222-4fd5-9a8e-6d78f5aca853/t>
        ;\n\toa:hasTarget <http://localhost:8983/fedora/rest/anno/specific_res_integration_specs/48/18/9e/ac/48189eac-7222-4fd5-9a8e-6d78f5aca853/t/45/fb/b0/93/45fbb093-ea71-4652-b19b-2bfdad78a90c>
        ;\n\toa:hasBody <http://localhost:8983/fedora/rest/anno/specific_res_integration_specs/48/18/9e/ac/48189eac-7222-4fd5-9a8e-6d78f5aca853/b/7e/0d/53/ae/7e0d53ae-ce4e-46ef-968b-3eae52f7a242>
        .\n"
    http_version: 
  recorded_at: Wed, 08 Jul 2015 21:14:47 GMT
- request:
    method: get
    uri: http://localhost:8983/fedora/rest/anno/specific_res_integration_specs/48/18/9e/ac/48189eac-7222-4fd5-9a8e-6d78f5aca853/b/7e/0d/53/ae/7e0d53ae-ce4e-46ef-968b-3eae52f7a242
    body:
      encoding: US-ASCII
      string: ''
    headers:
      User-Agent:
      - Faraday v0.9.1
      Prefer:
      - return=respresentation; omit="http://fedora.info/definitions/v4/repository#ServerManaged"
      Accept:
      - application/x-turtle
      Accept-Encoding:
      - gzip;q=1.0,deflate;q=0.6,identity;q=0.3
  response:
    status:
      code: 200
      message: OK
    headers:
      Etag:
      - '"ef7a159143b450ce504980e4d4351e8bfbb3635f"'
      Last-Modified:
      - Wed, 08 Jul 2015 21:14:47 GMT
      Link:
      - <http://www.w3.org/ns/ldp#BasicContainer>;rel="type"
      - <http://www.w3.org/ns/ldp#Container>;rel="type"
      - <http://www.w3.org/ns/ldp#Resource>;rel="type"
      Accept-Patch:
      - application/sparql-update
      Accept-Post:
      - text/turtle,text/rdf+n3,text/n3,application/rdf+xml,application/n-triples,multipart/form-data,application/sparql-update
      Allow:
      - MOVE,COPY,DELETE,POST,HEAD,GET,PUT,PATCH,OPTIONS
      Preference-Applied:
      - return=representation
      Vary:
      - Accept, Range, Accept-Encoding, Accept-Language
      - Prefer
      Content-Length:
      - '1382'
      Content-Type:
      - application/x-turtle
    body:
      encoding: UTF-8
      string: "@prefix premis: <http://www.loc.gov/premis/rdf/v1#> .\n@prefix image:
        <http://www.modeshape.org/images/1.0> .\n@prefix sv: <http://www.jcp.org/jcr/sv/1.0>
        .\n@prefix test: <info:fedora/test/> .\n@prefix nt: <http://www.jcp.org/jcr/nt/1.0>
        .\n@prefix cnt: <http://www.w3.org/2011/content#> .\n@prefix dcmitype: <http://purl.org/dc/dcmitype/>
        .\n@prefix rdfs: <http://www.w3.org/2000/01/rdf-schema#> .\n@prefix xsi: <http://www.w3.org/2001/XMLSchema-instance>
        .\n@prefix mode: <http://www.modeshape.org/1.0> .\n@prefix oa: <http://www.w3.org/ns/oa#>
        .\n@prefix triannon: <http://triannon.stanford.edu/ns/> .\n@prefix rdf: <http://www.w3.org/1999/02/22-rdf-syntax-ns#>
        .\n@prefix fedora: <http://fedora.info/definitions/v4/repository#> .\n@prefix
        xml: <http://www.w3.org/XML/1998/namespace> .\n@prefix ldp: <http://www.w3.org/ns/ldp#>
        .\n@prefix xs: <http://www.w3.org/2001/XMLSchema> .\n@prefix fedoraconfig:
        <http://fedora.info/definitions/v4/config#> .\n@prefix mix: <http://www.jcp.org/jcr/mix/1.0>
        .\n@prefix prov: <http://www.w3.org/ns/prov#> .\n@prefix foaf: <http://xmlns.com/foaf/0.1/>
        .\n@prefix dc: <http://purl.org/dc/terms/> .\n\n\n<http://localhost:8983/fedora/rest/anno/specific_res_integration_specs/48/18/9e/ac/48189eac-7222-4fd5-9a8e-6d78f5aca853/b/7e/0d/53/ae/7e0d53ae-ce4e-46ef-968b-3eae52f7a242>
        a ldp:BasicContainer ;\n\ttriannon:externalReference <http://dbpedia.org/resource/Otto_Ege>
        .\n"
    http_version: 
  recorded_at: Wed, 08 Jul 2015 21:14:47 GMT
- request:
    method: get
    uri: http://localhost:8983/fedora/rest/anno/specific_res_integration_specs/48/18/9e/ac/48189eac-7222-4fd5-9a8e-6d78f5aca853/t/45/fb/b0/93/45fbb093-ea71-4652-b19b-2bfdad78a90c
    body:
      encoding: US-ASCII
      string: ''
    headers:
      User-Agent:
      - Faraday v0.9.1
      Prefer:
      - return=respresentation; omit="http://fedora.info/definitions/v4/repository#ServerManaged"
      Accept:
      - application/x-turtle
      Accept-Encoding:
      - gzip;q=1.0,deflate;q=0.6,identity;q=0.3
  response:
    status:
      code: 200
      message: OK
    headers:
      Etag:
      - '"43fa4386de77bac1fb20dc0985d1d86c810a0ba2"'
      Last-Modified:
      - Wed, 08 Jul 2015 21:14:47 GMT
      Link:
      - <http://www.w3.org/ns/ldp#BasicContainer>;rel="type"
      - <http://www.w3.org/ns/ldp#Container>;rel="type"
      - <http://www.w3.org/ns/ldp#Resource>;rel="type"
      Accept-Patch:
      - application/sparql-update
      Accept-Post:
      - text/turtle,text/rdf+n3,text/n3,application/rdf+xml,application/n-triples,multipart/form-data,application/sparql-update
      Allow:
      - MOVE,COPY,DELETE,POST,HEAD,GET,PUT,PATCH,OPTIONS
      Preference-Applied:
      - return=representation
      Vary:
      - Accept, Range, Accept-Encoding, Accept-Language
      - Prefer
      Content-Length:
      - '2211'
      Content-Type:
      - application/x-turtle
    body:
      encoding: UTF-8
      string: "@prefix premis: <http://www.loc.gov/premis/rdf/v1#> .\n@prefix image:
        <http://www.modeshape.org/images/1.0> .\n@prefix sv: <http://www.jcp.org/jcr/sv/1.0>
        .\n@prefix test: <info:fedora/test/> .\n@prefix nt: <http://www.jcp.org/jcr/nt/1.0>
        .\n@prefix cnt: <http://www.w3.org/2011/content#> .\n@prefix dcmitype: <http://purl.org/dc/dcmitype/>
        .\n@prefix rdfs: <http://www.w3.org/2000/01/rdf-schema#> .\n@prefix xsi: <http://www.w3.org/2001/XMLSchema-instance>
        .\n@prefix mode: <http://www.modeshape.org/1.0> .\n@prefix oa: <http://www.w3.org/ns/oa#>
        .\n@prefix triannon: <http://triannon.stanford.edu/ns/> .\n@prefix rdf: <http://www.w3.org/1999/02/22-rdf-syntax-ns#>
        .\n@prefix fedora: <http://fedora.info/definitions/v4/repository#> .\n@prefix
        xml: <http://www.w3.org/XML/1998/namespace> .\n@prefix ldp: <http://www.w3.org/ns/ldp#>
        .\n@prefix xs: <http://www.w3.org/2001/XMLSchema> .\n@prefix fedoraconfig:
        <http://fedora.info/definitions/v4/config#> .\n@prefix mix: <http://www.jcp.org/jcr/mix/1.0>
        .\n@prefix prov: <http://www.w3.org/ns/prov#> .\n@prefix foaf: <http://xmlns.com/foaf/0.1/>
        .\n@prefix dc: <http://purl.org/dc/terms/> .\n\n\n<http://localhost:8983/fedora/rest/anno/specific_res_integration_specs/48/18/9e/ac/48189eac-7222-4fd5-9a8e-6d78f5aca853/t/45/fb/b0/93/45fbb093-ea71-4652-b19b-2bfdad78a90c>
        a oa:SpecificResource , ldp:BasicContainer ;\n\toa:hasSelector <http://localhost:8983/fedora/rest/.well-known/genid/7c/e0/f3/d6/7ce0f3d6-6690-4443-96bf-a99afafd68eb>
        ;\n\toa:hasSource <http://localhost:8983/fedora/rest/anno/specific_res_integration_specs/48/18/9e/ac/48189eac-7222-4fd5-9a8e-6d78f5aca853/t/45/fb/b0/93/45fbb093-ea71-4652-b19b-2bfdad78a90c#source>
        .\n\n<http://localhost:8983/fedora/rest/anno/specific_res_integration_specs/48/18/9e/ac/48189eac-7222-4fd5-9a8e-6d78f5aca853/t/45/fb/b0/93/45fbb093-ea71-4652-b19b-2bfdad78a90c#source>
        triannon:externalReference <https://stacks.stanford.edu/image/kq131cs7229/kq131cs7229_05_0032_large.jpg>
        .\n\n<http://localhost:8983/fedora/rest/.well-known/genid/7c/e0/f3/d6/7ce0f3d6-6690-4443-96bf-a99afafd68eb>
        a oa:TextPositionSelector ;\n\toa:end \"66\"^^<http://www.w3.org/2001/XMLSchema#nonNegativeInteger>
        ;\n\toa:start \"0\"^^<http://www.w3.org/2001/XMLSchema#nonNegativeInteger>
        .\n"
    http_version: 
  recorded_at: Wed, 08 Jul 2015 21:14:47 GMT
recorded_with: VCR 2.9.3
