---
http_interactions:
- request:
    method: head
    uri: http://localhost:8983/fedora/rest/anno/solr_integration_specs
    body:
      encoding: US-ASCII
      string: ''
    headers:
      User-Agent:
      - Faraday v0.9.1
      Accept:
      - "*/*"
  response:
    status:
      code: 200
      message: OK
    headers:
      Etag:
      - '"329004e7f4d6f7fe38c2736dfdc200691679f9d8"'
      Last-Modified:
      - Mon, 20 Jul 2015 17:54:33 GMT
      Link:
      - <http://www.w3.org/ns/ldp#BasicContainer>;rel="type"
      - <http://www.w3.org/ns/ldp#Container>;rel="type"
      - <http://www.w3.org/ns/ldp#Resource>;rel="type"
      Accept-Patch:
      - application/sparql-update
      Accept-Post:
      - text/turtle,text/rdf+n3,text/n3,application/rdf+xml,application/n-triples,multipart/form-data,application/sparql-update
      Allow:
      - MOVE,COPY,DELETE,POST,HEAD,GET,PUT,PATCH,OPTIONS
      Content-Type:
      - text/tab-separated-values
      Content-Length:
      - '0'
    body:
      encoding: UTF-8
      string: ''
    http_version: 
  recorded_at: Mon, 20 Jul 2015 17:54:33 GMT
- request:
    method: post
    uri: http://localhost:8983/fedora/rest/anno/solr_integration_specs
    body:
      encoding: UTF-8
      string: |
        @prefix ldp: <http://www.w3.org/ns/ldp#> .
        @prefix oa: <http://www.w3.org/ns/oa#> .
        @prefix rdf: <http://www.w3.org/1999/02/22-rdf-syntax-ns#> .

        <> a oa:Annotation,
             ldp:BasicContainer;
           oa:motivatedBy oa:commenting .
    headers:
      User-Agent:
      - Faraday v0.9.1
      Prefer:
      - return=respresentation; omit="http://fedora.info/definitions/v4/repository#ServerManaged"
      Content-Type:
      - application/x-turtle
      Accept-Encoding:
      - gzip;q=1.0,deflate;q=0.6,identity;q=0.3
      Accept:
      - "*/*"
  response:
    status:
      code: 201
      message: Created
    headers:
      Etag:
      - '"923392574de630ffed575339038e9fab75c49dc2"'
      Last-Modified:
      - Mon, 20 Jul 2015 17:54:33 GMT
      Content-Length:
      - '110'
      Location:
      - http://localhost:8983/fedora/rest/anno/solr_integration_specs/e1/40/04/11/e1400411-acc3-4a43-a9c2-5a0beed7dfb0
      Content-Type:
      - text/plain
    body:
      encoding: UTF-8
      string: http://localhost:8983/fedora/rest/anno/solr_integration_specs/e1/40/04/11/e1400411-acc3-4a43-a9c2-5a0beed7dfb0
    http_version: 
  recorded_at: Mon, 20 Jul 2015 17:54:33 GMT
- request:
    method: post
    uri: http://localhost:8983/fedora/rest/anno/solr_integration_specs/e1/40/04/11/e1400411-acc3-4a43-a9c2-5a0beed7dfb0
    body:
      encoding: UTF-8
      string: |
        @prefix ldp: <http://www.w3.org/ns/ldp#> .
        @prefix oa: <http://www.w3.org/ns/oa#> .
        @prefix rdf: <http://www.w3.org/1999/02/22-rdf-syntax-ns#> .

        <> a ldp:DirectContainer;
           ldp:hasMemberRelation oa:hasBody;
           ldp:membershipResource <http://localhost:8983/fedora/rest/anno/solr_integration_specs/e1/40/04/11/e1400411-acc3-4a43-a9c2-5a0beed7dfb0> .
    headers:
      User-Agent:
      - Faraday v0.9.1
      Prefer:
      - return=respresentation; omit="http://fedora.info/definitions/v4/repository#ServerManaged"
      Content-Type:
      - application/x-turtle
      Slug:
      - b
      Accept-Encoding:
      - gzip;q=1.0,deflate;q=0.6,identity;q=0.3
      Accept:
      - "*/*"
  response:
    status:
      code: 201
      message: Created
    headers:
      Etag:
      - '"bb6c0266f7cb49006494274db6dd122d827f14f1"'
      Last-Modified:
      - Mon, 20 Jul 2015 17:54:33 GMT
      Content-Length:
      - '112'
      Location:
      - http://localhost:8983/fedora/rest/anno/solr_integration_specs/e1/40/04/11/e1400411-acc3-4a43-a9c2-5a0beed7dfb0/b
      Content-Type:
      - text/plain
    body:
      encoding: UTF-8
      string: http://localhost:8983/fedora/rest/anno/solr_integration_specs/e1/40/04/11/e1400411-acc3-4a43-a9c2-5a0beed7dfb0/b
    http_version: 
  recorded_at: Mon, 20 Jul 2015 17:54:33 GMT
- request:
    method: post
    uri: http://localhost:8983/fedora/rest/anno/solr_integration_specs/e1/40/04/11/e1400411-acc3-4a43-a9c2-5a0beed7dfb0/b
    body:
      encoding: UTF-8
      string: |
        @prefix cnt: <http://www.w3.org/2011/content#> .
        @prefix dcmitype: <http://purl.org/dc/dcmitype/> .
        @prefix ldp: <http://www.w3.org/ns/ldp#> .
        @prefix rdf: <http://www.w3.org/1999/02/22-rdf-syntax-ns#> .
        @prefix xsd: <http://www.w3.org/2001/XMLSchema#> .

        <> a ldp:BasicContainer,
             cnt:ContentAsText,
             dcmitype:Text;
           cnt:chars "Solr integration test" .
    headers:
      User-Agent:
      - Faraday v0.9.1
      Prefer:
      - return=respresentation; omit="http://fedora.info/definitions/v4/repository#ServerManaged"
      Content-Type:
      - application/x-turtle
      Accept-Encoding:
      - gzip;q=1.0,deflate;q=0.6,identity;q=0.3
      Accept:
      - "*/*"
  response:
    status:
      code: 201
      message: Created
    headers:
      Etag:
      - '"88d3e5945faf5d198afb6f735d303c90f773bd77"'
      Last-Modified:
      - Mon, 20 Jul 2015 17:54:34 GMT
      Content-Length:
      - '161'
      Location:
      - http://localhost:8983/fedora/rest/anno/solr_integration_specs/e1/40/04/11/e1400411-acc3-4a43-a9c2-5a0beed7dfb0/b/91/74/42/17/91744217-30d7-4236-bf06-18a3641bc375
      Content-Type:
      - text/plain
    body:
      encoding: UTF-8
      string: http://localhost:8983/fedora/rest/anno/solr_integration_specs/e1/40/04/11/e1400411-acc3-4a43-a9c2-5a0beed7dfb0/b/91/74/42/17/91744217-30d7-4236-bf06-18a3641bc375
    http_version: 
  recorded_at: Mon, 20 Jul 2015 17:54:34 GMT
- request:
    method: post
    uri: http://localhost:8983/fedora/rest/anno/solr_integration_specs/e1/40/04/11/e1400411-acc3-4a43-a9c2-5a0beed7dfb0
    body:
      encoding: UTF-8
      string: |
        @prefix ldp: <http://www.w3.org/ns/ldp#> .
        @prefix oa: <http://www.w3.org/ns/oa#> .
        @prefix rdf: <http://www.w3.org/1999/02/22-rdf-syntax-ns#> .

        <> a ldp:DirectContainer;
           ldp:hasMemberRelation oa:hasTarget;
           ldp:membershipResource <http://localhost:8983/fedora/rest/anno/solr_integration_specs/e1/40/04/11/e1400411-acc3-4a43-a9c2-5a0beed7dfb0> .
    headers:
      User-Agent:
      - Faraday v0.9.1
      Prefer:
      - return=respresentation; omit="http://fedora.info/definitions/v4/repository#ServerManaged"
      Content-Type:
      - application/x-turtle
      Slug:
      - t
      Accept-Encoding:
      - gzip;q=1.0,deflate;q=0.6,identity;q=0.3
      Accept:
      - "*/*"
  response:
    status:
      code: 201
      message: Created
    headers:
      Etag:
      - '"96c7a5e578b4384a3104075dd1c54ade2f7355bf"'
      Last-Modified:
      - Mon, 20 Jul 2015 17:54:34 GMT
      Content-Length:
      - '112'
      Location:
      - http://localhost:8983/fedora/rest/anno/solr_integration_specs/e1/40/04/11/e1400411-acc3-4a43-a9c2-5a0beed7dfb0/t
      Content-Type:
      - text/plain
    body:
      encoding: UTF-8
      string: http://localhost:8983/fedora/rest/anno/solr_integration_specs/e1/40/04/11/e1400411-acc3-4a43-a9c2-5a0beed7dfb0/t
    http_version: 
  recorded_at: Mon, 20 Jul 2015 17:54:34 GMT
- request:
    method: post
    uri: http://localhost:8983/fedora/rest/anno/solr_integration_specs/e1/40/04/11/e1400411-acc3-4a43-a9c2-5a0beed7dfb0/t
    body:
      encoding: UTF-8
      string: |
        @prefix ldp: <http://www.w3.org/ns/ldp#> .
        @prefix rdf: <http://www.w3.org/1999/02/22-rdf-syntax-ns#> .
        @prefix triannon: <http://triannon.stanford.edu/ns/> .

        <> a ldp:BasicContainer;
           triannon:externalReference <http://example.com/solr-integration-test> .
    headers:
      User-Agent:
      - Faraday v0.9.1
      Prefer:
      - return=respresentation; omit="http://fedora.info/definitions/v4/repository#ServerManaged"
      Content-Type:
      - application/x-turtle
      Accept-Encoding:
      - gzip;q=1.0,deflate;q=0.6,identity;q=0.3
      Accept:
      - "*/*"
  response:
    status:
      code: 201
      message: Created
    headers:
      Etag:
      - '"88846c50b0fa203b970b561b6c8c73db8b7950e0"'
      Last-Modified:
      - Mon, 20 Jul 2015 17:54:34 GMT
      Content-Length:
      - '161'
      Location:
      - http://localhost:8983/fedora/rest/anno/solr_integration_specs/e1/40/04/11/e1400411-acc3-4a43-a9c2-5a0beed7dfb0/t/7f/81/1f/07/7f811f07-6052-4a96-9770-22f1887afe47
      Content-Type:
      - text/plain
    body:
      encoding: UTF-8
      string: http://localhost:8983/fedora/rest/anno/solr_integration_specs/e1/40/04/11/e1400411-acc3-4a43-a9c2-5a0beed7dfb0/t/7f/81/1f/07/7f811f07-6052-4a96-9770-22f1887afe47
    http_version: 
  recorded_at: Mon, 20 Jul 2015 17:54:34 GMT
- request:
    method: get
    uri: http://localhost:8983/fedora/rest/anno/solr_integration_specs/e1/40/04/11/e1400411-acc3-4a43-a9c2-5a0beed7dfb0
    body:
      encoding: US-ASCII
      string: ''
    headers:
      User-Agent:
      - Faraday v0.9.1
      Prefer:
      - return=respresentation; omit="http://fedora.info/definitions/v4/repository#ServerManaged"
      Accept:
      - application/x-turtle
      Accept-Encoding:
      - gzip;q=1.0,deflate;q=0.6,identity;q=0.3
  response:
    status:
      code: 200
      message: OK
    headers:
      Etag:
      - '"322cfff205ec395d04624e9a00151f63eba458c8"'
      Last-Modified:
      - Mon, 20 Jul 2015 17:54:34 GMT
      Link:
      - <http://www.w3.org/ns/ldp#BasicContainer>;rel="type"
      - <http://www.w3.org/ns/ldp#Container>;rel="type"
      - <http://www.w3.org/ns/ldp#Resource>;rel="type"
      Accept-Patch:
      - application/sparql-update
      Accept-Post:
      - text/turtle,text/rdf+n3,text/n3,application/rdf+xml,application/n-triples,multipart/form-data,application/sparql-update
      Allow:
      - MOVE,COPY,DELETE,POST,HEAD,GET,PUT,PATCH,OPTIONS
      Preference-Applied:
      - return=representation
      Vary:
      - Accept, Range, Accept-Encoding, Accept-Language
      - Prefer
      Content-Length:
      - '1870'
      Content-Type:
      - application/x-turtle
    body:
      encoding: UTF-8
      string: "@prefix premis: <http://www.loc.gov/premis/rdf/v1#> .\n@prefix image:
        <http://www.modeshape.org/images/1.0> .\n@prefix sv: <http://www.jcp.org/jcr/sv/1.0>
        .\n@prefix test: <info:fedora/test/> .\n@prefix nt: <http://www.jcp.org/jcr/nt/1.0>
        .\n@prefix cnt: <http://www.w3.org/2011/content#> .\n@prefix dcmitype: <http://purl.org/dc/dcmitype/>
        .\n@prefix rdfs: <http://www.w3.org/2000/01/rdf-schema#> .\n@prefix xsi: <http://www.w3.org/2001/XMLSchema-instance>
        .\n@prefix mode: <http://www.modeshape.org/1.0> .\n@prefix oa: <http://www.w3.org/ns/oa#>
        .\n@prefix triannon: <http://triannon.stanford.edu/ns/> .\n@prefix rdf: <http://www.w3.org/1999/02/22-rdf-syntax-ns#>
        .\n@prefix fedora: <http://fedora.info/definitions/v4/repository#> .\n@prefix
        xml: <http://www.w3.org/XML/1998/namespace> .\n@prefix ldp: <http://www.w3.org/ns/ldp#>
        .\n@prefix xs: <http://www.w3.org/2001/XMLSchema> .\n@prefix fedoraconfig:
        <http://fedora.info/definitions/v4/config#> .\n@prefix mix: <http://www.jcp.org/jcr/mix/1.0>
        .\n@prefix foaf: <http://xmlns.com/foaf/0.1/> .\n@prefix dc: <http://purl.org/dc/elements/1.1/>
        .\n\n\n<http://localhost:8983/fedora/rest/anno/solr_integration_specs/e1/40/04/11/e1400411-acc3-4a43-a9c2-5a0beed7dfb0>
        a oa:Annotation , ldp:BasicContainer ;\n\toa:motivatedBy oa:commenting ;\n\tldp:contains
        <http://localhost:8983/fedora/rest/anno/solr_integration_specs/e1/40/04/11/e1400411-acc3-4a43-a9c2-5a0beed7dfb0/b>
        , <http://localhost:8983/fedora/rest/anno/solr_integration_specs/e1/40/04/11/e1400411-acc3-4a43-a9c2-5a0beed7dfb0/t>
        ;\n\toa:hasBody <http://localhost:8983/fedora/rest/anno/solr_integration_specs/e1/40/04/11/e1400411-acc3-4a43-a9c2-5a0beed7dfb0/b/91/74/42/17/91744217-30d7-4236-bf06-18a3641bc375>
        ;\n\toa:hasTarget <http://localhost:8983/fedora/rest/anno/solr_integration_specs/e1/40/04/11/e1400411-acc3-4a43-a9c2-5a0beed7dfb0/t/7f/81/1f/07/7f811f07-6052-4a96-9770-22f1887afe47>
        .\n"
    http_version: 
  recorded_at: Mon, 20 Jul 2015 17:54:34 GMT
- request:
    method: get
    uri: http://localhost:8983/fedora/rest/anno/solr_integration_specs/e1/40/04/11/e1400411-acc3-4a43-a9c2-5a0beed7dfb0/b/91/74/42/17/91744217-30d7-4236-bf06-18a3641bc375
    body:
      encoding: US-ASCII
      string: ''
    headers:
      User-Agent:
      - Faraday v0.9.1
      Prefer:
      - return=respresentation; omit="http://fedora.info/definitions/v4/repository#ServerManaged"
      Accept:
      - application/x-turtle
      Accept-Encoding:
      - gzip;q=1.0,deflate;q=0.6,identity;q=0.3
  response:
    status:
      code: 200
      message: OK
    headers:
      Etag:
      - '"88d3e5945faf5d198afb6f735d303c90f773bd77"'
      Last-Modified:
      - Mon, 20 Jul 2015 17:54:34 GMT
      Link:
      - <http://www.w3.org/ns/ldp#BasicContainer>;rel="type"
      - <http://www.w3.org/ns/ldp#Container>;rel="type"
      - <http://www.w3.org/ns/ldp#Resource>;rel="type"
      Accept-Patch:
      - application/sparql-update
      Accept-Post:
      - text/turtle,text/rdf+n3,text/n3,application/rdf+xml,application/n-triples,multipart/form-data,application/sparql-update
      Allow:
      - MOVE,COPY,DELETE,POST,HEAD,GET,PUT,PATCH,OPTIONS
      Preference-Applied:
      - return=representation
      Vary:
      - Accept, Range, Accept-Encoding, Accept-Language
      - Prefer
      Content-Length:
      - '1383'
      Content-Type:
      - application/x-turtle
    body:
      encoding: UTF-8
      string: "@prefix premis: <http://www.loc.gov/premis/rdf/v1#> .\n@prefix image:
        <http://www.modeshape.org/images/1.0> .\n@prefix sv: <http://www.jcp.org/jcr/sv/1.0>
        .\n@prefix test: <info:fedora/test/> .\n@prefix nt: <http://www.jcp.org/jcr/nt/1.0>
        .\n@prefix cnt: <http://www.w3.org/2011/content#> .\n@prefix dcmitype: <http://purl.org/dc/dcmitype/>
        .\n@prefix rdfs: <http://www.w3.org/2000/01/rdf-schema#> .\n@prefix xsi: <http://www.w3.org/2001/XMLSchema-instance>
        .\n@prefix mode: <http://www.modeshape.org/1.0> .\n@prefix oa: <http://www.w3.org/ns/oa#>
        .\n@prefix triannon: <http://triannon.stanford.edu/ns/> .\n@prefix rdf: <http://www.w3.org/1999/02/22-rdf-syntax-ns#>
        .\n@prefix fedora: <http://fedora.info/definitions/v4/repository#> .\n@prefix
        xml: <http://www.w3.org/XML/1998/namespace> .\n@prefix ldp: <http://www.w3.org/ns/ldp#>
        .\n@prefix xs: <http://www.w3.org/2001/XMLSchema> .\n@prefix fedoraconfig:
        <http://fedora.info/definitions/v4/config#> .\n@prefix mix: <http://www.jcp.org/jcr/mix/1.0>
        .\n@prefix foaf: <http://xmlns.com/foaf/0.1/> .\n@prefix dc: <http://purl.org/dc/elements/1.1/>
        .\n\n\n<http://localhost:8983/fedora/rest/anno/solr_integration_specs/e1/40/04/11/e1400411-acc3-4a43-a9c2-5a0beed7dfb0/b/91/74/42/17/91744217-30d7-4236-bf06-18a3641bc375>
        a dcmitype:Text , ldp:BasicContainer , cnt:ContentAsText ;\n\tcnt:chars \"Solr
        integration test\"^^<http://www.w3.org/2001/XMLSchema#string> .\n"
    http_version: 
  recorded_at: Mon, 20 Jul 2015 17:54:34 GMT
- request:
    method: get
    uri: http://localhost:8983/fedora/rest/anno/solr_integration_specs/e1/40/04/11/e1400411-acc3-4a43-a9c2-5a0beed7dfb0/t/7f/81/1f/07/7f811f07-6052-4a96-9770-22f1887afe47
    body:
      encoding: US-ASCII
      string: ''
    headers:
      User-Agent:
      - Faraday v0.9.1
      Prefer:
      - return=respresentation; omit="http://fedora.info/definitions/v4/repository#ServerManaged"
      Accept:
      - application/x-turtle
      Accept-Encoding:
      - gzip;q=1.0,deflate;q=0.6,identity;q=0.3
  response:
    status:
      code: 200
      message: OK
    headers:
      Etag:
      - '"88846c50b0fa203b970b561b6c8c73db8b7950e0"'
      Last-Modified:
      - Mon, 20 Jul 2015 17:54:34 GMT
      Link:
      - <http://www.w3.org/ns/ldp#BasicContainer>;rel="type"
      - <http://www.w3.org/ns/ldp#Container>;rel="type"
      - <http://www.w3.org/ns/ldp#Resource>;rel="type"
      Accept-Patch:
      - application/sparql-update
      Accept-Post:
      - text/turtle,text/rdf+n3,text/n3,application/rdf+xml,application/n-triples,multipart/form-data,application/sparql-update
      Allow:
      - MOVE,COPY,DELETE,POST,HEAD,GET,PUT,PATCH,OPTIONS
      Preference-Applied:
      - return=representation
      Vary:
      - Accept, Range, Accept-Encoding, Accept-Language
      - Prefer
      Content-Length:
      - '1340'
      Content-Type:
      - application/x-turtle
    body:
      encoding: UTF-8
      string: "@prefix premis: <http://www.loc.gov/premis/rdf/v1#> .\n@prefix image:
        <http://www.modeshape.org/images/1.0> .\n@prefix sv: <http://www.jcp.org/jcr/sv/1.0>
        .\n@prefix test: <info:fedora/test/> .\n@prefix nt: <http://www.jcp.org/jcr/nt/1.0>
        .\n@prefix cnt: <http://www.w3.org/2011/content#> .\n@prefix dcmitype: <http://purl.org/dc/dcmitype/>
        .\n@prefix rdfs: <http://www.w3.org/2000/01/rdf-schema#> .\n@prefix xsi: <http://www.w3.org/2001/XMLSchema-instance>
        .\n@prefix mode: <http://www.modeshape.org/1.0> .\n@prefix oa: <http://www.w3.org/ns/oa#>
        .\n@prefix triannon: <http://triannon.stanford.edu/ns/> .\n@prefix rdf: <http://www.w3.org/1999/02/22-rdf-syntax-ns#>
        .\n@prefix fedora: <http://fedora.info/definitions/v4/repository#> .\n@prefix
        xml: <http://www.w3.org/XML/1998/namespace> .\n@prefix ldp: <http://www.w3.org/ns/ldp#>
        .\n@prefix xs: <http://www.w3.org/2001/XMLSchema> .\n@prefix fedoraconfig:
        <http://fedora.info/definitions/v4/config#> .\n@prefix mix: <http://www.jcp.org/jcr/mix/1.0>
        .\n@prefix foaf: <http://xmlns.com/foaf/0.1/> .\n@prefix dc: <http://purl.org/dc/elements/1.1/>
        .\n\n\n<http://localhost:8983/fedora/rest/anno/solr_integration_specs/e1/40/04/11/e1400411-acc3-4a43-a9c2-5a0beed7dfb0/t/7f/81/1f/07/7f811f07-6052-4a96-9770-22f1887afe47>
        a ldp:BasicContainer ;\n\ttriannon:externalReference <http://example.com/solr-integration-test>
        .\n"
    http_version: 
  recorded_at: Mon, 20 Jul 2015 17:54:34 GMT
- request:
    method: post
    uri: http://localhost:8983/solr/triannon/update?wt=ruby
    body:
      encoding: UTF-8
      string: <?xml version="1.0" encoding="UTF-8"?><add commitWithin="500"><doc><field
        name="id">solr_integration_specs/e1/40/04/11/e1400411-acc3-4a43-a9c2-5a0beed7dfb0</field><field
        name="root">solr_integration_specs</field><field name="motivation">commenting</field><field
        name="target_url">http://example.com/solr-integration-test</field><field name="target_type">external_URI</field><field
        name="body_type">content_as_text</field><field name="body_chars_exact">Solr
        integration test</field><field name="anno_jsonld">{"@context":"http://www.w3.org/ns/oa-context-20130208.json","@graph":[{"@id":"_:g69919364086060","@type":["dctypes:Text","cnt:ContentAsText"],"chars":"Solr
        integration test"},{"@id":"http://your.triannon-server.com/annotations/solr_integration_specs/e1/40/04/11/e1400411-acc3-4a43-a9c2-5a0beed7dfb0","@type":"oa:Annotation","hasBody":"_:g69919364086060","hasTarget":"http://example.com/solr-integration-test","motivatedBy":"oa:commenting"}]}</field></doc></add>
    headers:
      Content-Type:
      - text/xml
  response:
    status:
      code: 200
      message: OK
    headers:
      Content-Type:
      - text/plain;charset=UTF-8
      Transfer-Encoding:
      - chunked
    body:
      encoding: UTF-8
      string: |
        {'responseHeader'=>{'status'=>0,'QTime'=>2}}
    http_version: 
  recorded_at: Mon, 20 Jul 2015 17:54:34 GMT
- request:
    method: get
    uri: http://localhost:8983/solr/triannon/doc?id=solr_integration_specs/e1/40/04/11/e1400411-acc3-4a43-a9c2-5a0beed7dfb0&wt=ruby
    body:
      encoding: US-ASCII
      string: ''
    headers: {}
  response:
    status:
      code: 200
      message: OK
    headers:
      Last-Modified:
      - Mon, 20 Jul 2015 17:54:34 GMT
      Etag:
      - '"YTAwMDAwMDAwMDAwMDAwU29scg=="'
      Content-Type:
      - text/plain;charset=UTF-8
      Transfer-Encoding:
      - chunked
    body:
      encoding: UTF-8
      string: |
        {
          'responseHeader'=>{
            'status'=>0,
            'QTime'=>8,
            'params'=>{
              'id'=>'solr_integration_specs/e1/40/04/11/e1400411-acc3-4a43-a9c2-5a0beed7dfb0',
              'wt'=>'ruby'}},
          'response'=>{'numFound'=>1,'start'=>0,'docs'=>[
              {
                'id'=>'solr_integration_specs/e1/40/04/11/e1400411-acc3-4a43-a9c2-5a0beed7dfb0',
                'root'=>'solr_integration_specs',
                'motivation'=>['commenting'],
                'target_url'=>['http://example.com/solr-integration-test'],
                'target_type'=>['external_URI'],
                'body_type'=>['content_as_text'],
                'body_chars_exact'=>['Solr integration test'],
                'anno_jsonld'=>'{"@context":"http://www.w3.org/ns/oa-context-20130208.json","@graph":[{"@id":"_:g69919364086060","@type":["dctypes:Text","cnt:ContentAsText"],"chars":"Solr integration test"},{"@id":"http://your.triannon-server.com/annotations/solr_integration_specs/e1/40/04/11/e1400411-acc3-4a43-a9c2-5a0beed7dfb0","@type":"oa:Annotation","hasBody":"_:g69919364086060","hasTarget":"http://example.com/solr-integration-test","motivatedBy":"oa:commenting"}]}',
                '_version_'=>1507238739178422272,
                'timestamp'=>'2015-07-20T17:54:34.247Z'}]
          }}
    http_version: 
  recorded_at: Mon, 20 Jul 2015 17:54:35 GMT
- request:
    method: delete
    uri: http://localhost:8983/fedora/rest/anno/solr_integration_specs/e1/40/04/11/e1400411-acc3-4a43-a9c2-5a0beed7dfb0
    body:
      encoding: US-ASCII
      string: ''
    headers:
      User-Agent:
      - Faraday v0.9.1
      Prefer:
      - return=respresentation; omit="http://fedora.info/definitions/v4/repository#ServerManaged"
      Accept-Encoding:
      - gzip;q=1.0,deflate;q=0.6,identity;q=0.3
      Accept:
      - "*/*"
  response:
    status:
      code: 204
      message: No Content
    headers: {}
    body:
      encoding: UTF-8
      string: ''
    http_version: 
  recorded_at: Mon, 20 Jul 2015 17:54:35 GMT
- request:
    method: post
    uri: http://localhost:8983/solr/triannon/update?wt=ruby
    body:
      encoding: UTF-8
      string: <?xml version="1.0" encoding="UTF-8"?><delete><id>solr_integration_specs/e1/40/04/11/e1400411-acc3-4a43-a9c2-5a0beed7dfb0</id></delete>
    headers:
      Content-Type:
      - text/xml
  response:
    status:
      code: 200
      message: OK
    headers:
      Content-Type:
      - text/plain;charset=UTF-8
      Transfer-Encoding:
      - chunked
    body:
      encoding: UTF-8
      string: |
        {'responseHeader'=>{'status'=>0,'QTime'=>2}}
    http_version: 
  recorded_at: Mon, 20 Jul 2015 17:54:35 GMT
- request:
    method: post
    uri: http://localhost:8983/solr/triannon/update?wt=ruby
    body:
      encoding: UTF-8
      string: <?xml version="1.0" encoding="UTF-8"?><commit/>
    headers:
      Content-Type:
      - text/xml
  response:
    status:
      code: 200
      message: OK
    headers:
      Content-Type:
      - text/plain;charset=UTF-8
      Transfer-Encoding:
      - chunked
    body:
      encoding: UTF-8
      string: |
        {'responseHeader'=>{'status'=>0,'QTime'=>12}}
    http_version: 
  recorded_at: Mon, 20 Jul 2015 17:54:35 GMT
- request:
    method: get
    uri: http://localhost:8983/solr/triannon/doc?id=solr_integration_specs/e1/40/04/11/e1400411-acc3-4a43-a9c2-5a0beed7dfb0&wt=ruby
    body:
      encoding: US-ASCII
      string: ''
    headers: {}
  response:
    status:
      code: 200
      message: OK
    headers:
      Last-Modified:
      - Mon, 20 Jul 2015 17:54:35 GMT
      Etag:
      - '"NGEwMDAwMDAwMDAwMDAwMFNvbHI="'
      Content-Type:
      - text/plain;charset=UTF-8
      Transfer-Encoding:
      - chunked
    body:
      encoding: UTF-8
      string: |
        {
          'responseHeader'=>{
            'status'=>0,
            'QTime'=>2,
            'params'=>{
              'id'=>'solr_integration_specs/e1/40/04/11/e1400411-acc3-4a43-a9c2-5a0beed7dfb0',
              'wt'=>'ruby'}},
          'response'=>{'numFound'=>0,'start'=>0,'docs'=>[]
          }}
    http_version: 
  recorded_at: Mon, 20 Jul 2015 17:54:38 GMT
recorded_with: VCR 2.9.3
