---
http_interactions:
- request:
    method: head
    uri: http://localhost:8983/fedora/rest/anno/ldpwprotspec
    body:
      encoding: US-ASCII
      string: ''
    headers:
      User-Agent:
      - Faraday v0.9.1
      Accept:
      - "*/*"
  response:
    status:
      code: 200
      message: OK
    headers:
      Etag:
      - '"213955d733945fa01e08fb4ebb04db0c9144fc4b"'
      Last-Modified:
      - Mon, 20 Jul 2015 17:55:01 GMT
      Link:
      - <http://www.w3.org/ns/ldp#BasicContainer>;rel="type"
      - <http://www.w3.org/ns/ldp#Container>;rel="type"
      - <http://www.w3.org/ns/ldp#Resource>;rel="type"
      Accept-Patch:
      - application/sparql-update
      Accept-Post:
      - text/turtle,text/rdf+n3,text/n3,application/rdf+xml,application/n-triples,multipart/form-data,application/sparql-update
      Allow:
      - MOVE,COPY,DELETE,POST,HEAD,GET,PUT,PATCH,OPTIONS
      Content-Type:
      - text/tab-separated-values
      Content-Length:
      - '0'
    body:
      encoding: UTF-8
      string: ''
    http_version: 
  recorded_at: Mon, 20 Jul 2015 17:55:01 GMT
- request:
    method: post
    uri: http://localhost:8983/fedora/rest/anno/ldpwprotspec
    body:
      encoding: UTF-8
      string: |
        @prefix ldp: <http://www.w3.org/ns/ldp#> .
        @prefix oa: <http://www.w3.org/ns/oa#> .
        @prefix rdf: <http://www.w3.org/1999/02/22-rdf-syntax-ns#> .

        <> a oa:Annotation,
             ldp:BasicContainer;
           oa:motivatedBy oa:commenting .
    headers:
      User-Agent:
      - Faraday v0.9.1
      Prefer:
      - return=respresentation; omit="http://fedora.info/definitions/v4/repository#ServerManaged"
      Content-Type:
      - application/x-turtle
      Accept-Encoding:
      - gzip;q=1.0,deflate;q=0.6,identity;q=0.3
      Accept:
      - "*/*"
  response:
    status:
      code: 201
      message: Created
    headers:
      Etag:
      - '"f66ccbf93cad745d29783945d14a7dcc297c382d"'
      Last-Modified:
      - Mon, 20 Jul 2015 17:55:01 GMT
      Content-Length:
      - '100'
      Location:
      - http://localhost:8983/fedora/rest/anno/ldpwprotspec/2f/c0/5c/46/2fc05c46-634b-4eba-a54f-229b16b7e273
      Content-Type:
      - text/plain
    body:
      encoding: UTF-8
      string: http://localhost:8983/fedora/rest/anno/ldpwprotspec/2f/c0/5c/46/2fc05c46-634b-4eba-a54f-229b16b7e273
    http_version: 
  recorded_at: Mon, 20 Jul 2015 17:55:01 GMT
- request:
    method: post
    uri: http://localhost:8983/fedora/rest/anno/ldpwprotspec/2f/c0/5c/46/2fc05c46-634b-4eba-a54f-229b16b7e273
    body:
      encoding: UTF-8
      string: |
        @prefix ldp: <http://www.w3.org/ns/ldp#> .
        @prefix oa: <http://www.w3.org/ns/oa#> .
        @prefix rdf: <http://www.w3.org/1999/02/22-rdf-syntax-ns#> .

        <> a ldp:DirectContainer;
           ldp:hasMemberRelation oa:hasTarget;
           ldp:membershipResource <http://localhost:8983/fedora/rest/anno/ldpwprotspec/2f/c0/5c/46/2fc05c46-634b-4eba-a54f-229b16b7e273> .
    headers:
      User-Agent:
      - Faraday v0.9.1
      Prefer:
      - return=respresentation; omit="http://fedora.info/definitions/v4/repository#ServerManaged"
      Content-Type:
      - application/x-turtle
      Slug:
      - t
      Accept-Encoding:
      - gzip;q=1.0,deflate;q=0.6,identity;q=0.3
      Accept:
      - "*/*"
  response:
    status:
      code: 201
      message: Created
    headers:
      Etag:
      - '"c36fea811ee802bc899fb540ad22ca8db8f688c1"'
      Last-Modified:
      - Mon, 20 Jul 2015 17:55:01 GMT
      Content-Length:
      - '102'
      Location:
      - http://localhost:8983/fedora/rest/anno/ldpwprotspec/2f/c0/5c/46/2fc05c46-634b-4eba-a54f-229b16b7e273/t
      Content-Type:
      - text/plain
    body:
      encoding: UTF-8
      string: http://localhost:8983/fedora/rest/anno/ldpwprotspec/2f/c0/5c/46/2fc05c46-634b-4eba-a54f-229b16b7e273/t
    http_version: 
  recorded_at: Mon, 20 Jul 2015 17:55:01 GMT
- request:
    method: post
    uri: http://localhost:8983/fedora/rest/anno/ldpwprotspec/2f/c0/5c/46/2fc05c46-634b-4eba-a54f-229b16b7e273/t
    body:
      encoding: UTF-8
      string: |
        @prefix dcmitype: <http://purl.org/dc/dcmitype/> .
        @prefix ldp: <http://www.w3.org/ns/ldp#> .
        @prefix oa: <http://www.w3.org/ns/oa#> .
        @prefix rdf: <http://www.w3.org/1999/02/22-rdf-syntax-ns#> .
        @prefix triannon: <http://triannon.stanford.edu/ns/> .

        <> a ldp:BasicContainer,
             oa:Choice;
           oa:default <#default>;
           oa:item <#item1>,
             <#item2> .

        <#default> a dcmitype:Image;
           triannon:externalReference <http://images.com/small> .

        <#item1> a dcmitype:Image;
           triannon:externalReference <http://images.com/large> .

        <#item2> a dcmitype:Image;
           triannon:externalReference <http://images.com/huge> .
    headers:
      User-Agent:
      - Faraday v0.9.1
      Prefer:
      - return=respresentation; omit="http://fedora.info/definitions/v4/repository#ServerManaged"
      Content-Type:
      - application/x-turtle
      Accept-Encoding:
      - gzip;q=1.0,deflate;q=0.6,identity;q=0.3
      Accept:
      - "*/*"
  response:
    status:
      code: 201
      message: Created
    headers:
      Etag:
      - '"a7316e5721c084f0406e3e7263561f2709d692f1"'
      Last-Modified:
      - Mon, 20 Jul 2015 17:55:01 GMT
      Content-Length:
      - '151'
      Location:
      - http://localhost:8983/fedora/rest/anno/ldpwprotspec/2f/c0/5c/46/2fc05c46-634b-4eba-a54f-229b16b7e273/t/d6/25/fa/34/d625fa34-da43-4119-a16b-f51b2dca199a
      Content-Type:
      - text/plain
    body:
      encoding: UTF-8
      string: http://localhost:8983/fedora/rest/anno/ldpwprotspec/2f/c0/5c/46/2fc05c46-634b-4eba-a54f-229b16b7e273/t/d6/25/fa/34/d625fa34-da43-4119-a16b-f51b2dca199a
    http_version: 
  recorded_at: Mon, 20 Jul 2015 17:55:01 GMT
- request:
    method: get
    uri: http://localhost:8983/fedora/rest/anno/ldpwprotspec/2f/c0/5c/46/2fc05c46-634b-4eba-a54f-229b16b7e273/t/d6/25/fa/34/d625fa34-da43-4119-a16b-f51b2dca199a
    body:
      encoding: US-ASCII
      string: ''
    headers:
      User-Agent:
      - Faraday v0.9.1
      Accept:
      - application/x-turtle
      Accept-Encoding:
      - gzip;q=1.0,deflate;q=0.6,identity;q=0.3
  response:
    status:
      code: 200
      message: OK
    headers:
      Etag:
      - '"a7316e5721c084f0406e3e7263561f2709d692f1"'
      Last-Modified:
      - Mon, 20 Jul 2015 17:55:01 GMT
      Link:
      - <http://www.w3.org/ns/ldp#BasicContainer>;rel="type"
      - <http://www.w3.org/ns/ldp#Container>;rel="type"
      - <http://www.w3.org/ns/ldp#Resource>;rel="type"
      Accept-Patch:
      - application/sparql-update
      Accept-Post:
      - text/turtle,text/rdf+n3,text/n3,application/rdf+xml,application/n-triples,multipart/form-data,application/sparql-update
      Allow:
      - MOVE,COPY,DELETE,POST,HEAD,GET,PUT,PATCH,OPTIONS
      Preference-Applied:
      - return=representation
      Vary:
      - Accept, Range, Accept-Encoding, Accept-Language
      - Prefer
      Content-Length:
      - '7601'
      Content-Type:
      - application/x-turtle
    body:
      encoding: UTF-8
      string: "@prefix premis: <http://www.loc.gov/premis/rdf/v1#> .\n@prefix image:
        <http://www.modeshape.org/images/1.0> .\n@prefix sv: <http://www.jcp.org/jcr/sv/1.0>
        .\n@prefix test: <info:fedora/test/> .\n@prefix nt: <http://www.jcp.org/jcr/nt/1.0>
        .\n@prefix cnt: <http://www.w3.org/2011/content#> .\n@prefix dcmitype: <http://purl.org/dc/dcmitype/>
        .\n@prefix rdfs: <http://www.w3.org/2000/01/rdf-schema#> .\n@prefix xsi: <http://www.w3.org/2001/XMLSchema-instance>
        .\n@prefix mode: <http://www.modeshape.org/1.0> .\n@prefix dc11: <http://purl.org/dc/elements/1.1/>
        .\n@prefix oa: <http://www.w3.org/ns/oa#> .\n@prefix triannon: <http://triannon.stanford.edu/ns/>
        .\n@prefix rdf: <http://www.w3.org/1999/02/22-rdf-syntax-ns#> .\n@prefix fedora:
        <http://fedora.info/definitions/v4/repository#> .\n@prefix xml: <http://www.w3.org/XML/1998/namespace>
        .\n@prefix ldp: <http://www.w3.org/ns/ldp#> .\n@prefix xs: <http://www.w3.org/2001/XMLSchema>
        .\n@prefix fedoraconfig: <http://fedora.info/definitions/v4/config#> .\n@prefix
        mix: <http://www.jcp.org/jcr/mix/1.0> .\n@prefix foaf: <http://xmlns.com/foaf/0.1/>
        .\n@prefix dc: <http://purl.org/dc/terms/> .\n\n\n<http://localhost:8983/fedora/rest/anno/ldpwprotspec/2f/c0/5c/46/2fc05c46-634b-4eba-a54f-229b16b7e273/t/d6/25/fa/34/d625fa34-da43-4119-a16b-f51b2dca199a>
        a ldp:RDFSource , ldp:Container , <http://www.jcp.org/jcr/nt/1.0folder> ,
        <http://www.jcp.org/jcr/nt/1.0hierarchyNode> , <http://www.jcp.org/jcr/nt/1.0base>
        , <http://www.jcp.org/jcr/mix/1.0created> , oa:Choice , fedora:Container ,
        fedora:Resource , ldp:BasicContainer , fedora:Resource , <http://www.jcp.org/jcr/mix/1.0created>
        , <http://www.jcp.org/jcr/mix/1.0lastModified> , <http://www.jcp.org/jcr/mix/1.0referenceable>
        , fedora:Container ;\n\tfedora:lastModifiedBy \"bypassAdmin\"^^<http://www.w3.org/2001/XMLSchema#string>
        ;\n\tfedora:uuid \"84d13ac9-357f-4dbf-b3cc-7ca3c8f6deda\"^^<http://www.w3.org/2001/XMLSchema#string>
        ;\n\tfedora:createdBy \"bypassAdmin\"^^<http://www.w3.org/2001/XMLSchema#string>
        ;\n\tfedora:primaryType \"nt:folder\"^^<http://www.w3.org/2001/XMLSchema#string>
        ;\n\tfedora:created \"2015-07-20T17:55:01.817Z\"^^<http://www.w3.org/2001/XMLSchema#dateTime>
        ;\n\toa:item <http://localhost:8983/fedora/rest/anno/ldpwprotspec/2f/c0/5c/46/2fc05c46-634b-4eba-a54f-229b16b7e273/t/d6/25/fa/34/d625fa34-da43-4119-a16b-f51b2dca199a#item2>
        , <http://localhost:8983/fedora/rest/anno/ldpwprotspec/2f/c0/5c/46/2fc05c46-634b-4eba-a54f-229b16b7e273/t/d6/25/fa/34/d625fa34-da43-4119-a16b-f51b2dca199a#item1>
        ;\n\toa:default <http://localhost:8983/fedora/rest/anno/ldpwprotspec/2f/c0/5c/46/2fc05c46-634b-4eba-a54f-229b16b7e273/t/d6/25/fa/34/d625fa34-da43-4119-a16b-f51b2dca199a#default>
        ;\n\tfedora:mixinTypes \"oa:Choice\"^^<http://www.w3.org/2001/XMLSchema#string>
        , \"fedora:Container\"^^<http://www.w3.org/2001/XMLSchema#string> , \"fedora:Resource\"^^<http://www.w3.org/2001/XMLSchema#string>
        , \"ldp:BasicContainer\"^^<http://www.w3.org/2001/XMLSchema#string> ;\n\tfedora:lastModified
        \"2015-07-20T17:55:01.817Z\"^^<http://www.w3.org/2001/XMLSchema#dateTime>
        ;\n\tfedora:writable \"true\"^^<http://www.w3.org/2001/XMLSchema#boolean>
        ;\n\tfedora:hasParent <http://localhost:8983/fedora/rest/anno/ldpwprotspec/2f/c0/5c/46/2fc05c46-634b-4eba-a54f-229b16b7e273/t>
        .\n\n<http://localhost:8983/fedora/rest/anno/ldpwprotspec/2f/c0/5c/46/2fc05c46-634b-4eba-a54f-229b16b7e273/t/d6/25/fa/34/d625fa34-da43-4119-a16b-f51b2dca199a#item2>
        a <http://www.jcp.org/jcr/nt/1.0folder> , <http://www.jcp.org/jcr/nt/1.0hierarchyNode>
        , <http://www.jcp.org/jcr/nt/1.0base> , <http://www.jcp.org/jcr/mix/1.0created>
        , dcmitype:Image , fedora:Resource , <http://www.jcp.org/jcr/mix/1.0created>
        , <http://www.jcp.org/jcr/mix/1.0lastModified> , <http://www.jcp.org/jcr/mix/1.0referenceable>
        ;\n\tfedora:lastModifiedBy \"bypassAdmin\"^^<http://www.w3.org/2001/XMLSchema#string>
        ;\n\tfedora:uuid \"ed53d0b1-9957-4942-928f-ddba7d0126a8\"^^<http://www.w3.org/2001/XMLSchema#string>
        ;\n\tfedora:createdBy \"bypassAdmin\"^^<http://www.w3.org/2001/XMLSchema#string>
        ;\n\tfedora:primaryType \"nt:folder\"^^<http://www.w3.org/2001/XMLSchema#string>
        ;\n\tfedora:created \"2015-07-20T17:55:01.817Z\"^^<http://www.w3.org/2001/XMLSchema#dateTime>
        ;\n\ttriannon:externalReference <http://images.com/huge> ;\n\tfedora:mixinTypes
        \"dcmitype:Image\"^^<http://www.w3.org/2001/XMLSchema#string> , \"fedora:Resource\"^^<http://www.w3.org/2001/XMLSchema#string>
        ;\n\tfedora:lastModified \"2015-07-20T17:55:01.817Z\"^^<http://www.w3.org/2001/XMLSchema#dateTime>
        .\n\n<http://localhost:8983/fedora/rest/anno/ldpwprotspec/2f/c0/5c/46/2fc05c46-634b-4eba-a54f-229b16b7e273/t/d6/25/fa/34/d625fa34-da43-4119-a16b-f51b2dca199a#item1>
        a <http://www.jcp.org/jcr/nt/1.0folder> , <http://www.jcp.org/jcr/nt/1.0hierarchyNode>
        , <http://www.jcp.org/jcr/nt/1.0base> , <http://www.jcp.org/jcr/mix/1.0created>
        , dcmitype:Image , fedora:Resource , <http://www.jcp.org/jcr/mix/1.0created>
        , <http://www.jcp.org/jcr/mix/1.0lastModified> , <http://www.jcp.org/jcr/mix/1.0referenceable>
        ;\n\tfedora:lastModifiedBy \"bypassAdmin\"^^<http://www.w3.org/2001/XMLSchema#string>
        ;\n\tfedora:uuid \"dc147feb-9cb4-4a2e-8617-59287cec6c55\"^^<http://www.w3.org/2001/XMLSchema#string>
        ;\n\tfedora:createdBy \"bypassAdmin\"^^<http://www.w3.org/2001/XMLSchema#string>
        ;\n\tfedora:primaryType \"nt:folder\"^^<http://www.w3.org/2001/XMLSchema#string>
        ;\n\tfedora:created \"2015-07-20T17:55:01.817Z\"^^<http://www.w3.org/2001/XMLSchema#dateTime>
        ;\n\ttriannon:externalReference <http://images.com/large> ;\n\tfedora:mixinTypes
        \"dcmitype:Image\"^^<http://www.w3.org/2001/XMLSchema#string> , \"fedora:Resource\"^^<http://www.w3.org/2001/XMLSchema#string>
        ;\n\tfedora:lastModified \"2015-07-20T17:55:01.817Z\"^^<http://www.w3.org/2001/XMLSchema#dateTime>
        .\n\n<http://localhost:8983/fedora/rest/anno/ldpwprotspec/2f/c0/5c/46/2fc05c46-634b-4eba-a54f-229b16b7e273/t/d6/25/fa/34/d625fa34-da43-4119-a16b-f51b2dca199a#default>
        a <http://www.jcp.org/jcr/nt/1.0folder> , <http://www.jcp.org/jcr/nt/1.0hierarchyNode>
        , <http://www.jcp.org/jcr/nt/1.0base> , <http://www.jcp.org/jcr/mix/1.0created>
        , dcmitype:Image , fedora:Resource , <http://www.jcp.org/jcr/mix/1.0created>
        , <http://www.jcp.org/jcr/mix/1.0lastModified> , <http://www.jcp.org/jcr/mix/1.0referenceable>
        ;\n\tfedora:lastModifiedBy \"bypassAdmin\"^^<http://www.w3.org/2001/XMLSchema#string>
        ;\n\tfedora:uuid \"be22f812-024d-44d4-bcd3-956fe48638f6\"^^<http://www.w3.org/2001/XMLSchema#string>
        ;\n\tfedora:createdBy \"bypassAdmin\"^^<http://www.w3.org/2001/XMLSchema#string>
        ;\n\tfedora:primaryType \"nt:folder\"^^<http://www.w3.org/2001/XMLSchema#string>
        ;\n\tfedora:created \"2015-07-20T17:55:01.817Z\"^^<http://www.w3.org/2001/XMLSchema#dateTime>
        ;\n\ttriannon:externalReference <http://images.com/small> ;\n\tfedora:mixinTypes
        \"dcmitype:Image\"^^<http://www.w3.org/2001/XMLSchema#string> , \"fedora:Resource\"^^<http://www.w3.org/2001/XMLSchema#string>
        ;\n\tfedora:lastModified \"2015-07-20T17:55:01.817Z\"^^<http://www.w3.org/2001/XMLSchema#dateTime>
        .\n\n<http://localhost:8983/fedora/rest/anno/ldpwprotspec/2f/c0/5c/46/2fc05c46-634b-4eba-a54f-229b16b7e273/t/d6/25/fa/34/d625fa34-da43-4119-a16b-f51b2dca199a/fcr:export?format=jcr/xml>
        dc11:format <http://fedora.info/definitions/v4/repository#jcr/xml> .\n\n<http://localhost:8983/fedora/rest/anno/ldpwprotspec/2f/c0/5c/46/2fc05c46-634b-4eba-a54f-229b16b7e273/t/d6/25/fa/34/d625fa34-da43-4119-a16b-f51b2dca199a>
        fedora:exportsAs <http://localhost:8983/fedora/rest/anno/ldpwprotspec/2f/c0/5c/46/2fc05c46-634b-4eba-a54f-229b16b7e273/t/d6/25/fa/34/d625fa34-da43-4119-a16b-f51b2dca199a/fcr:export?format=jcr/xml>
        .\n\n<http://fedora.info/definitions/v4/repository#jcr/xml> rdfs:label \"jcr/xml\"^^<http://www.w3.org/2001/XMLSchema#string>
        .\n"
    http_version: 
  recorded_at: Mon, 20 Jul 2015 17:55:01 GMT
recorded_with: VCR 2.9.3
